Mono path[0] = 'C:/Users/matth/Documents/GitHub/TumbangPreso-Unity-validation/Builds/network-fixture-v43/TumbangPreso_Data/Managed'
Mono config path = 'C:/Users/matth/Documents/GitHub/TumbangPreso-Unity-validation/Builds/network-fixture-v43/MonoBleedingEdge/etc'
CodeReloadManager initialized
Input System module state changed to: Initialized.
[Physics::Module] Initialized fallback backend.
[Physics::Module] Id: 0xdecafbad
Initialize engine version: 6000.5.8f1 (5cb7df797b7d)
[Subsystems] Discovering subsystems at path C:/Users/matth/Documents/GitHub/TumbangPreso-Unity-validation/Builds/network-fixture-v43/TumbangPreso_Data/UnitySubsystems
GfxDevice: creating device client; kGfxThreadingModeNonThreaded
d3d12: failed to query info queue interface (0x80004002).
Direct3D:
    Version:         Direct3D 12 [level 12.2]
    Renderer:        AMD Radeon RX 6600 (ID=0x73ff)
    Vendor:          ATI
    VRAM:            8147 MB
    App VRAM Budget: 7379 MB
    Driver:          32.0.21043.19003
Begin MonoManager ReloadAssembly
- Finished resetting the current domain, in  0.320 seconds
[Physics::Module] Selected backend.
[Physics::Module] Name: PhysX
[Physics::Module] Id: 0xf2b8ea05
[Physics::Module] SDK Version: 4.1.2
[Physics::Module] Integration Version: 1.0.0
[Physics::Module] Threading Mode: Multi-Threaded
D3D11 device created for Microsoft Media Foundation video decoding.
[Audio] loaded 129 of 129 cues.
[NetIdentity] UGS sign-in is disabled in batch mode. LAN hosting and joining are unaffected.
UnloadTime: 3.138100 ms
[Build] TUMBANG PRESO 1.0.0 | db9761260600+dirty | protocol 48 | StandaloneWindows64
[NetIdentity] UGS sign-in is disabled in batch mode. LAN hosting and joining are unaffected.
[Net] connecting to 127.0.0.1:8970
[NetBoot] join requested to 127.0.0.1:8970: connecting
Unloading 6 Unused Serialized files (Serialized files now loaded: 0)
[RequestSafetyProbe] state local=0 networked=True rpc=True round=0 active=False inProgress=False warmup=False timeLeft=90.00 seat1=False kit=False canAct=
[Social] presence not written: Singleton is not initialized. Please call UnityServices.InitializeAsync() to initialize.
UnloadTime: 3.215700 ms
Unloading 34 unused Assets to reduce memory usage. Loaded Objects now: 8377.
Total: 2.338900 ms (FindLiveObjects: 0.309600 ms CreateObjectMapping: 0.415400 ms MarkObjects: 1.487800 ms  DeleteObjects: 0.125800 ms)

[Env] 'Unlit/Transparent' has no colour property this pass knows; that surface keeps the kit's own colour.
[Env] repainted 220 of 944 renderers, 135 with a roof variant.
[NearFade] 1168 occluder nodes matched, 235 renderers moved onto TumbangPreso/NearFade.
[NetSeat] arena installed: LocalSlot=0 spectator=False host=False allBots=False | s0:reader+sim+live+act | s1:-+bot+live+act | s2:-+bot+live+act | s3:-+bot+live+act
[RequestSafetyProbe] state local=0 networked=True rpc=True round=0 active=False inProgress=False warmup=False timeLeft=30.00 seat1=True kit=True canAct=True
[Link] Good at 50 ms round trip (client).
[Net] connected
[Net] connected as seat 2
[NetSeat] seat changed: LocalSlot=1 spectator=False host=False allBots=False | s0:reader(OFF)+live+act | s1:reader+sim+bot+live+act | s2:-+bot+live+act | s3:-+bot+live+act
[RequestSafetyProbe] state local=1 networked=True rpc=True round=0 active=False inProgress=False warmup=False timeLeft=30.00 seat1=True kit=True canAct=True
[NetAuto] READY submitted from a client peer.
[RequestSafetyProbe] state local=1 networked=True rpc=True round=0 active=False inProgress=False warmup=False timeLeft=30.00 seat1=True kit=True canAct=True
[RequestSafetyProbe] state local=1 networked=True rpc=True round=0 active=False inProgress=False warmup=False timeLeft=30.00 seat1=True kit=True canAct=True
[RequestSafetyProbe] state local=1 networked=True rpc=True round=0 active=False inProgress=False warmup=False timeLeft=30.00 seat1=True kit=True canAct=True
[RequestSafetyIdentity] match=1 round=1 elapsed=0.100 kit=zack characterPick=3 lobbyPick=0 mode=HeroStrike identity=-420327030 previous=0
[RequestSafetyProbe] state local=1 networked=True rpc=True round=1 active=True inProgress=True warmup=False timeLeft=29.66 seat1=True kit=True canAct=True
[Slice] round 1 begins, taya is seat 0
[RequestSafetyProbe] state local=1 networked=True rpc=True round=1 active=True inProgress=True warmup=False timeLeft=28.68 seat1=True kit=True canAct=True
[RequestSafetyProbe] state local=1 networked=True rpc=True round=1 active=True inProgress=True warmup=False timeLeft=27.66 seat1=True kit=True canAct=True
[RequestSafetyProbe] state local=1 networked=True rpc=True round=1 active=True inProgress=True warmup=False timeLeft=26.66 seat1=True kit=True canAct=True
[RequestSafetyProbe] state local=1 networked=True rpc=True round=1 active=True inProgress=True warmup=False timeLeft=25.64 seat1=True kit=True canAct=True
[RequestSafetyProbe] local=1 round=1 elapsed=0.000 staged
[RequestSafetyIdentity] match=1 round=1 elapsed=4.660 kit=dante characterPick=0 lobbyPick=0 mode=HeroStrike identity=1747192522 previous=-420327030
[RequestSafetyProbe] state local=1 networked=True rpc=True round=1 active=True inProgress=True warmup=False timeLeft=24.64 seat1=True kit=True canAct=True
[RequestSafetyProbe] state local=1 networked=True rpc=True round=1 active=True inProgress=True warmup=False timeLeft=23.64 seat1=True kit=True canAct=True
[RequestSafetyProbe] local=1 round=1 elapsed=7.000 stale-seat grab claiming seat 2
[RequestSafetyProbe] state local=1 networked=True rpc=True round=1 active=True inProgress=True warmup=False timeLeft=22.64 seat1=True kit=True canAct=True
[RequestSafetyProbe] local=1 round=1 elapsed=8.000 duplicate grab x2
[RequestSafetyProbe] state local=1 networked=True rpc=True round=1 active=True inProgress=True warmup=False timeLeft=21.64 seat1=True kit=True canAct=True
[RequestSafetyProbe] state local=1 networked=True rpc=True round=1 active=True inProgress=True warmup=False timeLeft=20.64 seat1=True kit=True canAct=True
[RequestSafetyProbe] local=1 round=1 elapsed=10.000 duplicate throw x2
[RequestSafetyProbe] state local=1 networked=True rpc=True round=1 active=True inProgress=True warmup=False timeLeft=19.64 seat1=True kit=True canAct=True
[RequestSafetyProbe] state local=1 networked=True rpc=True round=1 active=True inProgress=True warmup=False timeLeft=18.64 seat1=True kit=True canAct=True
[RequestSafetyProbe] local=1 round=1 elapsed=11.500 stale-seat shove claiming seat 2
[RequestSafetyProbe] local=1 round=1 elapsed=12.000 wrong-role punch as attacker
[VerbDenied] taken Punch seat 1: 1 so far.
[RequestSafetyProbe] state local=1 networked=True rpc=True round=1 active=True inProgress=True warmup=False timeLeft=17.64 seat1=True kit=True canAct=True
[RequestSafetyProbe] local=1 round=1 elapsed=13.000 duplicate shove x2
[VerbDenied] taken Shove seat 1: 1 so far.
[RequestSafetyProbe] state local=1 networked=True rpc=True round=1 active=True inProgress=True warmup=False timeLeft=16.64 seat1=True kit=True canAct=True
[RequestSafetyProbe] state local=1 networked=True rpc=True round=1 active=True inProgress=True warmup=False timeLeft=15.64 seat1=True kit=True canAct=True
[RequestSafetyProbe] state local=1 networked=True rpc=True round=1 active=True inProgress=True warmup=False timeLeft=14.64 seat1=True kit=True canAct=True
[RequestSafetyProbe] state local=1 networked=True rpc=True round=1 active=True inProgress=True warmup=False timeLeft=13.64 seat1=True kit=True canAct=True
[RequestSafetyProbe] local=1 round=1 elapsed=17.000 duplicate slide x2
[VerbDenied] taken Slide seat 1: 1 so far.
[RequestSafetyProbe] state local=1 networked=True rpc=True round=1 active=True inProgress=True warmup=False timeLeft=12.62 seat1=True kit=True canAct=True
[RequestSafetyProbe] state local=1 networked=True rpc=True round=1 active=True inProgress=True warmup=False timeLeft=11.62 seat1=True kit=True canAct=True
[RequestSafetyProbe] state local=1 networked=True rpc=True round=1 active=True inProgress=True warmup=False timeLeft=10.62 seat1=True kit=True canAct=True
[RequestSafetyProbe] local=1 round=1 elapsed=19.500 duplicate carapace cast x2
[RequestSafetyProbe] state local=1 networked=True rpc=True round=1 active=True inProgress=True warmup=False timeLeft=9.62 seat1=True kit=True canAct=True
[RequestSafetyProbe] local=1 round=1 elapsed=21.000 stomp cast x3 in one frame
[RequestSafetyProbe] state local=1 networked=True rpc=True round=1 active=True inProgress=True warmup=False timeLeft=8.62 seat1=True kit=True canAct=True
[RequestSafetyProbe] state local=1 networked=True rpc=True round=1 active=True inProgress=True warmup=False timeLeft=7.62 seat1=True kit=True canAct=True
[RequestSafetyProbe] local=1 round=1 elapsed=22.501 stomp cast 4 after windup
[RequestSafetyProbe] state local=1 networked=True rpc=True round=1 active=True inProgress=True warmup=False timeLeft=6.62 seat1=True kit=True canAct=True
[RequestSafetyProbe] local=1 round=1 elapsed=24.001 stomp cast 5 with no charge
[RequestSafetyProbe] state local=1 networked=True rpc=True round=1 active=True inProgress=True warmup=False timeLeft=5.62 seat1=True kit=True canAct=True
[RequestSafetyProbe] state local=1 networked=True rpc=True round=1 active=True inProgress=True warmup=False timeLeft=4.62 seat1=True kit=True canAct=True
[RequestSafetyProbe] state local=1 networked=True rpc=True round=1 active=True inProgress=True warmup=False timeLeft=3.62 seat1=True kit=True canAct=True
[RequestSafetyProbe] state local=1 networked=True rpc=True round=1 active=True inProgress=True warmup=False timeLeft=2.62 seat1=True kit=True canAct=True
[RequestSafetyProbe] state local=1 networked=True rpc=True round=1 active=True inProgress=True warmup=False timeLeft=1.62 seat1=True kit=True canAct=True
[RequestSafetyProbe] state local=1 networked=True rpc=True round=1 active=True inProgress=True warmup=False timeLeft=0.62 seat1=True kit=True canAct=True
[RequestSafetyProbe] local=1 round=1 elapsed=29.901 duplicate throw at the round boundary
[RequestSafetyProbe] state local=1 networked=True rpc=True round=1 active=False inProgress=True warmup=True timeLeft=0.00 seat1=True kit=True canAct=False
[RequestSafetyProbe] state local=1 networked=True rpc=True round=1 active=False inProgress=True warmup=True timeLeft=0.00 seat1=True kit=True canAct=False
[RequestSafetyProbe] state local=1 networked=True rpc=True round=1 active=False inProgress=True warmup=True timeLeft=0.00 seat1=True kit=True canAct=False
[RequestSafetyProbe] state local=1 networked=True rpc=True round=2 active=True inProgress=True warmup=False timeLeft=29.60 seat1=True kit=True canAct=True
[RequestSafetyProbe] state local=1 networked=True rpc=True round=2 active=True inProgress=True warmup=False timeLeft=28.58 seat1=True kit=True canAct=True
[RequestSafetyProbe] state local=1 networked=True rpc=True round=2 active=True inProgress=True warmup=False timeLeft=27.58 seat1=True kit=True canAct=True
[RequestSafetyProbe] state local=1 networked=True rpc=True round=2 active=True inProgress=True warmup=False timeLeft=26.58 seat1=True kit=True canAct=True
[RequestSafetyProbe] state local=1 networked=True rpc=True round=2 active=True inProgress=True warmup=False timeLeft=25.58 seat1=True kit=True canAct=True
[RequestSafetyProbe] local=1 round=2 elapsed=0.000 staged
[RequestSafetyIdentity] match=1 round=2 elapsed=4.500 kit=dante characterPick=0 lobbyPick=0 mode=HeroStrike identity=620282980 previous=1747192522
[RequestSafetyProbe] state local=1 networked=True rpc=True round=2 active=True inProgress=True warmup=False timeLeft=24.58 seat1=True kit=True canAct=True
[RequestSafetyProbe] state local=1 networked=True rpc=True round=2 active=True inProgress=True warmup=False timeLeft=23.58 seat1=True kit=True canAct=True
[RequestSafetyProbe] local=1 round=2 elapsed=7.000 duplicate punch x2
[RequestSafetyProbe] state local=1 networked=True rpc=True round=2 active=True inProgress=True warmup=False timeLeft=22.64 seat1=True kit=True canAct=True
[RequestSafetyProbe] state local=1 networked=True rpc=True round=2 active=True inProgress=True warmup=False timeLeft=21.64 seat1=True kit=True canAct=True
[RequestSafetyProbe] local=1 round=2 elapsed=9.000 duplicate lunge x2
[VerbDenied] taken Lunge seat 1: 1 so far.
[RequestSafetyProbe] state local=1 networked=True rpc=True round=2 active=True inProgress=True warmup=False timeLeft=20.64 seat1=True kit=True canAct=True
[RequestSafetyProbe] state local=1 networked=True rpc=True round=2 active=True inProgress=True warmup=False timeLeft=19.64 seat1=True kit=True canAct=True
[RequestSafetyProbe] local=1 round=2 elapsed=11.000 wrong-role shove as taya
[RequestSafetyProbe] state local=1 networked=True rpc=True round=2 active=True inProgress=True warmup=False timeLeft=18.62 seat1=True kit=True canAct=True
[RequestSafetyProbe] local=1 round=2 elapsed=12.000 stale-seat punch claiming seat 0
[RequestSafetyProbe] state local=1 networked=True rpc=True round=2 active=True inProgress=True warmup=False timeLeft=17.64 seat1=True kit=True canAct=True
[RequestSafetyProbe] state local=1 networked=True rpc=True round=2 active=True inProgress=True warmup=False timeLeft=16.62 seat1=True kit=True canAct=True
[RequestSafetyProbe] local=1 round=2 elapsed=14.000 legitimate punch input
[RequestSafetyProbe] state local=1 networked=True rpc=True round=2 active=True inProgress=True warmup=False timeLeft=15.62 seat1=True kit=True canAct=True
[RequestSafetyProbe] state local=1 networked=True rpc=True round=2 active=True inProgress=True warmup=False timeLeft=14.62 seat1=True kit=True canAct=True
[RequestSafetyProbe] local=1 round=2 elapsed=16.000 legitimate lunge input
[RequestSafetyProbe] state local=1 networked=True rpc=True round=2 active=True inProgress=True warmup=False timeLeft=13.62 seat1=True kit=True canAct=True
[RequestSafetyProbe] state local=1 networked=True rpc=True round=2 active=True inProgress=True warmup=False timeLeft=12.62 seat1=True kit=True canAct=True
[RequestSafetyProbe] state local=1 networked=True rpc=True round=2 active=True inProgress=True warmup=False timeLeft=11.62 seat1=True kit=True canAct=True
[RequestSafetyProbe] local=1 round=2 elapsed=19.000 legitimate stomp input
[RequestSafetyProbe] state local=1 networked=True rpc=True round=2 active=True inProgress=True warmup=False timeLeft=10.62 seat1=True kit=True canAct=True
[RequestSafetyProbe] state local=1 networked=True rpc=True round=2 active=True inProgress=True warmup=False timeLeft=9.62 seat1=True kit=True canAct=True
[RequestSafetyProbe] state local=1 networked=True rpc=True round=2 active=True inProgress=True warmup=False timeLeft=8.62 seat1=True kit=True canAct=True
[RequestSafetyProbe] state local=1 networked=True rpc=True round=2 active=True inProgress=True warmup=False timeLeft=7.62 seat1=True kit=True canAct=True
[RequestSafetyProbe] state local=1 networked=True rpc=True round=2 active=True inProgress=True warmup=False timeLeft=6.62 seat1=True kit=True canAct=True
[RequestSafetyProbe] state local=1 networked=True rpc=True round=2 active=True inProgress=True warmup=False timeLeft=5.62 seat1=True kit=True canAct=True
[RequestSafetyProbe] state local=1 networked=True rpc=True round=2 active=True inProgress=True warmup=False timeLeft=4.62 seat1=True kit=True canAct=True
[RequestSafetyProbe] state local=1 networked=True rpc=True round=2 active=True inProgress=True warmup=False timeLeft=3.60 seat1=True kit=True canAct=True
[RequestSafetyProbe] state local=1 networked=True rpc=True round=2 active=True inProgress=True warmup=False timeLeft=2.60 seat1=True kit=True canAct=True
[RequestSafetyProbe] state local=1 networked=True rpc=True round=2 active=True inProgress=True warmup=False timeLeft=1.60 seat1=True kit=True canAct=True
[RequestSafetyProbe] state local=1 networked=True rpc=True round=2 active=True inProgress=True warmup=False timeLeft=0.60 seat1=True kit=True canAct=True
[RequestSafetyProbe] state local=1 networked=True rpc=True round=2 active=True inProgress=True warmup=False timeLeft=0.00 seat1=True kit=True canAct=True
[Slice] match over. scores: 290 / 390 / 0 / 0. seat 1 wins
[NetAuto] REMATCH vote submitted from the result board.
Unloading 6 Unused Serialized files (Serialized files now loaded: 0)
UnloadTime: 13.435400 ms
Unloading 551 unused Assets to reduce memory usage. Loaded Objects now: 9742.
Total: 6.536300 ms (FindLiveObjects: 0.686600 ms CreateObjectMapping: 1.565400 ms MarkObjects: 3.518800 ms  DeleteObjects: 0.765100 ms)

[NetSeat] arena installed: LocalSlot=1 spectator=False host=False allBots=False | s0:-+live+act | s1:reader+sim+live+act | s2:-+bot+live+act | s3:-+bot+live+act
[Env] repainted 524 of 798 renderers, 108 with a roof variant.
[NearFade] 910 occluder nodes matched, 584 renderers moved onto TumbangPreso/NearFade.
[RequestSafetyProbe] state local=1 networked=True rpc=True round=0 active=False inProgress=False warmup=False timeLeft=30.00 seat1=True kit=True canAct=True
[NetAuto] READY submitted from a client peer.
[RequestSafetyProbe] state local=1 networked=True rpc=True round=0 active=False inProgress=False warmup=False timeLeft=30.00 seat1=True kit=True canAct=True
[RequestSafetyProbe] state local=1 networked=True rpc=True round=0 active=False inProgress=False warmup=False timeLeft=30.00 seat1=True kit=True canAct=True
[RequestSafetyProbe] state local=1 networked=True rpc=True round=0 active=False inProgress=False warmup=False timeLeft=30.00 seat1=True kit=True canAct=True
[Slice] round 1 begins, taya is seat 0
[RequestSafetyIdentity] match=2 round=1 elapsed=0.000 kit=dante characterPick=0 lobbyPick=0 mode=HeroStrike identity=2026562194 previous=620282980
[NetAuto] REMATCH began after the peer vote.
[RequestSafetyProbe] state local=1 networked=True rpc=True round=1 active=True inProgress=True warmup=False timeLeft=29.96 seat1=True kit=True canAct=True
[RequestSafetyProbe] state local=1 networked=True rpc=True round=1 active=True inProgress=True warmup=False timeLeft=28.94 seat1=True kit=True canAct=True
[RequestSafetyProbe] state local=1 networked=True rpc=True round=1 active=True inProgress=True warmup=False timeLeft=27.94 seat1=True kit=True canAct=True
[RequestSafetyProbe] state local=1 networked=True rpc=True round=1 active=True inProgress=True warmup=False timeLeft=26.94 seat1=True kit=True canAct=True
[RequestSafetyProbe] state local=1 networked=True rpc=True round=1 active=True inProgress=True warmup=False timeLeft=25.94 seat1=True kit=True canAct=True
[RequestSafetyProbe] local=1 round=1 elapsed=0.000 staged
[RequestSafetyIdentity] match=2 round=1 elapsed=4.500 kit=dante characterPick=0 lobbyPick=0 mode=HeroStrike identity=1747192522 previous=2026562194
[RequestSafetyProbe] state local=1 networked=True rpc=True round=1 active=True inProgress=True warmup=False timeLeft=24.94 seat1=True kit=True canAct=True
[RequestSafetyProbe] state local=1 networked=True rpc=True round=1 active=True inProgress=True warmup=False timeLeft=23.94 seat1=True kit=True canAct=True
[RequestSafetyProbe] local=1 round=1 elapsed=7.000 stale-seat grab claiming seat 2
[RequestSafetyProbe] state local=1 networked=True rpc=True round=1 active=True inProgress=True warmup=False timeLeft=22.94 seat1=True kit=True canAct=True
[RequestSafetyProbe] local=1 round=1 elapsed=8.000 duplicate grab x2
[RequestSafetyProbe] state local=1 networked=True rpc=True round=1 active=True inProgress=True warmup=False timeLeft=21.94 seat1=True kit=True canAct=True
[RequestSafetyProbe] state local=1 networked=True rpc=True round=1 active=True inProgress=True warmup=False timeLeft=20.94 seat1=True kit=True canAct=True
[RequestSafetyProbe] local=1 round=1 elapsed=10.000 duplicate throw x2
[RequestSafetyProbe] state local=1 networked=True rpc=True round=1 active=True inProgress=True warmup=False timeLeft=19.94 seat1=True kit=True canAct=True
[RequestSafetyProbe] state local=1 networked=True rpc=True round=1 active=True inProgress=True warmup=False timeLeft=18.94 seat1=True kit=True canAct=True
[RequestSafetyProbe] local=1 round=1 elapsed=11.500 stale-seat shove claiming seat 2
[RequestSafetyProbe] local=1 round=1 elapsed=12.000 wrong-role punch as attacker
[RequestSafetyProbe] state local=1 networked=True rpc=True round=1 active=True inProgress=True warmup=False timeLeft=17.90 seat1=True kit=True canAct=True
[RequestSafetyProbe] local=1 round=1 elapsed=13.000 duplicate shove x2
[RequestSafetyProbe] state local=1 networked=True rpc=True round=1 active=True inProgress=True warmup=False timeLeft=16.92 seat1=True kit=True canAct=True
[RequestSafetyProbe] state local=1 networked=True rpc=True round=1 active=True inProgress=True warmup=False timeLeft=15.92 seat1=True kit=True canAct=True
[RequestSafetyProbe] state local=1 networked=True rpc=True round=1 active=True inProgress=True warmup=False timeLeft=14.92 seat1=True kit=True canAct=True
[RequestSafetyProbe] state local=1 networked=True rpc=True round=1 active=True inProgress=True warmup=False timeLeft=13.92 seat1=True kit=True canAct=True
[RequestSafetyProbe] local=1 round=1 elapsed=17.000 duplicate slide x2
[RequestSafetyProbe] state local=1 networked=True rpc=True round=1 active=True inProgress=True warmup=False timeLeft=12.92 seat1=True kit=True canAct=True
[RequestSafetyProbe] state local=1 networked=True rpc=True round=1 active=True inProgress=True warmup=False timeLeft=11.92 seat1=True kit=True canAct=True
[RequestSafetyProbe] state local=1 networked=True rpc=True round=1 active=True inProgress=True warmup=False timeLeft=10.92 seat1=True kit=True canAct=True
[RequestSafetyProbe] local=1 round=1 elapsed=19.500 duplicate carapace cast x2
[RequestSafetyProbe] state local=1 networked=True rpc=True round=1 active=True inProgress=True warmup=False timeLeft=9.92 seat1=True kit=True canAct=True
[RequestSafetyProbe] local=1 round=1 elapsed=21.000 stomp cast x3 in one frame
[RequestSafetyProbe] state local=1 networked=True rpc=True round=1 active=True inProgress=True warmup=False timeLeft=8.94 seat1=True kit=True canAct=True
[RequestSafetyProbe] state local=1 networked=True rpc=True round=1 active=True inProgress=True warmup=False timeLeft=7.92 seat1=True kit=True canAct=True
[RequestSafetyProbe] local=1 round=1 elapsed=22.501 stomp cast 4 after windup
[RequestSafetyProbe] state local=1 networked=True rpc=True round=1 active=True inProgress=True warmup=False timeLeft=6.92 seat1=True kit=True canAct=True
[RequestSafetyProbe] local=1 round=1 elapsed=24.001 stomp cast 5 with no charge
[RequestSafetyProbe] state local=1 networked=True rpc=True round=1 active=True inProgress=True warmup=False timeLeft=5.92 seat1=True kit=True canAct=True
[RequestSafetyProbe] state local=1 networked=True rpc=True round=1 active=True inProgress=True warmup=False timeLeft=4.92 seat1=True kit=True canAct=True
[RequestSafetyProbe] state local=1 networked=True rpc=True round=1 active=True inProgress=True warmup=False timeLeft=3.92 seat1=True kit=True canAct=True
[RequestSafetyProbe] state local=1 networked=True rpc=True round=1 active=True inProgress=True warmup=False timeLeft=2.90 seat1=True kit=True canAct=True
[RequestSafetyProbe] state local=1 networked=True rpc=True round=1 active=True inProgress=True warmup=False timeLeft=1.90 seat1=True kit=True canAct=True
[RequestSafetyProbe] state local=1 networked=True rpc=True round=1 active=True inProgress=True warmup=False timeLeft=0.90 seat1=True kit=True canAct=True
[RequestSafetyProbe] local=1 round=1 elapsed=29.901 duplicate throw at the round boundary
[RequestSafetyProbe] state local=1 networked=True rpc=True round=1 active=True inProgress=True warmup=False timeLeft=0.00 seat1=True kit=True canAct=True
[RequestSafetyProbe] state local=1 networked=True rpc=True round=1 active=False inProgress=True warmup=True timeLeft=0.00 seat1=True kit=True canAct=False
[RequestSafetyProbe] state local=1 networked=True rpc=True round=1 active=False inProgress=True warmup=True timeLeft=0.00 seat1=True kit=True canAct=False
[RequestSafetyProbe] state local=1 networked=True rpc=True round=2 active=True inProgress=True warmup=False timeLeft=29.88 seat1=True kit=True canAct=True
[RequestSafetyProbe] state local=1 networked=True rpc=True round=2 active=True inProgress=True warmup=False timeLeft=28.88 seat1=True kit=True canAct=True
[RequestSafetyProbe] state local=1 networked=True rpc=True round=2 active=True inProgress=True warmup=False timeLeft=27.88 seat1=True kit=True canAct=True
[RequestSafetyProbe] state local=1 networked=True rpc=True round=2 active=True inProgress=True warmup=False timeLeft=26.88 seat1=True kit=True canAct=True
[RequestSafetyProbe] state local=1 networked=True rpc=True round=2 active=True inProgress=True warmup=False timeLeft=25.88 seat1=True kit=True canAct=True
[RequestSafetyProbe] local=1 round=2 elapsed=0.000 staged
[RequestSafetyIdentity] match=2 round=2 elapsed=4.500 kit=dante characterPick=0 lobbyPick=0 mode=HeroStrike identity=1886877358 previous=1747192522
[RequestSafetyProbe] state local=1 networked=True rpc=True round=2 active=True inProgress=True warmup=False timeLeft=24.88 seat1=True kit=True canAct=True
[RequestSafetyProbe] state local=1 networked=True rpc=True round=2 active=True inProgress=True warmup=False timeLeft=23.88 seat1=True kit=True canAct=True
[RequestSafetyProbe] local=1 round=2 elapsed=7.000 duplicate punch x2
[RequestSafetyProbe] state local=1 networked=True rpc=True round=2 active=True inProgress=True warmup=False timeLeft=22.88 seat1=True kit=True canAct=True
[RequestSafetyProbe] state local=1 networked=True rpc=True round=2 active=True inProgress=True warmup=False timeLeft=21.86 seat1=True kit=True canAct=True
[RequestSafetyProbe] local=1 round=2 elapsed=9.000 duplicate lunge x2
[RequestSafetyProbe] state local=1 networked=True rpc=True round=2 active=True inProgress=True warmup=False timeLeft=20.92 seat1=True kit=True canAct=True
[RequestSafetyProbe] state local=1 networked=True rpc=True round=2 active=True inProgress=True warmup=False timeLeft=19.94 seat1=True kit=True canAct=True
[RequestSafetyProbe] local=1 round=2 elapsed=11.000 wrong-role shove as taya
[RequestSafetyProbe] state local=1 networked=True rpc=True round=2 active=True inProgress=True warmup=False timeLeft=18.94 seat1=True kit=True canAct=True
[RequestSafetyProbe] local=1 round=2 elapsed=12.000 stale-seat punch claiming seat 0
[RequestSafetyProbe] state local=1 networked=True rpc=True round=2 active=True inProgress=True warmup=False timeLeft=17.94 seat1=True kit=True canAct=True
[RequestSafetyProbe] state local=1 networked=True rpc=True round=2 active=True inProgress=True warmup=False timeLeft=16.92 seat1=True kit=True canAct=True
[RequestSafetyProbe] local=1 round=2 elapsed=14.000 legitimate punch input
[RequestSafetyProbe] state local=1 networked=True rpc=True round=2 active=True inProgress=True warmup=False timeLeft=15.92 seat1=True kit=True canAct=True
[RequestSafetyProbe] state local=1 networked=True rpc=True round=2 active=True inProgress=True warmup=False timeLeft=14.94 seat1=True kit=True canAct=True
[RequestSafetyProbe] local=1 round=2 elapsed=16.000 legitimate lunge input
[RequestSafetyProbe] state local=1 networked=True rpc=True round=2 active=True inProgress=True warmup=False timeLeft=13.94 seat1=True kit=True canAct=True
[RequestSafetyProbe] state local=1 networked=True rpc=True round=2 active=True inProgress=True warmup=False timeLeft=12.92 seat1=True kit=True canAct=True
[RequestSafetyProbe] state local=1 networked=True rpc=True round=2 active=True inProgress=True warmup=False timeLeft=11.92 seat1=True kit=True canAct=True
[RequestSafetyProbe] local=1 round=2 elapsed=19.000 legitimate stomp input
[RequestSafetyProbe] state local=1 networked=True rpc=True round=2 active=True inProgress=True warmup=False timeLeft=10.94 seat1=True kit=True canAct=True
[RequestSafetyProbe] state local=1 networked=True rpc=True round=2 active=True inProgress=True warmup=False timeLeft=9.90 seat1=True kit=True canAct=True
[RequestSafetyProbe] state local=1 networked=True rpc=True round=2 active=True inProgress=True warmup=False timeLeft=8.90 seat1=True kit=True canAct=True
[RequestSafetyProbe] state local=1 networked=True rpc=True round=2 active=True inProgress=True warmup=False timeLeft=7.92 seat1=True kit=True canAct=True
[RequestSafetyProbe] state local=1 networked=True rpc=True round=2 active=True inProgress=True warmup=False timeLeft=6.90 seat1=True kit=True canAct=True
[NetDisconnect] peer=1 local=1 server=False connected=True
[Net] disconnected: [Disconnect Event][Client-1][TransportClientId-4294967296][ClosedByRemote] Connection was closed by remote endpoint.
[Abandon] HostLost: ABANDONED at round 2 of 2; this peer may no longer resolve anything
[RequestSafetyProbe] state local=0 networked=True rpc=True round=2 active=True inProgress=True warmup=False timeLeft=5.92 seat1=True kit=True canAct=True
Unloading 4 Unused Serialized files (Serialized files now loaded: 0)
UnloadTime: 7.746800 ms
Unloading 580 unused Assets to reduce memory usage. Loaded Objects now: 6524.
Total: 13.319400 ms (FindLiveObjects: 1.179700 ms CreateObjectMapping: 2.399500 ms MarkObjects: 8.355800 ms  DeleteObjects: 1.383700 ms)

[NetApproval] peer=0 approved=True reason=
[NetArrival] peer=0 seat=0 replaces=-1
[Net] connected as seat 1
[Net] hosting on 8910, join code WTCE
[Link] Unknown at 0 ms round trip (host, worst peer).
[Env] repainted 524 of 798 renderers, 108 with a roof variant.
[NearFade] 910 occluder nodes matched, 584 renderers moved onto TumbangPreso/NearFade.
[Env] repainted 524 of 798 renderers, 108 with a roof variant.
[NearFade] 910 occluder nodes matched, 584 renderers moved onto TumbangPreso/NearFade.
[RequestSafetyProbe] state local=0 networked=True rpc=True round=2 active=True inProgress=True warmup=False timeLeft=5.32 seat1=False kit=False canAct=
[RequestSafetyProbe] state local=0 networked=True rpc=True round=2 active=True inProgress=True warmup=False timeLeft=4.32 seat1=False kit=False canAct=
[RequestSafetyProbe] state local=0 networked=True rpc=True round=2 active=True inProgress=True warmup=False timeLeft=3.32 seat1=False kit=False canAct=
[RequestSafetyProbe] state local=0 networked=True rpc=True round=2 active=True inProgress=True warmup=False timeLeft=2.32 seat1=False kit=False canAct=
[RequestSafetyProbe] state local=0 networked=True rpc=True round=2 active=True inProgress=True warmup=False timeLeft=1.32 seat1=False kit=False canAct=
[RequestSafetyProbe] state local=0 networked=True rpc=True round=2 active=True inProgress=True warmup=False timeLeft=0.32 seat1=False kit=False canAct=
[RequestSafetyProbe] state local=0 networked=True rpc=True round=2 active=False inProgress=False warmup=False timeLeft=0.00 seat1=False kit=False canAct=
[RequestSafetyProbe] state local=0 networked=True rpc=True round=2 active=False inProgress=False warmup=False timeLeft=0.00 seat1=False kit=False canAct=
