Mono path[0] = 'C:/Users/matth/Documents/GitHub/TumbangPreso-Unity-validation/Builds/network-fixture-v43/TumbangPreso_Data/Managed'
Mono config path = 'C:/Users/matth/Documents/GitHub/TumbangPreso-Unity-validation/Builds/network-fixture-v43/MonoBleedingEdge/etc'
CodeReloadManager initialized
Input System module state changed to: Initialized.
[Physics::Module] Initialized fallback backend.
[Physics::Module] Id: 0xdecafbad
Initialize engine version: 6000.5.8f1 (5cb7df797b7d)
[Subsystems] Discovering subsystems at path C:/Users/matth/Documents/GitHub/TumbangPreso-Unity-validation/Builds/network-fixture-v43/TumbangPreso_Data/UnitySubsystems
GfxDevice: creating device client; kGfxThreadingModeNonThreaded
d3d12: failed to query info queue interface (0x80004002).
Direct3D:
    Version:         Direct3D 12 [level 12.2]
    Renderer:        AMD Radeon RX 6600 (ID=0x73ff)
    Vendor:          ATI
    VRAM:            8147 MB
    App VRAM Budget: 7379 MB
    Driver:          32.0.21043.19003
Begin MonoManager ReloadAssembly
- Finished resetting the current domain, in  0.319 seconds
[Physics::Module] Selected backend.
[Physics::Module] Name: PhysX
[Physics::Module] Id: 0xf2b8ea05
[Physics::Module] SDK Version: 4.1.2
[Physics::Module] Integration Version: 1.0.0
[Physics::Module] Threading Mode: Multi-Threaded
D3D11 device created for Microsoft Media Foundation video decoding.
[Audio] loaded 129 of 129 cues.
[NetIdentity] UGS sign-in is disabled in batch mode. LAN hosting and joining are unaffected.
UnloadTime: 3.156600 ms
[Build] TUMBANG PRESO 1.0.0 | db9761260600+dirty | protocol 48 | StandaloneWindows64
[NetIdentity] UGS sign-in is disabled in batch mode. LAN hosting and joining are unaffected.
[NetApproval] peer=0 approved=True reason=
[NetArrival] peer=0 seat=0 replaces=-1
[Net] connected as seat 1
[Net] hosting on 8970, join code 3QPR
[NetBoot] host requested on 8970 dedicated=False: listening
Unloading 6 Unused Serialized files (Serialized files now loaded: 0)
[RequestSafetyProbe] state local=0 networked=True rpc=True round=0 active=False inProgress=False warmup=False timeLeft=90.00 seat1=False kit=False canAct=
[Social] presence not written: Singleton is not initialized. Please call UnityServices.InitializeAsync() to initialize.
UnloadTime: 3.292700 ms
Unloading 34 unused Assets to reduce memory usage. Loaded Objects now: 8377.
Total: 2.778000 ms (FindLiveObjects: 0.539100 ms CreateObjectMapping: 0.485600 ms MarkObjects: 1.632900 ms  DeleteObjects: 0.120000 ms)

[Env] 'Unlit/Transparent' has no colour property this pass knows; that surface keeps the kit's own colour.
[Env] repainted 220 of 944 renderers, 135 with a roof variant.
[NearFade] 1168 occluder nodes matched, 235 renderers moved onto TumbangPreso/NearFade.
[NetSeat] arena installed: LocalSlot=0 spectator=False host=True allBots=False | s0:reader+sim+live+act | s1:-+ai+sim+bot+live+act | s2:-+ai+sim+bot+live+act | s3:-+ai+sim+bot+live+act
[RequestSafetyProbe] state local=0 networked=True rpc=True round=0 active=False inProgress=False warmup=False timeLeft=30.00 seat1=True kit=True canAct=True
[NetApproval] peer=1 approved=True reason=
[NetArrival] peer=1 seat=1 replaces=-1
[RequestSafetyProbe] state local=0 networked=True rpc=True round=0 active=False inProgress=False warmup=False timeLeft=30.00 seat1=True kit=True canAct=True
[Net] 2 connected, seat 1
[Link] Good at 6 ms round trip (host, worst peer).
[NetAuto] READY submitted with 2 playing peers.
[RequestSafetyProbe] state local=0 networked=True rpc=True round=0 active=False inProgress=False warmup=False timeLeft=30.00 seat1=True kit=True canAct=True
[RequestSafetyProbe] state local=0 networked=True rpc=True round=0 active=False inProgress=False warmup=False timeLeft=30.00 seat1=True kit=True canAct=True
[RequestSafetyProbe] state local=0 networked=True rpc=True round=0 active=False inProgress=False warmup=False timeLeft=30.00 seat1=True kit=True canAct=True
[RequestSafetyProbe] state local=0 networked=True rpc=True round=0 active=False inProgress=False warmup=False timeLeft=30.00 seat1=True kit=True canAct=True
[Slice] round 1 begins, taya is seat 0
[RequestSafetyIdentity] match=1 round=1 elapsed=0.040 kit=zack characterPick=3 lobbyPick=0 mode=HeroStrike identity=-1132814412 previous=0
[RequestSafetyProbe] state local=0 networked=True rpc=True round=1 active=True inProgress=True warmup=False timeLeft=29.12 seat1=True kit=True canAct=True
[RequestSafetyProbe] state local=0 networked=True rpc=True round=1 active=True inProgress=True warmup=False timeLeft=28.12 seat1=True kit=True canAct=True
[RequestSafetyProbe] state local=0 networked=True rpc=True round=1 active=True inProgress=True warmup=False timeLeft=27.12 seat1=True kit=True canAct=True
[RequestSafetyProbe] state local=0 networked=True rpc=True round=1 active=True inProgress=True warmup=False timeLeft=26.12 seat1=True kit=True canAct=True
[RequestSafetyProbe] local=0 round=1 elapsed=0.000 staged
[RequestSafetyIdentity] match=1 round=1 elapsed=4.500 kit=dante characterPick=0 lobbyPick=0 mode=HeroStrike identity=1613045216 previous=-1132814412
[RequestSafetyProbe] state local=0 networked=True rpc=True round=1 active=True inProgress=True warmup=False timeLeft=25.12 seat1=True kit=True canAct=True
[RequestSafetyProbe] state local=0 networked=True rpc=True round=1 active=True inProgress=True warmup=False timeLeft=24.12 seat1=True kit=True canAct=True
[RequestSafetyProbe] state local=0 networked=True rpc=True round=1 active=True inProgress=True warmup=False timeLeft=23.12 seat1=True kit=True canAct=True
[RequestSafetyProbe] state local=0 networked=True rpc=True round=1 active=True inProgress=True warmup=False timeLeft=22.12 seat1=True kit=True canAct=True
[RequestSafetyProbe] state local=0 networked=True rpc=True round=1 active=True inProgress=True warmup=False timeLeft=21.12 seat1=True kit=True canAct=True
[RequestSafetyProbe] state local=0 networked=True rpc=True round=1 active=True inProgress=True warmup=False timeLeft=20.10 seat1=True kit=True canAct=True
[RequestSafetyProbe] state local=0 networked=True rpc=True round=1 active=True inProgress=True warmup=False timeLeft=19.10 seat1=True kit=True canAct=True
[RequestSafetyProbe] state local=0 networked=True rpc=True round=1 active=True inProgress=True warmup=False timeLeft=18.10 seat1=True kit=True canAct=True
[VerbDenied] sent Punch seat 1: 1 so far.
[RequestSafetyProbe] state local=0 networked=True rpc=True round=1 active=True inProgress=True warmup=False timeLeft=17.10 seat1=True kit=True canAct=True
[VerbDenied] sent Shove seat 1: 1 so far.
[RequestSafetyProbe] state local=0 networked=True rpc=True round=1 active=True inProgress=True warmup=False timeLeft=16.10 seat1=True kit=True canAct=True
[RequestSafetyProbe] state local=0 networked=True rpc=True round=1 active=True inProgress=True warmup=False timeLeft=15.10 seat1=True kit=True canAct=True
[RequestSafetyProbe] local=0 round=1 elapsed=15.000 host staged slide shoe
[RequestSafetyProbe] state local=0 networked=True rpc=True round=1 active=True inProgress=True warmup=False timeLeft=14.10 seat1=True kit=True canAct=True
[RequestSafetyProbe] state local=0 networked=True rpc=True round=1 active=True inProgress=True warmup=False timeLeft=13.10 seat1=True kit=True canAct=True
[VerbDenied] sent Slide seat 1: 1 so far.
[RequestSafetyProbe] state local=0 networked=True rpc=True round=1 active=True inProgress=True warmup=False timeLeft=12.10 seat1=True kit=True canAct=True
[RequestSafetyProbe] state local=0 networked=True rpc=True round=1 active=True inProgress=True warmup=False timeLeft=11.10 seat1=True kit=True canAct=True
[RequestSafetyProbe] state local=0 networked=True rpc=True round=1 active=True inProgress=True warmup=False timeLeft=10.10 seat1=True kit=True canAct=True
[RequestSafetyProbe] state local=0 networked=True rpc=True round=1 active=True inProgress=True warmup=False timeLeft=9.10 seat1=True kit=True canAct=True
[RequestSafetyProbe] state local=0 networked=True rpc=True round=1 active=True inProgress=True warmup=False timeLeft=8.10 seat1=True kit=True canAct=True
[RequestSafetyProbe] state local=0 networked=True rpc=True round=1 active=True inProgress=True warmup=False timeLeft=7.10 seat1=True kit=True canAct=True
[RequestSafetyProbe] state local=0 networked=True rpc=True round=1 active=True inProgress=True warmup=False timeLeft=6.08 seat1=True kit=True canAct=True
[RequestSafetyProbe] state local=0 networked=True rpc=True round=1 active=True inProgress=True warmup=False timeLeft=5.08 seat1=True kit=True canAct=True
[RequestSafetyProbe] state local=0 networked=True rpc=True round=1 active=True inProgress=True warmup=False timeLeft=4.08 seat1=True kit=True canAct=True
[RequestSafetyProbe] state local=0 networked=True rpc=True round=1 active=True inProgress=True warmup=False timeLeft=3.08 seat1=True kit=True canAct=True
[RequestSafetyProbe] state local=0 networked=True rpc=True round=1 active=True inProgress=True warmup=False timeLeft=2.08 seat1=True kit=True canAct=True
[RequestSafetyProbe] state local=0 networked=True rpc=True round=1 active=True inProgress=True warmup=False timeLeft=1.08 seat1=True kit=True canAct=True
[RequestSafetyProbe] state local=0 networked=True rpc=True round=1 active=True inProgress=True warmup=False timeLeft=0.08 seat1=True kit=True canAct=True
[RequestSafetyProbe] state local=0 networked=True rpc=True round=1 active=False inProgress=True warmup=True timeLeft=0.00 seat1=True kit=True canAct=False
[RequestSafetyProbe] state local=0 networked=True rpc=True round=1 active=False inProgress=True warmup=True timeLeft=0.00 seat1=True kit=True canAct=False
[RequestSafetyProbe] state local=0 networked=True rpc=True round=1 active=False inProgress=True warmup=True timeLeft=0.00 seat1=True kit=True canAct=False
[Slice] round 2 begins, taya is seat 1
[RequestSafetyProbe] state local=0 networked=True rpc=True round=2 active=True inProgress=True warmup=False timeLeft=29.06 seat1=True kit=True canAct=True
[RequestSafetyProbe] state local=0 networked=True rpc=True round=2 active=True inProgress=True warmup=False timeLeft=28.06 seat1=True kit=True canAct=True
[RequestSafetyProbe] state local=0 networked=True rpc=True round=2 active=True inProgress=True warmup=False timeLeft=27.06 seat1=True kit=True canAct=True
[RequestSafetyProbe] state local=0 networked=True rpc=True round=2 active=True inProgress=True warmup=False timeLeft=26.06 seat1=True kit=True canAct=True
[RequestSafetyProbe] local=0 round=2 elapsed=0.000 staged
[RequestSafetyIdentity] match=1 round=2 elapsed=4.500 kit=dante characterPick=0 lobbyPick=0 mode=HeroStrike identity=-1907368246 previous=1613045216
[RequestSafetyProbe] state local=0 networked=True rpc=True round=2 active=True inProgress=True warmup=False timeLeft=25.06 seat1=True kit=True canAct=True
[RequestSafetyProbe] state local=0 networked=True rpc=True round=2 active=True inProgress=True warmup=False timeLeft=24.06 seat1=True kit=True canAct=True
[RequestSafetyProbe] state local=0 networked=True rpc=True round=2 active=True inProgress=True warmup=False timeLeft=23.04 seat1=True kit=True canAct=True
[RequestSafetyProbe] state local=0 networked=True rpc=True round=2 active=True inProgress=True warmup=False timeLeft=22.10 seat1=True kit=True canAct=True
[RequestSafetyProbe] state local=0 networked=True rpc=True round=2 active=True inProgress=True warmup=False timeLeft=21.10 seat1=True kit=True canAct=True
[VerbDenied] sent Lunge seat 1: 1 so far.
[RequestSafetyProbe] state local=0 networked=True rpc=True round=2 active=True inProgress=True warmup=False timeLeft=20.10 seat1=True kit=True canAct=True
[RequestSafetyProbe] state local=0 networked=True rpc=True round=2 active=True inProgress=True warmup=False timeLeft=19.10 seat1=True kit=True canAct=True
[RequestSafetyProbe] state local=0 networked=True rpc=True round=2 active=True inProgress=True warmup=False timeLeft=18.10 seat1=True kit=True canAct=True
[RequestSafetyProbe] state local=0 networked=True rpc=True round=2 active=True inProgress=True warmup=False timeLeft=17.10 seat1=True kit=True canAct=True
[RequestSafetyProbe] state local=0 networked=True rpc=True round=2 active=True inProgress=True warmup=False timeLeft=16.10 seat1=True kit=True canAct=True
[RequestSafetyProbe] state local=0 networked=True rpc=True round=2 active=True inProgress=True warmup=False timeLeft=15.10 seat1=True kit=True canAct=True
[RequestSafetyProbe] state local=0 networked=True rpc=True round=2 active=True inProgress=True warmup=False timeLeft=14.10 seat1=True kit=True canAct=True
[RequestSafetyProbe] state local=0 networked=True rpc=True round=2 active=True inProgress=True warmup=False timeLeft=13.10 seat1=True kit=True canAct=True
[RequestSafetyProbe] state local=0 networked=True rpc=True round=2 active=True inProgress=True warmup=False timeLeft=12.10 seat1=True kit=True canAct=True
[RequestSafetyProbe] state local=0 networked=True rpc=True round=2 active=True inProgress=True warmup=False timeLeft=11.10 seat1=True kit=True canAct=True
[RequestSafetyProbe] state local=0 networked=True rpc=True round=2 active=True inProgress=True warmup=False timeLeft=10.08 seat1=True kit=True canAct=True
[RequestSafetyProbe] state local=0 networked=True rpc=True round=2 active=True inProgress=True warmup=False timeLeft=9.08 seat1=True kit=True canAct=True
[RequestSafetyProbe] state local=0 networked=True rpc=True round=2 active=True inProgress=True warmup=False timeLeft=8.08 seat1=True kit=True canAct=True
[RequestSafetyProbe] state local=0 networked=True rpc=True round=2 active=True inProgress=True warmup=False timeLeft=7.08 seat1=True kit=True canAct=True
[RequestSafetyProbe] state local=0 networked=True rpc=True round=2 active=True inProgress=True warmup=False timeLeft=6.08 seat1=True kit=True canAct=True
[RequestSafetyProbe] state local=0 networked=True rpc=True round=2 active=True inProgress=True warmup=False timeLeft=5.08 seat1=True kit=True canAct=True
[RequestSafetyProbe] state local=0 networked=True rpc=True round=2 active=True inProgress=True warmup=False timeLeft=4.08 seat1=True kit=True canAct=True
[RequestSafetyProbe] state local=0 networked=True rpc=True round=2 active=True inProgress=True warmup=False timeLeft=3.08 seat1=True kit=True canAct=True
[RequestSafetyProbe] state local=0 networked=True rpc=True round=2 active=True inProgress=True warmup=False timeLeft=2.08 seat1=True kit=True canAct=True
[RequestSafetyProbe] state local=0 networked=True rpc=True round=2 active=True inProgress=True warmup=False timeLeft=1.08 seat1=True kit=True canAct=True
[RequestSafetyProbe] state local=0 networked=True rpc=True round=2 active=True inProgress=True warmup=False timeLeft=0.08 seat1=True kit=True canAct=True
[Slice] match over. scores: 290 / 390 / 0 / 0. seat 1 wins
[NetAuto] REMATCH vote submitted from the result board.
[RequestSafetyProbe] state local=0 networked=True rpc=True round=2 active=False inProgress=False warmup=False timeLeft=0.00 seat1=True kit=True canAct=False
Unloading 6 Unused Serialized files (Serialized files now loaded: 0)
UnloadTime: 11.127300 ms
Unloading 545 unused Assets to reduce memory usage. Loaded Objects now: 9741.
Total: 5.411300 ms (FindLiveObjects: 0.624400 ms CreateObjectMapping: 1.037500 ms MarkObjects: 3.194000 ms  DeleteObjects: 0.555000 ms)

[NetSeat] arena installed: LocalSlot=0 spectator=False host=True allBots=False | s0:reader+sim+live+act | s1:-+live+act | s2:-+ai+sim+bot+live+act | s3:-+ai+sim+bot+live+act
[Env] repainted 524 of 798 renderers, 108 with a roof variant.
[NearFade] 910 occluder nodes matched, 584 renderers moved onto TumbangPreso/NearFade.
[Link] Poor at 253 ms round trip (host, worst peer).
[RequestSafetyProbe] state local=0 networked=True rpc=True round=0 active=False inProgress=False warmup=False timeLeft=30.00 seat1=True kit=True canAct=True
[NetAuto] READY submitted with 2 playing peers.
[Link] Good at 4 ms round trip (host, worst peer).
[RequestSafetyProbe] state local=0 networked=True rpc=True round=0 active=False inProgress=False warmup=False timeLeft=30.00 seat1=True kit=True canAct=True
[RequestSafetyProbe] state local=0 networked=True rpc=True round=0 active=False inProgress=False warmup=False timeLeft=30.00 seat1=True kit=True canAct=True
[RequestSafetyProbe] state local=0 networked=True rpc=True round=0 active=False inProgress=False warmup=False timeLeft=30.00 seat1=True kit=True canAct=True
[Slice] round 1 begins, taya is seat 0
[RequestSafetyIdentity] match=2 round=1 elapsed=0.000 kit=dante characterPick=0 lobbyPick=0 mode=HeroStrike identity=-949944410 previous=-1907368246
[NetAuto] REMATCH began after the peer vote.
[RequestSafetyProbe] state local=0 networked=True rpc=True round=1 active=True inProgress=True warmup=False timeLeft=29.70 seat1=True kit=True canAct=True
[RequestSafetyProbe] state local=0 networked=True rpc=True round=1 active=True inProgress=True warmup=False timeLeft=28.68 seat1=True kit=True canAct=True
[RequestSafetyProbe] state local=0 networked=True rpc=True round=1 active=True inProgress=True warmup=False timeLeft=27.68 seat1=True kit=True canAct=True
[RequestSafetyProbe] state local=0 networked=True rpc=True round=1 active=True inProgress=True warmup=False timeLeft=26.68 seat1=True kit=True canAct=True
[RequestSafetyProbe] state local=0 networked=True rpc=True round=1 active=True inProgress=True warmup=False timeLeft=25.68 seat1=True kit=True canAct=True
[RequestSafetyProbe] local=0 round=1 elapsed=0.000 staged
[RequestSafetyIdentity] match=2 round=1 elapsed=4.500 kit=dante characterPick=0 lobbyPick=0 mode=HeroStrike identity=-51859254 previous=-949944410
[RequestSafetyProbe] state local=0 networked=True rpc=True round=1 active=True inProgress=True warmup=False timeLeft=24.68 seat1=True kit=True canAct=True
[RequestSafetyProbe] state local=0 networked=True rpc=True round=1 active=True inProgress=True warmup=False timeLeft=23.68 seat1=True kit=True canAct=True
[RequestSafetyProbe] state local=0 networked=True rpc=True round=1 active=True inProgress=True warmup=False timeLeft=22.68 seat1=True kit=True canAct=True
[RequestSafetyProbe] state local=0 networked=True rpc=True round=1 active=True inProgress=True warmup=False timeLeft=21.68 seat1=True kit=True canAct=True
[RequestSafetyProbe] state local=0 networked=True rpc=True round=1 active=True inProgress=True warmup=False timeLeft=20.68 seat1=True kit=True canAct=True
[RequestSafetyProbe] state local=0 networked=True rpc=True round=1 active=True inProgress=True warmup=False timeLeft=19.68 seat1=True kit=True canAct=True
[RequestSafetyProbe] state local=0 networked=True rpc=True round=1 active=True inProgress=True warmup=False timeLeft=18.68 seat1=True kit=True canAct=True
[RequestSafetyProbe] state local=0 networked=True rpc=True round=1 active=True inProgress=True warmup=False timeLeft=17.68 seat1=True kit=True canAct=True
[RequestSafetyProbe] state local=0 networked=True rpc=True round=1 active=True inProgress=True warmup=False timeLeft=16.68 seat1=True kit=True canAct=True
[RequestSafetyProbe] state local=0 networked=True rpc=True round=1 active=True inProgress=True warmup=False timeLeft=15.68 seat1=True kit=True canAct=True
[RequestSafetyProbe] local=0 round=1 elapsed=15.000 host staged slide shoe
[RequestSafetyProbe] state local=0 networked=True rpc=True round=1 active=True inProgress=True warmup=False timeLeft=14.68 seat1=True kit=True canAct=True
[RequestSafetyProbe] state local=0 networked=True rpc=True round=1 active=True inProgress=True warmup=False timeLeft=13.68 seat1=True kit=True canAct=True
[RequestSafetyProbe] state local=0 networked=True rpc=True round=1 active=True inProgress=True warmup=False timeLeft=12.68 seat1=True kit=True canAct=True
[RequestSafetyProbe] state local=0 networked=True rpc=True round=1 active=True inProgress=True warmup=False timeLeft=11.68 seat1=True kit=True canAct=True
[RequestSafetyProbe] state local=0 networked=True rpc=True round=1 active=True inProgress=True warmup=False timeLeft=10.66 seat1=True kit=True canAct=True
[RequestSafetyProbe] state local=0 networked=True rpc=True round=1 active=True inProgress=True warmup=False timeLeft=9.66 seat1=True kit=True canAct=True
[RequestSafetyProbe] state local=0 networked=True rpc=True round=1 active=True inProgress=True warmup=False timeLeft=8.66 seat1=True kit=True canAct=True
[RequestSafetyProbe] state local=0 networked=True rpc=True round=1 active=True inProgress=True warmup=False timeLeft=7.66 seat1=True kit=True canAct=True
[RequestSafetyProbe] state local=0 networked=True rpc=True round=1 active=True inProgress=True warmup=False timeLeft=6.66 seat1=True kit=True canAct=True
[RequestSafetyProbe] state local=0 networked=True rpc=True round=1 active=True inProgress=True warmup=False timeLeft=5.66 seat1=True kit=True canAct=True
[RequestSafetyProbe] state local=0 networked=True rpc=True round=1 active=True inProgress=True warmup=False timeLeft=4.66 seat1=True kit=True canAct=True
[RequestSafetyProbe] state local=0 networked=True rpc=True round=1 active=True inProgress=True warmup=False timeLeft=3.66 seat1=True kit=True canAct=True
[RequestSafetyProbe] state local=0 networked=True rpc=True round=1 active=True inProgress=True warmup=False timeLeft=2.66 seat1=True kit=True canAct=True
[RequestSafetyProbe] state local=0 networked=True rpc=True round=1 active=True inProgress=True warmup=False timeLeft=1.66 seat1=True kit=True canAct=True
[RequestSafetyProbe] state local=0 networked=True rpc=True round=1 active=True inProgress=True warmup=False timeLeft=0.66 seat1=True kit=True canAct=True
[RequestSafetyProbe] state local=0 networked=True rpc=True round=1 active=False inProgress=True warmup=True timeLeft=0.00 seat1=True kit=True canAct=False
[RequestSafetyProbe] state local=0 networked=True rpc=True round=1 active=False inProgress=True warmup=True timeLeft=0.00 seat1=True kit=True canAct=False
[RequestSafetyProbe] state local=0 networked=True rpc=True round=1 active=False inProgress=True warmup=True timeLeft=0.00 seat1=True kit=True canAct=False
[Slice] round 2 begins, taya is seat 1
[RequestSafetyProbe] state local=0 networked=True rpc=True round=2 active=True inProgress=True warmup=False timeLeft=29.64 seat1=True kit=True canAct=True
[RequestSafetyProbe] state local=0 networked=True rpc=True round=2 active=True inProgress=True warmup=False timeLeft=28.64 seat1=True kit=True canAct=True
[RequestSafetyProbe] state local=0 networked=True rpc=True round=2 active=True inProgress=True warmup=False timeLeft=27.64 seat1=True kit=True canAct=True
[RequestSafetyProbe] state local=0 networked=True rpc=True round=2 active=True inProgress=True warmup=False timeLeft=26.64 seat1=True kit=True canAct=True
[RequestSafetyProbe] state local=0 networked=True rpc=True round=2 active=True inProgress=True warmup=False timeLeft=25.64 seat1=True kit=True canAct=True
[RequestSafetyProbe] local=0 round=2 elapsed=0.000 staged
[RequestSafetyIdentity] match=2 round=2 elapsed=4.500 kit=dante characterPick=0 lobbyPick=0 mode=HeroStrike identity=-949944410 previous=-51859254
[RequestSafetyProbe] state local=0 networked=True rpc=True round=2 active=True inProgress=True warmup=False timeLeft=24.64 seat1=True kit=True canAct=True
[RequestSafetyProbe] state local=0 networked=True rpc=True round=2 active=True inProgress=True warmup=False timeLeft=23.64 seat1=True kit=True canAct=True
[RequestSafetyProbe] state local=0 networked=True rpc=True round=2 active=True inProgress=True warmup=False timeLeft=22.64 seat1=True kit=True canAct=True
[RequestSafetyProbe] state local=0 networked=True rpc=True round=2 active=True inProgress=True warmup=False timeLeft=21.64 seat1=True kit=True canAct=True
[RequestSafetyProbe] state local=0 networked=True rpc=True round=2 active=True inProgress=True warmup=False timeLeft=20.68 seat1=True kit=True canAct=True
[RequestSafetyProbe] state local=0 networked=True rpc=True round=2 active=True inProgress=True warmup=False timeLeft=19.68 seat1=True kit=True canAct=True
[RequestSafetyProbe] state local=0 networked=True rpc=True round=2 active=True inProgress=True warmup=False timeLeft=18.68 seat1=True kit=True canAct=True
[RequestSafetyProbe] state local=0 networked=True rpc=True round=2 active=True inProgress=True warmup=False timeLeft=17.68 seat1=True kit=True canAct=True
[RequestSafetyProbe] state local=0 networked=True rpc=True round=2 active=True inProgress=True warmup=False timeLeft=16.68 seat1=True kit=True canAct=True
[RequestSafetyProbe] state local=0 networked=True rpc=True round=2 active=True inProgress=True warmup=False timeLeft=15.68 seat1=True kit=True canAct=True
[RequestSafetyProbe] state local=0 networked=True rpc=True round=2 active=True inProgress=True warmup=False timeLeft=14.68 seat1=True kit=True canAct=True
[RequestSafetyProbe] state local=0 networked=True rpc=True round=2 active=True inProgress=True warmup=False timeLeft=13.68 seat1=True kit=True canAct=True
[RequestSafetyProbe] state local=0 networked=True rpc=True round=2 active=True inProgress=True warmup=False timeLeft=12.68 seat1=True kit=True canAct=True
[RequestSafetyProbe] state local=0 networked=True rpc=True round=2 active=True inProgress=True warmup=False timeLeft=11.68 seat1=True kit=True canAct=True
[RequestSafetyProbe] state local=0 networked=True rpc=True round=2 active=True inProgress=True warmup=False timeLeft=10.68 seat1=True kit=True canAct=True
[RequestSafetyProbe] state local=0 networked=True rpc=True round=2 active=True inProgress=True warmup=False timeLeft=9.68 seat1=True kit=True canAct=True
[RequestSafetyProbe] state local=0 networked=True rpc=True round=2 active=True inProgress=True warmup=False timeLeft=8.68 seat1=True kit=True canAct=True
[RequestSafetyProbe] state local=0 networked=True rpc=True round=2 active=True inProgress=True warmup=False timeLeft=7.68 seat1=True kit=True canAct=True
[RequestSafetyProbe] state local=0 networked=True rpc=True round=2 active=True inProgress=True warmup=False timeLeft=6.68 seat1=True kit=True canAct=True
[NetDisconnect] peer=1 local=0 server=True connected=True
[Handover] seat 1 was rated 1500; a Normal bot is finishing it.
[Net] 1 connected
[NetDisconnect] peer=0 local=0 server=True connected=False
[Net] disconnected: [Disconnect Event][Client-0][TransportClientId-0][TransportShutdown] NetworkConnectionManager was shutdown. The transport was shutdown.
[Physics::Module] Cleanup current backend.
[Physics::Module] Id: 0xf2b8ea05
Input System module state changed to: ShutdownInProgress.
Input Polling Thread exited.
Input System module state changed to: Shutdown.
CodeReloadManager destroyed
