wrote tump/Assets/TumbangPreso/Art/characters/persons/team-zack.glb  (913168 bytes)
{
  "file": "team-zack.glb",
  "clip": "hero-zack-sprint",
  "duration": 0.64,
  "samples": 42,
  "authored_height": 0.79,
  "original_clips_preserved": 37,
  "original_binary_preserved": true,
  "punch": 0.15,
  "deepest_dip": 0.0,
  "deepest_dip_at": 0.0,
  "grounded_beats": [
    0,
    0.08,
    0.15,
    0.28,
    0.46,
    0.64
  ],
  "root_y_range": [
    0.0,
    0.02991
  ],
  "largest_plant": 0.02991
}
Blender 4.3.2

Blender quit
