Mono path[0] = 'C:/Users/matth/Documents/GitHub/TumbangPreso-Unity-validation/Builds/network-fixture-v43/TumbangPreso_Data/Managed'
Mono config path = 'C:/Users/matth/Documents/GitHub/TumbangPreso-Unity-validation/Builds/network-fixture-v43/MonoBleedingEdge/etc'
CodeReloadManager initialized
Input System module state changed to: Initialized.
[Physics::Module] Initialized fallback backend.
[Physics::Module] Id: 0xdecafbad
Initialize engine version: 6000.5.8f1 (5cb7df797b7d)
[Subsystems] Discovering subsystems at path C:/Users/matth/Documents/GitHub/TumbangPreso-Unity-validation/Builds/network-fixture-v43/TumbangPreso_Data/UnitySubsystems
GfxDevice: creating device client; kGfxThreadingModeNonThreaded
d3d12: failed to query info queue interface (0x80004002).
Direct3D:
    Version:         Direct3D 12 [level 12.2]
    Renderer:        AMD Radeon RX 6600 (ID=0x73ff)
    Vendor:          ATI
    VRAM:            8147 MB
    App VRAM Budget: 7379 MB
    Driver:          32.0.21043.19003
Begin MonoManager ReloadAssembly
- Finished resetting the current domain, in  0.063 seconds
[Physics::Module] Selected backend.
[Physics::Module] Name: PhysX
[Physics::Module] Id: 0xf2b8ea05
[Physics::Module] SDK Version: 4.1.2
[Physics::Module] Integration Version: 1.0.0
[Physics::Module] Threading Mode: Multi-Threaded
D3D11 device created for Microsoft Media Foundation video decoding.
[Audio] loaded 129 of 129 cues.
[NetIdentity] UGS sign-in is disabled in batch mode. LAN hosting and joining are unaffected.
UnloadTime: 1.970600 ms
[Build] TUMBANG PRESO 1.0.0 | db9761260600+dirty | protocol 48 | StandaloneWindows64
[NetIdentity] UGS sign-in is disabled in batch mode. LAN hosting and joining are unaffected.
[Net] connecting to 127.0.0.1:8971
[NetBoot] join requested to 127.0.0.1:8971: connecting
Unloading 6 Unused Serialized files (Serialized files now loaded: 0)
[RequestSafetyProbe] state local=0 networked=True rpc=True round=0 active=False inProgress=False warmup=False timeLeft=90.00 seat1=False kit=False canAct=
[Social] presence not written: Singleton is not initialized. Please call UnityServices.InitializeAsync() to initialize.
UnloadTime: 3.722400 ms
Unloading 34 unused Assets to reduce memory usage. Loaded Objects now: 8377.
Total: 2.798700 ms (FindLiveObjects: 0.454600 ms CreateObjectMapping: 0.518200 ms MarkObjects: 1.725100 ms  DeleteObjects: 0.100600 ms)

[Env] 'Unlit/Transparent' has no colour property this pass knows; that surface keeps the kit's own colour.
[Env] repainted 220 of 944 renderers, 135 with a roof variant.
[NearFade] 1168 occluder nodes matched, 235 renderers moved onto TumbangPreso/NearFade.
[NetSeat] arena installed: LocalSlot=0 spectator=False host=False allBots=False | s0:reader+sim+live+act | s1:-+bot+live+act | s2:-+bot+live+act | s3:-+bot+live+act
[RequestSafetyProbe] state local=0 networked=True rpc=True round=0 active=False inProgress=False warmup=False timeLeft=30.00 seat1=True kit=True canAct=True
[Link] Good at 50 ms round trip (client).
[Net] connected
[Net] connected as seat 2
[NetSeat] seat changed: LocalSlot=1 spectator=False host=False allBots=False | s0:reader(OFF)+live+act | s1:reader+sim+bot+live+act | s2:-+bot+live+act | s3:-+bot+live+act
[NetAuto] READY submitted from a client peer.
[RequestSafetyProbe] state local=1 networked=True rpc=True round=0 active=False inProgress=False warmup=False timeLeft=30.00 seat1=True kit=True canAct=True
[Link] Poor at 446 ms round trip (client).
[RequestSafetyProbe] state local=1 networked=True rpc=True round=0 active=False inProgress=False warmup=False timeLeft=30.00 seat1=True kit=True canAct=True
[RequestSafetyProbe] state local=1 networked=True rpc=True round=0 active=False inProgress=False warmup=False timeLeft=30.00 seat1=True kit=True canAct=True
[RequestSafetyProbe] state local=1 networked=True rpc=True round=0 active=False inProgress=False warmup=False timeLeft=30.00 seat1=True kit=True canAct=True
[RequestSafetyIdentity] match=1 round=1 elapsed=0.020 kit=zack characterPick=3 lobbyPick=0 mode=HeroStrike identity=1486484640 previous=0
[RequestSafetyProbe] state local=1 networked=True rpc=True round=1 active=True inProgress=True warmup=False timeLeft=29.66 seat1=True kit=True canAct=True
[Slice] round 1 begins, taya is seat 0
[RequestSafetyProbe] state local=1 networked=True rpc=True round=1 active=True inProgress=True warmup=False timeLeft=28.74 seat1=True kit=True canAct=True
[RequestSafetyProbe] state local=1 networked=True rpc=True round=1 active=True inProgress=True warmup=False timeLeft=27.70 seat1=True kit=True canAct=True
[RequestSafetyProbe] state local=1 networked=True rpc=True round=1 active=True inProgress=True warmup=False timeLeft=26.70 seat1=True kit=True canAct=True
[RequestSafetyProbe] state local=1 networked=True rpc=True round=1 active=True inProgress=True warmup=False timeLeft=25.70 seat1=True kit=True canAct=True
[RequestSafetyProbe] local=1 round=1 elapsed=0.000 staged
[RequestSafetyIdentity] match=1 round=1 elapsed=4.800 kit=dante characterPick=0 lobbyPick=0 mode=HeroStrike identity=1051870410 previous=1486484640
[RequestSafetyProbe] state local=1 networked=True rpc=True round=1 active=True inProgress=True warmup=False timeLeft=24.70 seat1=True kit=True canAct=True
[RequestSafetyProbe] state local=1 networked=True rpc=True round=1 active=True inProgress=True warmup=False timeLeft=23.68 seat1=True kit=True canAct=True
[RequestSafetyProbe] local=1 round=1 elapsed=7.000 stale-seat grab claiming seat 2
[RequestSafetyProbe] state local=1 networked=True rpc=True round=1 active=True inProgress=True warmup=False timeLeft=22.66 seat1=True kit=True canAct=True
[Link] Good at 153 ms round trip (client).
[RequestSafetyProbe] local=1 round=1 elapsed=8.000 duplicate grab x2
[RequestSafetyProbe] state local=1 networked=True rpc=True round=1 active=True inProgress=True warmup=False timeLeft=21.70 seat1=True kit=True canAct=True
[RequestSafetyProbe] state local=1 networked=True rpc=True round=1 active=True inProgress=True warmup=False timeLeft=20.68 seat1=True kit=True canAct=True
[RequestSafetyProbe] local=1 round=1 elapsed=10.000 duplicate throw x2
[RequestSafetyProbe] state local=1 networked=True rpc=True round=1 active=True inProgress=True warmup=False timeLeft=19.76 seat1=True kit=True canAct=True
[RequestSafetyProbe] state local=1 networked=True rpc=True round=1 active=True inProgress=True warmup=False timeLeft=18.66 seat1=True kit=True canAct=True
[RequestSafetyProbe] local=1 round=1 elapsed=11.500 stale-seat shove claiming seat 2
[RequestSafetyProbe] local=1 round=1 elapsed=12.000 wrong-role punch as attacker
[VerbDenied] taken Punch seat 1: 1 so far.
[RequestSafetyProbe] state local=1 networked=True rpc=True round=1 active=True inProgress=True warmup=False timeLeft=17.62 seat1=True kit=True canAct=True
[RequestSafetyProbe] local=1 round=1 elapsed=13.000 duplicate shove x2
[VerbDenied] taken Shove seat 1: 1 so far.
[RequestSafetyProbe] state local=1 networked=True rpc=True round=1 active=True inProgress=True warmup=False timeLeft=16.66 seat1=True kit=True canAct=True
[RequestSafetyProbe] state local=1 networked=True rpc=True round=1 active=True inProgress=True warmup=False timeLeft=15.66 seat1=True kit=True canAct=True
[RequestSafetyProbe] state local=1 networked=True rpc=True round=1 active=True inProgress=True warmup=False timeLeft=14.66 seat1=True kit=True canAct=True
[RequestSafetyProbe] state local=1 networked=True rpc=True round=1 active=True inProgress=True warmup=False timeLeft=13.64 seat1=True kit=True canAct=True
[RequestSafetyProbe] local=1 round=1 elapsed=17.000 duplicate slide x2
[VerbDenied] taken Slide seat 1: 1 so far.
[RequestSafetyProbe] state local=1 networked=True rpc=True round=1 active=True inProgress=True warmup=False timeLeft=12.66 seat1=True kit=True canAct=True
[RequestSafetyProbe] state local=1 networked=True rpc=True round=1 active=True inProgress=True warmup=False timeLeft=11.64 seat1=True kit=True canAct=True
[RequestSafetyProbe] state local=1 networked=True rpc=True round=1 active=True inProgress=True warmup=False timeLeft=10.64 seat1=True kit=True canAct=True
[RequestSafetyProbe] local=1 round=1 elapsed=19.500 duplicate carapace cast x2
[RequestSafetyProbe] state local=1 networked=True rpc=True round=1 active=True inProgress=True warmup=False timeLeft=9.64 seat1=True kit=True canAct=True
[RequestSafetyProbe] local=1 round=1 elapsed=21.000 stomp cast x3 in one frame
[RequestSafetyProbe] state local=1 networked=True rpc=True round=1 active=True inProgress=True warmup=False timeLeft=8.64 seat1=True kit=True canAct=True
[RequestSafetyProbe] state local=1 networked=True rpc=True round=1 active=True inProgress=True warmup=False timeLeft=7.62 seat1=True kit=True canAct=True
[RequestSafetyProbe] local=1 round=1 elapsed=22.501 stomp cast 4 after windup
[RequestSafetyProbe] state local=1 networked=True rpc=True round=1 active=True inProgress=True warmup=False timeLeft=6.62 seat1=True kit=True canAct=True
[RequestSafetyProbe] local=1 round=1 elapsed=24.001 stomp cast 5 with no charge
[RequestSafetyProbe] state local=1 networked=True rpc=True round=1 active=True inProgress=True warmup=False timeLeft=5.62 seat1=True kit=True canAct=True
[RequestSafetyProbe] local=1 round=1 elapsed=25.001 client waits to be killed for the handover arm
[RequestSafetyProbe] state local=1 networked=True rpc=True round=1 active=True inProgress=True warmup=False timeLeft=4.62 seat1=True kit=True canAct=True
