Mono path[0] = 'C:/Users/matth/Documents/GitHub/TumbangPreso-Unity-validation/Builds/network-fixture-v43/TumbangPreso_Data/Managed'
Mono config path = 'C:/Users/matth/Documents/GitHub/TumbangPreso-Unity-validation/Builds/network-fixture-v43/MonoBleedingEdge/etc'
CodeReloadManager initialized
Input System module state changed to: Initialized.
[Physics::Module] Initialized fallback backend.
[Physics::Module] Id: 0xdecafbad
Initialize engine version: 6000.5.8f1 (5cb7df797b7d)
[Subsystems] Discovering subsystems at path C:/Users/matth/Documents/GitHub/TumbangPreso-Unity-validation/Builds/network-fixture-v43/TumbangPreso_Data/UnitySubsystems
GfxDevice: creating device client; kGfxThreadingModeNonThreaded
d3d12: failed to query info queue interface (0x80004002).
Direct3D:
    Version:         Direct3D 12 [level 12.2]
    Renderer:        AMD Radeon RX 6600 (ID=0x73ff)
    Vendor:          ATI
    VRAM:            8147 MB
    App VRAM Budget: 7379 MB
    Driver:          32.0.21043.19003
Begin MonoManager ReloadAssembly
- Finished resetting the current domain, in  0.063 seconds
[Physics::Module] Selected backend.
[Physics::Module] Name: PhysX
[Physics::Module] Id: 0xf2b8ea05
[Physics::Module] SDK Version: 4.1.2
[Physics::Module] Integration Version: 1.0.0
[Physics::Module] Threading Mode: Multi-Threaded
D3D11 device created for Microsoft Media Foundation video decoding.
[Audio] loaded 129 of 129 cues.
[NetIdentity] UGS sign-in is disabled in batch mode. LAN hosting and joining are unaffected.
UnloadTime: 1.258500 ms
[Build] TUMBANG PRESO 1.0.0 | db9761260600+dirty | protocol 48 | StandaloneWindows64
[NetIdentity] UGS sign-in is disabled in batch mode. LAN hosting and joining are unaffected.
[Net] connecting to 127.0.0.1:8971
[NetBoot] join requested to 127.0.0.1:8971: connecting
Unloading 6 Unused Serialized files (Serialized files now loaded: 0)
[RequestSafetyProbe] state local=0 networked=True rpc=True round=0 active=False inProgress=False warmup=False timeLeft=90.00 seat1=False kit=False canAct=
[Social] presence not written: Singleton is not initialized. Please call UnityServices.InitializeAsync() to initialize.
UnloadTime: 4.365000 ms
Unloading 34 unused Assets to reduce memory usage. Loaded Objects now: 8377.
Total: 2.945600 ms (FindLiveObjects: 0.557300 ms CreateObjectMapping: 0.613000 ms MarkObjects: 1.625600 ms  DeleteObjects: 0.149300 ms)

[Env] 'Unlit/Transparent' has no colour property this pass knows; that surface keeps the kit's own colour.
[Env] repainted 220 of 944 renderers, 135 with a roof variant.
[NearFade] 1168 occluder nodes matched, 235 renderers moved onto TumbangPreso/NearFade.
[NetSeat] arena installed: LocalSlot=0 spectator=False host=False allBots=False | s0:reader+sim+live+act | s1:-+bot+live+act | s2:-+bot+live+act | s3:-+bot+live+act
[RequestSafetyProbe] state local=0 networked=True rpc=True round=0 active=False inProgress=False warmup=False timeLeft=30.00 seat1=True kit=True canAct=True
[Link] Good at 50 ms round trip (client).
[Net] connected
[Net] connected as seat 2
[NetSeat] seat changed: LocalSlot=1 spectator=False host=False allBots=False | s0:reader(OFF)+live+act | s1:reader+sim+bot+live+act | s2:-+bot+live+act | s3:-+bot+live+act
[NetAuto] READY submitted from a client peer.
[RequestSafetyProbe] state local=1 networked=True rpc=True round=1 active=False inProgress=True warmup=True timeLeft=0.00 seat1=True kit=True canAct=False
[Link] Bad at 480 ms round trip (client).
[RequestSafetyProbe] state local=1 networked=True rpc=True round=1 active=False inProgress=True warmup=True timeLeft=0.00 seat1=True kit=True canAct=False
[Link] Good at 140 ms round trip (client).
[RequestSafetyIdentity] match=1 round=2 elapsed=0.020 kit=dante characterPick=0 lobbyPick=0 mode=HeroStrike identity=-1857228436 previous=0
[RequestSafetyProbe] state local=1 networked=True rpc=True round=2 active=True inProgress=True warmup=False timeLeft=29.44 seat1=True kit=True canAct=True
[RequestSafetyProbe] state local=1 networked=True rpc=True round=2 active=True inProgress=True warmup=False timeLeft=28.42 seat1=True kit=True canAct=True
[RequestSafetyProbe] state local=1 networked=True rpc=True round=2 active=True inProgress=True warmup=False timeLeft=27.44 seat1=True kit=True canAct=True
[RequestSafetyProbe] state local=1 networked=True rpc=True round=2 active=True inProgress=True warmup=False timeLeft=26.42 seat1=True kit=True canAct=True
[RequestSafetyProbe] local=1 round=2 elapsed=0.000 staged
[RequestSafetyIdentity] match=1 round=2 elapsed=4.500 kit=dante characterPick=0 lobbyPick=0 mode=HeroStrike identity=1945698316 previous=-1857228436
[RequestSafetyProbe] state local=1 networked=True rpc=True round=2 active=True inProgress=True warmup=False timeLeft=25.44 seat1=True kit=True canAct=True
[RequestSafetyProbe] state local=1 networked=True rpc=True round=2 active=True inProgress=True warmup=False timeLeft=24.42 seat1=True kit=True canAct=True
[RequestSafetyProbe] state local=1 networked=True rpc=True round=2 active=True inProgress=True warmup=False timeLeft=23.42 seat1=True kit=True canAct=True
[RequestSafetyProbe] local=1 round=2 elapsed=7.000 duplicate punch x2
[VerbDenied] taken Punch seat 1: 1 so far.
[RequestSafetyProbe] state local=1 networked=True rpc=True round=2 active=True inProgress=True warmup=False timeLeft=22.44 seat1=True kit=True canAct=True
[RequestSafetyProbe] state local=1 networked=True rpc=True round=2 active=True inProgress=True warmup=False timeLeft=21.46 seat1=True kit=True canAct=True
[RequestSafetyProbe] local=1 round=2 elapsed=9.000 duplicate lunge x2
[VerbDenied] taken Lunge seat 1: 1 so far.
[RequestSafetyProbe] state local=1 networked=True rpc=True round=2 active=True inProgress=True warmup=False timeLeft=20.48 seat1=True kit=True canAct=True
[RequestSafetyProbe] state local=1 networked=True rpc=True round=2 active=True inProgress=True warmup=False timeLeft=19.48 seat1=True kit=True canAct=True
[RequestSafetyProbe] local=1 round=2 elapsed=11.000 wrong-role shove as taya
[VerbDenied] taken Shove seat 1: 1 so far.
[RequestSafetyProbe] state local=1 networked=True rpc=True round=2 active=True inProgress=True warmup=False timeLeft=18.44 seat1=True kit=True canAct=True
[RequestSafetyProbe] local=1 round=2 elapsed=12.000 stale-seat punch claiming seat 0
[RequestSafetyProbe] state local=1 networked=True rpc=True round=2 active=True inProgress=True warmup=False timeLeft=17.44 seat1=True kit=True canAct=True
[RequestSafetyProbe] state local=1 networked=True rpc=True round=2 active=True inProgress=True warmup=False timeLeft=16.46 seat1=True kit=True canAct=True
[RequestSafetyProbe] local=1 round=2 elapsed=14.000 legitimate punch input
[RequestSafetyProbe] state local=1 networked=True rpc=True round=2 active=True inProgress=True warmup=False timeLeft=15.68 seat1=True kit=True canAct=True
[RequestSafetyProbe] state local=1 networked=True rpc=True round=2 active=True inProgress=True warmup=False timeLeft=14.46 seat1=True kit=True canAct=True
[RequestSafetyProbe] local=1 round=2 elapsed=16.000 legitimate lunge input
[RequestSafetyProbe] state local=1 networked=True rpc=True round=2 active=True inProgress=True warmup=False timeLeft=13.46 seat1=True kit=True canAct=True
[RequestSafetyProbe] state local=1 networked=True rpc=True round=2 active=True inProgress=True warmup=False timeLeft=12.46 seat1=True kit=True canAct=True
[RequestSafetyProbe] state local=1 networked=True rpc=True round=2 active=True inProgress=True warmup=False timeLeft=11.44 seat1=True kit=True canAct=True
[RequestSafetyProbe] local=1 round=2 elapsed=19.000 legitimate stomp input
[RequestSafetyProbe] state local=1 networked=True rpc=True round=2 active=True inProgress=True warmup=False timeLeft=10.46 seat1=True kit=True canAct=True
[RequestSafetyProbe] state local=1 networked=True rpc=True round=2 active=True inProgress=True warmup=False timeLeft=9.44 seat1=True kit=True canAct=True
[RequestSafetyProbe] state local=1 networked=True rpc=True round=2 active=True inProgress=True warmup=False timeLeft=8.44 seat1=True kit=True canAct=True
[RequestSafetyProbe] state local=1 networked=True rpc=True round=2 active=True inProgress=True warmup=False timeLeft=7.44 seat1=True kit=True canAct=True
[RequestSafetyProbe] state local=1 networked=True rpc=True round=2 active=True inProgress=True warmup=False timeLeft=6.44 seat1=True kit=True canAct=True
[NetDisconnect] peer=2 local=2 server=False connected=True
[Net] disconnected: [Disconnect Event][Client-2][TransportClientId-4294967296][ClosedByRemote] Connection was closed by remote endpoint.
[Abandon] HostLost: ABANDONED at round 2 of 2; this peer may no longer resolve anything
Unloading 5 Unused Serialized files (Serialized files now loaded: 0)
UnloadTime: 11.209400 ms
Unloading 720 unused Assets to reduce memory usage. Loaded Objects now: 6321.
Total: 4.493700 ms (FindLiveObjects: 0.463300 ms CreateObjectMapping: 0.788600 ms MarkObjects: 2.434800 ms  DeleteObjects: 0.806800 ms)

[NetApproval] peer=0 approved=True reason=
[NetArrival] peer=0 seat=0 replaces=-1
[Net] connected as seat 1
[Net] hosting on 8910, join code AJXM
[RequestSafetyProbe] state local=0 networked=True rpc=True round=2 active=True inProgress=True warmup=False timeLeft=5.94 seat1=False kit=False canAct=
[Link] Unknown at 0 ms round trip (host, worst peer).
[Env] repainted 220 of 944 renderers, 135 with a roof variant.
[NearFade] 1168 occluder nodes matched, 235 renderers moved onto TumbangPreso/NearFade.
[Env] repainted 220 of 944 renderers, 135 with a roof variant.
[NearFade] 1168 occluder nodes matched, 235 renderers moved onto TumbangPreso/NearFade.
[RequestSafetyProbe] state local=0 networked=True rpc=True round=2 active=True inProgress=True warmup=False timeLeft=4.98 seat1=False kit=False canAct=
[RequestSafetyProbe] state local=0 networked=True rpc=True round=2 active=True inProgress=True warmup=False timeLeft=3.96 seat1=False kit=False canAct=
[RequestSafetyProbe] state local=0 networked=True rpc=True round=2 active=True inProgress=True warmup=False timeLeft=2.96 seat1=False kit=False canAct=
[RequestSafetyProbe] state local=0 networked=True rpc=True round=2 active=True inProgress=True warmup=False timeLeft=1.96 seat1=False kit=False canAct=
[RequestSafetyProbe] state local=0 networked=True rpc=True round=2 active=True inProgress=True warmup=False timeLeft=0.96 seat1=False kit=False canAct=
[RequestSafetyProbe] state local=0 networked=True rpc=True round=2 active=False inProgress=False warmup=False timeLeft=0.00 seat1=False kit=False canAct=
[RequestSafetyProbe] state local=0 networked=True rpc=True round=2 active=False inProgress=False warmup=False timeLeft=0.00 seat1=False kit=False canAct=
