Mono path[0] = 'C:/Users/matth/Documents/GitHub/TumbangPreso-Unity-validation/Builds/network-final-v45/TumbangPreso_Data/Managed'
Mono config path = 'C:/Users/matth/Documents/GitHub/TumbangPreso-Unity-validation/Builds/network-final-v45/MonoBleedingEdge/etc'
CodeReloadManager initialized
Input System module state changed to: Initialized.
[Physics::Module] Initialized fallback backend.
[Physics::Module] Id: 0xdecafbad
Initialize engine version: 6000.5.8f1 (5cb7df797b7d)
[Subsystems] Discovering subsystems at path C:/Users/matth/Documents/GitHub/TumbangPreso-Unity-validation/Builds/network-final-v45/TumbangPreso_Data/UnitySubsystems
GfxDevice: creating device client; kGfxThreadingModeNonThreaded
d3d12: failed to query info queue interface (0x80004002).
Direct3D:
    Version:         Direct3D 12 [level 12.2]
    Renderer:        AMD Radeon RX 6600 (ID=0x73ff)
    Vendor:          ATI
    VRAM:            8147 MB
    App VRAM Budget: 7379 MB
    Driver:          32.0.21043.19003
Begin MonoManager ReloadAssembly
- Finished resetting the current domain, in  0.314 seconds
[Physics::Module] Selected backend.
[Physics::Module] Name: PhysX
[Physics::Module] Id: 0xf2b8ea05
[Physics::Module] SDK Version: 4.1.2
[Physics::Module] Integration Version: 1.0.0
[Physics::Module] Threading Mode: Multi-Threaded
D3D11 device created for Microsoft Media Foundation video decoding.
[Audio] loaded 129 of 129 cues.
[NetIdentity] UGS sign-in is disabled in batch mode. LAN hosting and joining are unaffected.
UnloadTime: 3.467300 ms
[Build] TUMBANG PRESO 1.0.0 | db9761260600+dirty | protocol 48 | StandaloneWindows64
[NetIdentity] UGS sign-in is disabled in batch mode. LAN hosting and joining are unaffected.
[NetApproval] peer=0 approved=True reason=
[NetArrival] peer=0 seat=0 replaces=-1
[Net] connected as seat 1
[Net] hosting on 8970, join code XEGE
[NetBoot] host requested on 8970 dedicated=False: listening
Unloading 6 Unused Serialized files (Serialized files now loaded: 0)
[RequestSafetyProbe] state local=0 networked=True rpc=True round=0 active=False inProgress=False warmup=False timeLeft=90.00 seat1=False kit=False canAct=
[Social] presence not written: Singleton is not initialized. Please call UnityServices.InitializeAsync() to initialize.
UnloadTime: 3.736900 ms
Unloading 34 unused Assets to reduce memory usage. Loaded Objects now: 8378.
Total: 3.101500 ms (FindLiveObjects: 0.321700 ms CreateObjectMapping: 0.424000 ms MarkObjects: 2.226200 ms  DeleteObjects: 0.129300 ms)

[Env] 'Unlit/Transparent' has no colour property this pass knows; that surface keeps the kit's own colour.
[Env] repainted 220 of 944 renderers, 135 with a roof variant.
[NearFade] 1168 occluder nodes matched, 235 renderers moved onto TumbangPreso/NearFade.
[NetSeat] arena installed: LocalSlot=0 spectator=False host=True allBots=False | s0:reader+sim+live+act | s1:-+ai+sim+bot+live+act | s2:-+ai+sim+bot+live+act | s3:-+ai+sim+bot+live+act
[RequestSafetyProbe] state local=0 networked=True rpc=True round=0 active=False inProgress=False warmup=False timeLeft=30.00 seat1=True kit=True canAct=True
[NetApproval] peer=1 approved=True reason=
[NetArrival] peer=1 seat=1 replaces=-1
[RequestSafetyProbe] state local=0 networked=True rpc=True round=0 active=False inProgress=False warmup=False timeLeft=30.00 seat1=True kit=True canAct=True
[Net] 2 connected, seat 1
[NetAuto] READY submitted with 2 playing peers.
[Link] Good at 30 ms round trip (host, worst peer).
[RequestSafetyProbe] state local=0 networked=True rpc=True round=0 active=False inProgress=False warmup=False timeLeft=30.00 seat1=True kit=True canAct=True
[RequestSafetyProbe] state local=0 networked=True rpc=True round=0 active=False inProgress=False warmup=False timeLeft=30.00 seat1=True kit=True canAct=True
[RequestSafetyProbe] state local=0 networked=True rpc=True round=0 active=False inProgress=False warmup=False timeLeft=30.00 seat1=True kit=True canAct=True
[Slice] round 1 begins, taya is seat 0
[RequestSafetyIdentity] match=1 round=1 elapsed=0.040 kit=zack characterPick=3 lobbyPick=0 mode=HeroStrike identity=2018327756 previous=0
[RequestSafetyProbe] state local=0 networked=True rpc=True round=1 active=True inProgress=True warmup=False timeLeft=29.86 seat1=True kit=True canAct=True
[RequestSafetyProbe] state local=0 networked=True rpc=True round=1 active=True inProgress=True warmup=False timeLeft=28.86 seat1=True kit=True canAct=True
[RequestSafetyProbe] state local=0 networked=True rpc=True round=1 active=True inProgress=True warmup=False timeLeft=27.86 seat1=True kit=True canAct=True
[RequestSafetyProbe] state local=0 networked=True rpc=True round=1 active=True inProgress=True warmup=False timeLeft=26.86 seat1=True kit=True canAct=True
[RequestSafetyProbe] state local=0 networked=True rpc=True round=1 active=True inProgress=True warmup=False timeLeft=25.84 seat1=True kit=True canAct=True
[RequestSafetyProbe] local=0 round=1 elapsed=0.000 staged
[RequestSafetyIdentity] match=1 round=1 elapsed=4.500 kit=dante characterPick=0 lobbyPick=0 mode=HeroStrike identity=-2135545740 previous=2018327756
[RequestSafetyProbe] state local=0 networked=True rpc=True round=1 active=True inProgress=True warmup=False timeLeft=24.84 seat1=True kit=True canAct=True
[RequestSafetyProbe] state local=0 networked=True rpc=True round=1 active=True inProgress=True warmup=False timeLeft=23.84 seat1=True kit=True canAct=True
[RequestSafetyProbe] state local=0 networked=True rpc=True round=1 active=True inProgress=True warmup=False timeLeft=22.84 seat1=True kit=True canAct=True
[RequestSafetyProbe] state local=0 networked=True rpc=True round=1 active=True inProgress=True warmup=False timeLeft=21.84 seat1=True kit=True canAct=True
[RequestSafetyProbe] state local=0 networked=True rpc=True round=1 active=True inProgress=True warmup=False timeLeft=20.84 seat1=True kit=True canAct=True
[RequestSafetyProbe] state local=0 networked=True rpc=True round=1 active=True inProgress=True warmup=False timeLeft=19.84 seat1=True kit=True canAct=True
[RequestSafetyProbe] state local=0 networked=True rpc=True round=1 active=True inProgress=True warmup=False timeLeft=18.84 seat1=True kit=True canAct=True
[VerbDenied] sent Punch seat 1: 1 so far.
[RequestSafetyProbe] state local=0 networked=True rpc=True round=1 active=True inProgress=True warmup=False timeLeft=17.84 seat1=True kit=True canAct=True
[VerbDenied] sent Shove seat 1: 1 so far.
[RequestSafetyProbe] state local=0 networked=True rpc=True round=1 active=True inProgress=True warmup=False timeLeft=16.84 seat1=True kit=True canAct=True
[RequestSafetyProbe] state local=0 networked=True rpc=True round=1 active=True inProgress=True warmup=False timeLeft=15.84 seat1=True kit=True canAct=True
[RequestSafetyProbe] local=0 round=1 elapsed=15.000 host staged slide shoe
[RequestSafetyProbe] state local=0 networked=True rpc=True round=1 active=True inProgress=True warmup=False timeLeft=14.84 seat1=True kit=True canAct=True
[RequestSafetyProbe] state local=0 networked=True rpc=True round=1 active=True inProgress=True warmup=False timeLeft=13.84 seat1=True kit=True canAct=True
[VerbDenied] sent Slide seat 1: 1 so far.
[RequestSafetyProbe] state local=0 networked=True rpc=True round=1 active=True inProgress=True warmup=False timeLeft=12.84 seat1=True kit=True canAct=True
[RequestSafetyProbe] state local=0 networked=True rpc=True round=1 active=True inProgress=True warmup=False timeLeft=11.84 seat1=True kit=True canAct=True
[RequestSafetyProbe] state local=0 networked=True rpc=True round=1 active=True inProgress=True warmup=False timeLeft=10.84 seat1=True kit=True canAct=True
[RequestSafetyProbe] state local=0 networked=True rpc=True round=1 active=True inProgress=True warmup=False timeLeft=9.84 seat1=True kit=True canAct=True
[RequestSafetyProbe] state local=0 networked=True rpc=True round=1 active=True inProgress=True warmup=False timeLeft=8.84 seat1=True kit=True canAct=True
[RequestSafetyProbe] state local=0 networked=True rpc=True round=1 active=True inProgress=True warmup=False timeLeft=7.84 seat1=True kit=True canAct=True
[RequestSafetyProbe] state local=0 networked=True rpc=True round=1 active=True inProgress=True warmup=False timeLeft=6.82 seat1=True kit=True canAct=True
[RequestSafetyProbe] state local=0 networked=True rpc=True round=1 active=True inProgress=True warmup=False timeLeft=5.82 seat1=True kit=True canAct=True
[RequestSafetyProbe] state local=0 networked=True rpc=True round=1 active=True inProgress=True warmup=False timeLeft=4.82 seat1=True kit=True canAct=True
[RequestSafetyProbe] state local=0 networked=True rpc=True round=1 active=True inProgress=True warmup=False timeLeft=3.82 seat1=True kit=True canAct=True
[RequestSafetyProbe] state local=0 networked=True rpc=True round=1 active=True inProgress=True warmup=False timeLeft=2.82 seat1=True kit=True canAct=True
[RequestSafetyProbe] state local=0 networked=True rpc=True round=1 active=True inProgress=True warmup=False timeLeft=1.82 seat1=True kit=True canAct=True
[RequestSafetyProbe] state local=0 networked=True rpc=True round=1 active=True inProgress=True warmup=False timeLeft=0.82 seat1=True kit=True canAct=True
[RequestSafetyProbe] state local=0 networked=True rpc=True round=1 active=False inProgress=True warmup=True timeLeft=0.00 seat1=True kit=True canAct=False
[RequestSafetyProbe] state local=0 networked=True rpc=True round=1 active=False inProgress=True warmup=True timeLeft=0.00 seat1=True kit=True canAct=False
[RequestSafetyProbe] state local=0 networked=True rpc=True round=1 active=False inProgress=True warmup=True timeLeft=0.00 seat1=True kit=True canAct=False
[Slice] round 2 begins, taya is seat 1
[RequestSafetyProbe] state local=0 networked=True rpc=True round=2 active=True inProgress=True warmup=False timeLeft=29.82 seat1=True kit=True canAct=True
[RequestSafetyProbe] state local=0 networked=True rpc=True round=2 active=True inProgress=True warmup=False timeLeft=28.82 seat1=True kit=True canAct=True
[RequestSafetyProbe] state local=0 networked=True rpc=True round=2 active=True inProgress=True warmup=False timeLeft=27.82 seat1=True kit=True canAct=True
[RequestSafetyProbe] state local=0 networked=True rpc=True round=2 active=True inProgress=True warmup=False timeLeft=26.82 seat1=True kit=True canAct=True
[RequestSafetyProbe] state local=0 networked=True rpc=True round=2 active=True inProgress=True warmup=False timeLeft=25.80 seat1=True kit=True canAct=True
[RequestSafetyProbe] local=0 round=2 elapsed=0.000 staged
[RequestSafetyIdentity] match=1 round=2 elapsed=4.500 kit=dante characterPick=0 lobbyPick=0 mode=HeroStrike identity=1737223430 previous=-2135545740
[RequestSafetyProbe] state local=0 networked=True rpc=True round=2 active=True inProgress=True warmup=False timeLeft=24.80 seat1=True kit=True canAct=True
[RequestSafetyProbe] state local=0 networked=True rpc=True round=2 active=True inProgress=True warmup=False timeLeft=23.80 seat1=True kit=True canAct=True
[RequestSafetyProbe] state local=0 networked=True rpc=True round=2 active=True inProgress=True warmup=False timeLeft=22.86 seat1=True kit=True canAct=True
[RequestSafetyProbe] state local=0 networked=True rpc=True round=2 active=True inProgress=True warmup=False timeLeft=21.86 seat1=True kit=True canAct=True
[VerbDenied] sent Lunge seat 1: 1 so far.
[RequestSafetyProbe] state local=0 networked=True rpc=True round=2 active=True inProgress=True warmup=False timeLeft=20.86 seat1=True kit=True canAct=True
[RequestSafetyProbe] state local=0 networked=True rpc=True round=2 active=True inProgress=True warmup=False timeLeft=19.86 seat1=True kit=True canAct=True
[RequestSafetyProbe] state local=0 networked=True rpc=True round=2 active=True inProgress=True warmup=False timeLeft=18.86 seat1=True kit=True canAct=True
[RequestSafetyProbe] state local=0 networked=True rpc=True round=2 active=True inProgress=True warmup=False timeLeft=17.86 seat1=True kit=True canAct=True
[RequestSafetyProbe] state local=0 networked=True rpc=True round=2 active=True inProgress=True warmup=False timeLeft=16.86 seat1=True kit=True canAct=True
[RequestSafetyProbe] state local=0 networked=True rpc=True round=2 active=True inProgress=True warmup=False timeLeft=15.86 seat1=True kit=True canAct=True
[RequestSafetyProbe] state local=0 networked=True rpc=True round=2 active=True inProgress=True warmup=False timeLeft=14.86 seat1=True kit=True canAct=True
[RequestSafetyProbe] state local=0 networked=True rpc=True round=2 active=True inProgress=True warmup=False timeLeft=13.86 seat1=True kit=True canAct=True
[RequestSafetyProbe] state local=0 networked=True rpc=True round=2 active=True inProgress=True warmup=False timeLeft=12.86 seat1=True kit=True canAct=True
[RequestSafetyProbe] state local=0 networked=True rpc=True round=2 active=True inProgress=True warmup=False timeLeft=11.84 seat1=True kit=True canAct=True
[RequestSafetyProbe] state local=0 networked=True rpc=True round=2 active=True inProgress=True warmup=False timeLeft=10.84 seat1=True kit=True canAct=True
[RequestSafetyProbe] state local=0 networked=True rpc=True round=2 active=True inProgress=True warmup=False timeLeft=9.84 seat1=True kit=True canAct=True
[RequestSafetyProbe] state local=0 networked=True rpc=True round=2 active=True inProgress=True warmup=False timeLeft=8.84 seat1=True kit=True canAct=True
[RequestSafetyProbe] state local=0 networked=True rpc=True round=2 active=True inProgress=True warmup=False timeLeft=7.84 seat1=True kit=True canAct=True
[RequestSafetyProbe] state local=0 networked=True rpc=True round=2 active=True inProgress=True warmup=False timeLeft=6.84 seat1=True kit=True canAct=True
[RequestSafetyProbe] local=0 round=2 elapsed=24.001 host begins fresh session in same process
[Net] offline
[NetDisconnect] peer=1 local=0 server=True connected=True
[Net] 0 connected
[NetDisconnect] peer=0 local=0 server=True connected=False
[Net] disconnected: [Disconnect Event][Client-0][TransportClientId-0][TransportShutdown] NetworkConnectionManager was shutdown. The transport was shutdown.
[NetApproval] peer=0 approved=True reason=
[NetArrival] peer=0 seat=0 replaces=-1
[Net] connected as seat 1
[NetSeat] seat changed: LocalSlot=0 spectator=False host=True allBots=False | s0:reader(OFF)+sim+live+act | s1:-+live+act | s2:-+ai+sim+bot+live+act | s3:-+ai+sim+bot+live+act
[Net] hosting on 8970, join code 7JJ6
Unloading 5 Unused Serialized files (Serialized files now loaded: 0)
UnloadTime: 20.089100 ms
Unloading 204 unused Assets to reduce memory usage. Loaded Objects now: 10634.
Total: 6.022700 ms (FindLiveObjects: 0.834400 ms CreateObjectMapping: 1.546800 ms MarkObjects: 3.375700 ms  DeleteObjects: 0.265400 ms)

[Env] repainted 220 of 944 renderers, 135 with a roof variant.
[NearFade] 1168 occluder nodes matched, 235 renderers moved onto TumbangPreso/NearFade.
[NetSeat] arena installed: LocalSlot=0 spectator=False host=True allBots=False | s0:reader+sim+live+act | s1:-+ai+sim+bot+live+act | s2:-+ai+sim+bot+live+act | s3:-+ai+sim+bot+live+act
[RequestSafetyProbe] same host process listening in a fresh session; previous epoch=639256312582148759
[RequestSafetyProbe] state local=0 networked=True rpc=True round=0 active=False inProgress=False warmup=False timeLeft=30.00 seat1=True kit=True canAct=True
[RequestSafetyProbe] state local=0 networked=True rpc=True round=0 active=False inProgress=False warmup=False timeLeft=30.00 seat1=True kit=True canAct=False
[RequestSafetyProbe] state local=0 networked=True rpc=True round=0 active=False inProgress=False warmup=False timeLeft=30.00 seat1=True kit=True canAct=True
[RequestSafetyProbe] state local=0 networked=True rpc=True round=0 active=False inProgress=False warmup=False timeLeft=30.00 seat1=True kit=True canAct=True
[RequestSafetyProbe] state local=0 networked=True rpc=True round=0 active=False inProgress=False warmup=False timeLeft=30.00 seat1=True kit=True canAct=True
[RequestSafetyProbe] state local=0 networked=True rpc=True round=0 active=False inProgress=False warmup=False timeLeft=30.00 seat1=True kit=True canAct=True
[NetApproval] peer=2 approved=True reason=
[NetArrival] peer=2 seat=1 replaces=-1
[Link] Good at 50 ms round trip (host, worst peer).
[RequestSafetyProbe] state local=0 networked=True rpc=True round=0 active=False inProgress=False warmup=False timeLeft=30.00 seat1=True kit=True canAct=True
[Net] 2 connected, seat 1
[NetAuto] READY submitted with 2 playing peers.
[RequestSafetyProbe] state local=0 networked=True rpc=True round=0 active=False inProgress=False warmup=False timeLeft=30.00 seat1=True kit=True canAct=True
[RequestSafetyProbe] state local=0 networked=True rpc=True round=0 active=False inProgress=False warmup=False timeLeft=30.00 seat1=True kit=True canAct=True
[RequestSafetyProbe] state local=0 networked=True rpc=True round=0 active=False inProgress=False warmup=False timeLeft=30.00 seat1=True kit=True canAct=True
[Slice] round 1 begins, taya is seat 0
[RequestSafetyIdentity] match=2 round=1 elapsed=0.020 kit=zack characterPick=3 lobbyPick=0 mode=HeroStrike identity=921134562 previous=1737223430
[RequestSafetyProbe] state local=0 networked=True rpc=True round=1 active=True inProgress=True warmup=False timeLeft=29.58 seat1=True kit=True canAct=True
[RequestSafetyProbe] state local=0 networked=True rpc=True round=1 active=True inProgress=True warmup=False timeLeft=28.58 seat1=True kit=True canAct=True
[RequestSafetyProbe] state local=0 networked=True rpc=True round=1 active=True inProgress=True warmup=False timeLeft=27.56 seat1=True kit=True canAct=True
[RequestSafetyProbe] state local=0 networked=True rpc=True round=1 active=True inProgress=True warmup=False timeLeft=26.56 seat1=True kit=True canAct=True
[RequestSafetyProbe] state local=0 networked=True rpc=True round=1 active=True inProgress=True warmup=False timeLeft=25.56 seat1=True kit=True canAct=True
[RequestSafetyProbe] local=0 round=1 elapsed=0.000 staged
[RequestSafetyIdentity] match=2 round=1 elapsed=4.500 kit=dante characterPick=0 lobbyPick=0 mode=HeroStrike identity=1807562282 previous=921134562
[RequestSafetyProbe] state local=0 networked=True rpc=True round=1 active=True inProgress=True warmup=False timeLeft=24.56 seat1=True kit=True canAct=True
[RequestSafetyProbe] state local=0 networked=True rpc=True round=1 active=True inProgress=True warmup=False timeLeft=23.56 seat1=True kit=True canAct=True
[RequestSafetyProbe] state local=0 networked=True rpc=True round=1 active=True inProgress=True warmup=False timeLeft=22.56 seat1=True kit=True canAct=True
[RequestSafetyProbe] state local=0 networked=True rpc=True round=1 active=True inProgress=True warmup=False timeLeft=21.56 seat1=True kit=True canAct=True
[RequestSafetyProbe] state local=0 networked=True rpc=True round=1 active=True inProgress=True warmup=False timeLeft=20.56 seat1=True kit=True canAct=True
[RequestSafetyProbe] state local=0 networked=True rpc=True round=1 active=True inProgress=True warmup=False timeLeft=19.56 seat1=True kit=True canAct=True
[RequestSafetyProbe] state local=0 networked=True rpc=True round=1 active=True inProgress=True warmup=False timeLeft=18.56 seat1=True kit=True canAct=True
[RequestSafetyProbe] state local=0 networked=True rpc=True round=1 active=True inProgress=True warmup=False timeLeft=17.56 seat1=True kit=True canAct=True
[RequestSafetyProbe] state local=0 networked=True rpc=True round=1 active=True inProgress=True warmup=False timeLeft=16.56 seat1=True kit=True canAct=True
[RequestSafetyProbe] state local=0 networked=True rpc=True round=1 active=True inProgress=True warmup=False timeLeft=15.56 seat1=True kit=True canAct=True
[RequestSafetyProbe] local=0 round=1 elapsed=15.000 host staged slide shoe
[RequestSafetyProbe] state local=0 networked=True rpc=True round=1 active=True inProgress=True warmup=False timeLeft=14.56 seat1=True kit=True canAct=True
[RequestSafetyProbe] state local=0 networked=True rpc=True round=1 active=True inProgress=True warmup=False timeLeft=13.56 seat1=True kit=True canAct=True
[RequestSafetyProbe] state local=0 networked=True rpc=True round=1 active=True inProgress=True warmup=False timeLeft=12.56 seat1=True kit=True canAct=True
[RequestSafetyProbe] state local=0 networked=True rpc=True round=1 active=True inProgress=True warmup=False timeLeft=11.54 seat1=True kit=True canAct=True
[RequestSafetyProbe] state local=0 networked=True rpc=True round=1 active=True inProgress=True warmup=False timeLeft=10.54 seat1=True kit=True canAct=True
[RequestSafetyProbe] state local=0 networked=True rpc=True round=1 active=True inProgress=True warmup=False timeLeft=9.54 seat1=True kit=True canAct=True
[RequestSafetyProbe] state local=0 networked=True rpc=True round=1 active=True inProgress=True warmup=False timeLeft=8.54 seat1=True kit=True canAct=True
[RequestSafetyProbe] state local=0 networked=True rpc=True round=1 active=True inProgress=True warmup=False timeLeft=7.54 seat1=True kit=True canAct=True
[RequestSafetyProbe] state local=0 networked=True rpc=True round=1 active=True inProgress=True warmup=False timeLeft=6.54 seat1=True kit=True canAct=True
[RequestSafetyProbe] state local=0 networked=True rpc=True round=1 active=True inProgress=True warmup=False timeLeft=5.54 seat1=True kit=True canAct=True
[RequestSafetyProbe] state local=0 networked=True rpc=True round=1 active=True inProgress=True warmup=False timeLeft=4.54 seat1=True kit=True canAct=True
[RequestSafetyProbe] state local=0 networked=True rpc=True round=1 active=True inProgress=True warmup=False timeLeft=3.54 seat1=True kit=True canAct=True
[RequestSafetyProbe] state local=0 networked=True rpc=True round=1 active=True inProgress=True warmup=False timeLeft=2.54 seat1=True kit=True canAct=True
[RequestSafetyProbe] state local=0 networked=True rpc=True round=1 active=True inProgress=True warmup=False timeLeft=1.54 seat1=True kit=True canAct=True
[RequestSafetyProbe] state local=0 networked=True rpc=True round=1 active=True inProgress=True warmup=False timeLeft=0.54 seat1=True kit=True canAct=True
[RequestSafetyProbe] state local=0 networked=True rpc=True round=1 active=False inProgress=True warmup=True timeLeft=0.00 seat1=True kit=True canAct=False
[RequestSafetyProbe] state local=0 networked=True rpc=True round=1 active=False inProgress=True warmup=True timeLeft=0.00 seat1=True kit=True canAct=False
[RequestSafetyProbe] state local=0 networked=True rpc=True round=1 active=False inProgress=True warmup=True timeLeft=0.00 seat1=True kit=True canAct=False
[Slice] round 2 begins, taya is seat 1
[RequestSafetyProbe] state local=0 networked=True rpc=True round=2 active=True inProgress=True warmup=False timeLeft=29.52 seat1=True kit=True canAct=True
[RequestSafetyProbe] state local=0 networked=True rpc=True round=2 active=True inProgress=True warmup=False timeLeft=28.52 seat1=True kit=True canAct=True
[RequestSafetyProbe] state local=0 networked=True rpc=True round=2 active=True inProgress=True warmup=False timeLeft=27.52 seat1=True kit=True canAct=True
[RequestSafetyProbe] state local=0 networked=True rpc=True round=2 active=True inProgress=True warmup=False timeLeft=26.52 seat1=True kit=True canAct=True
[RequestSafetyProbe] state local=0 networked=True rpc=True round=2 active=True inProgress=True warmup=False timeLeft=25.52 seat1=True kit=True canAct=True
[RequestSafetyProbe] local=0 round=2 elapsed=0.000 staged
[RequestSafetyIdentity] match=2 round=2 elapsed=4.500 kit=dante characterPick=0 lobbyPick=0 mode=HeroStrike identity=-1853032450 previous=1807562282
[RequestSafetyProbe] state local=0 networked=True rpc=True round=2 active=True inProgress=True warmup=False timeLeft=24.52 seat1=True kit=True canAct=True
[RequestSafetyProbe] state local=0 networked=True rpc=True round=2 active=True inProgress=True warmup=False timeLeft=23.52 seat1=True kit=True canAct=True
[RequestSafetyProbe] state local=0 networked=True rpc=True round=2 active=True inProgress=True warmup=False timeLeft=22.58 seat1=True kit=True canAct=True
[RequestSafetyProbe] state local=0 networked=True rpc=True round=2 active=True inProgress=True warmup=False timeLeft=21.58 seat1=True kit=True canAct=True
[RequestSafetyProbe] state local=0 networked=True rpc=True round=2 active=True inProgress=True warmup=False timeLeft=20.56 seat1=True kit=True canAct=True
[RequestSafetyProbe] state local=0 networked=True rpc=True round=2 active=True inProgress=True warmup=False timeLeft=19.56 seat1=True kit=True canAct=True
[RequestSafetyProbe] state local=0 networked=True rpc=True round=2 active=True inProgress=True warmup=False timeLeft=18.56 seat1=True kit=True canAct=True
[RequestSafetyProbe] state local=0 networked=True rpc=True round=2 active=True inProgress=True warmup=False timeLeft=17.56 seat1=True kit=True canAct=True
[RequestSafetyProbe] state local=0 networked=True rpc=True round=2 active=True inProgress=True warmup=False timeLeft=16.56 seat1=True kit=True canAct=True
[RequestSafetyProbe] state local=0 networked=True rpc=True round=2 active=True inProgress=True warmup=False timeLeft=15.56 seat1=True kit=True canAct=True
[RequestSafetyProbe] state local=0 networked=True rpc=True round=2 active=True inProgress=True warmup=False timeLeft=14.56 seat1=True kit=True canAct=True
[RequestSafetyProbe] state local=0 networked=True rpc=True round=2 active=True inProgress=True warmup=False timeLeft=13.56 seat1=True kit=True canAct=True
[RequestSafetyProbe] state local=0 networked=True rpc=True round=2 active=True inProgress=True warmup=False timeLeft=12.56 seat1=True kit=True canAct=True
[RequestSafetyProbe] state local=0 networked=True rpc=True round=2 active=True inProgress=True warmup=False timeLeft=11.56 seat1=True kit=True canAct=True
[RequestSafetyProbe] state local=0 networked=True rpc=True round=2 active=True inProgress=True warmup=False timeLeft=10.56 seat1=True kit=True canAct=True
[RequestSafetyProbe] state local=0 networked=True rpc=True round=2 active=True inProgress=True warmup=False timeLeft=9.56 seat1=True kit=True canAct=True
[RequestSafetyProbe] state local=0 networked=True rpc=True round=2 active=True inProgress=True warmup=False timeLeft=8.56 seat1=True kit=True canAct=True
[RequestSafetyProbe] state local=0 networked=True rpc=True round=2 active=True inProgress=True warmup=False timeLeft=7.56 seat1=True kit=True canAct=True
[RequestSafetyProbe] state local=0 networked=True rpc=True round=2 active=True inProgress=True warmup=False timeLeft=6.54 seat1=True kit=True canAct=True
[NetDisconnect] peer=2 local=0 server=True connected=True
[Handover] seat 1 was rated 1500; a Normal bot is finishing it.
[Net] 1 connected
[NetDisconnect] peer=0 local=0 server=True connected=False
[Net] disconnected: [Disconnect Event][Client-0][TransportClientId-0][TransportShutdown] NetworkConnectionManager was shutdown. The transport was shutdown.
[Physics::Module] Cleanup current backend.
[Physics::Module] Id: 0xf2b8ea05
Input System module state changed to: ShutdownInProgress.
Input Polling Thread exited.
Input System module state changed to: Shutdown.
CodeReloadManager destroyed
