Mono path[0] = 'C:/Users/Matthew/dev/tump-workers1003/qa-a/Builds/preview-lifetime-55ef828fe-1007/TumbangPreso_Data/Managed'
Mono config path = 'C:/Users/Matthew/dev/tump-workers1003/qa-a/Builds/preview-lifetime-55ef828fe-1007/MonoBleedingEdge/etc'
CodeReloadManager initialized
Input System module state changed to: Initialized.
[Physics::Module] Initialized fallback backend.
[Physics::Module] Id: 0xdecafbad
Initialize engine version: 6000.5.8f1 (5cb7df797b7d)
[Subsystems] Discovering subsystems at path C:/Users/Matthew/dev/tump-workers1003/qa-a/Builds/preview-lifetime-55ef828fe-1007/TumbangPreso_Data/UnitySubsystems
GfxDevice: creating device client; kGfxThreadingModeNonThreaded
Direct3D:
    Version:  Direct3D 11.0 [level 11.1]
    Renderer: NVIDIA GeForce RTX 4050 Laptop GPU (ID=0x28a1)
    Vendor:   NVIDIA
    VRAM:     5936 MB
    Driver:   31.0.15.4618
Begin MonoManager ReloadAssembly
- Finished resetting the current domain, in  0.028 seconds
[Physics::Module] Selected backend.
[Physics::Module] Name: PhysX
[Physics::Module] Id: 0xf2b8ea05
[Physics::Module] SDK Version: 4.1.2
[Physics::Module] Integration Version: 1.0.0
[Physics::Module] Threading Mode: Multi-Threaded
[Audio] loaded 122 of 122 cues.
[NetIdentity] UGS sign-in is disabled in batch mode. LAN hosting and joining are unaffected.
UnloadTime: 0.624800 ms
[Build] TUMBANG PRESO 1.0.0 | 8e7cfc7feb4e+dirty | protocol 153 | StandaloneWindows64
Unexpected timestamp values detected. This can occur in H.264 videos not encoded with the baseline profile. Timestamps will be skewed to correct the playback for C:/Users/Matthew/dev/tump-workers1003/qa-a/Builds/preview-lifetime-55ef828fe-1007/TumbangPreso_Data/sharedassets0.resource
Color primaries 0 is unknown or unsupported by WindowsMediaFoundation. Falling back to default may result in color shift. C:/Users/Matthew/dev/tump-workers1003/qa-a/Builds/preview-lifetime-55ef828fe-1007/TumbangPreso_Data/sharedassets0.resource
Unloading 6 Unused Serialized files (Serialized files now loaded: 0)
UnloadTime: 1.202000 ms
Unloading 19 unused Assets to reduce memory usage. Loaded Objects now: 4642.
Total: 1.590900 ms (FindLiveObjects: 0.227800 ms CreateObjectMapping: 0.320600 ms MarkObjects: 0.984400 ms  DeleteObjects: 0.058000 ms)

First video frame not zero: 2 (0.066667s). Result may be out of sync. Please make sure tracks all start at 0 in C:/Users/Matthew/dev/tump-workers1003/qa-a/Builds/preview-lifetime-55ef828fe-1007/TumbangPreso_Data/resources.resource
Color primaries 0 is unknown or unsupported by WindowsMediaFoundation. Falling back to default may result in color shift. C:/Users/Matthew/dev/tump-workers1003/qa-a/Builds/preview-lifetime-55ef828fe-1007/TumbangPreso_Data/resources.resource
Unloading 4 Unused Serialized files (Serialized files now loaded: 0)
UnloadTime: 1.454000 ms
Unexpected timestamp values detected. This can occur in H.264 videos not encoded with the baseline profile. Timestamps will be skewed to correct the playback for C:/Users/Matthew/dev/tump-workers1003/qa-a/Builds/preview-lifetime-55ef828fe-1007/TumbangPreso_Data/resources.resource
Color primaries 0 is unknown or unsupported by WindowsMediaFoundation. Falling back to default may result in color shift. C:/Users/Matthew/dev/tump-workers1003/qa-a/Builds/preview-lifetime-55ef828fe-1007/TumbangPreso_Data/resources.resource
First video frame not zero: 2 (0.066667s). Result may be out of sync. Please make sure tracks all start at 0 in C:/Users/Matthew/dev/tump-workers1003/qa-a/Builds/preview-lifetime-55ef828fe-1007/TumbangPreso_Data/resources.resource
Unloading 48 unused Assets to reduce memory usage. Loaded Objects now: 6334.
Total: 1.773500 ms (FindLiveObjects: 0.220700 ms CreateObjectMapping: 0.408000 ms MarkObjects: 1.044200 ms  DeleteObjects: 0.100300 ms)

[MapPreviewPlayer] passed=True 
[Physics::Module] Cleanup current backend.
[Physics::Module] Id: 0xf2b8ea05
Input System module state changed to: ShutdownInProgress.
Input Polling Thread exited.
Input System module state changed to: Shutdown.
CodeReloadManager destroyed
