Mono path[0] = 'C:/Users/matth/Documents/GitHub/TumbangPreso-Unity-validation/Builds/existing-ui-kits-v41/TumbangPreso_Data/Managed'
Mono config path = 'C:/Users/matth/Documents/GitHub/TumbangPreso-Unity-validation/Builds/existing-ui-kits-v41/MonoBleedingEdge/etc'
CodeReloadManager initialized
Input System module state changed to: Initialized.
[Physics::Module] Initialized fallback backend.
[Physics::Module] Id: 0xdecafbad
Initialize engine version: 6000.5.8f1 (5cb7df797b7d)
[Subsystems] Discovering subsystems at path C:/Users/matth/Documents/GitHub/TumbangPreso-Unity-validation/Builds/existing-ui-kits-v41/TumbangPreso_Data/UnitySubsystems
GfxDevice: creating device client; kGfxThreadingModeNonThreaded
d3d12: failed to query info queue interface (0x80004002).
Direct3D:
    Version:         Direct3D 12 [level 12.2]
    Renderer:        AMD Radeon RX 6600 (ID=0x73ff)
    Vendor:          ATI
    VRAM:            8147 MB
    App VRAM Budget: 7379 MB
    Driver:          32.0.21043.19003
Begin MonoManager ReloadAssembly
- Finished resetting the current domain, in  0.071 seconds
[Physics::Module] Selected backend.
[Physics::Module] Name: PhysX
[Physics::Module] Id: 0xf2b8ea05
[Physics::Module] SDK Version: 4.1.2
[Physics::Module] Integration Version: 1.0.0
[Physics::Module] Threading Mode: Multi-Threaded
D3D11 device created for Microsoft Media Foundation video decoding.
[Audio] loaded 129 of 129 cues.
[NetIdentity] UGS sign-in is disabled in batch mode. LAN hosting and joining are unaffected.
UnloadTime: 1.170300 ms
[Build] TUMBANG PRESO 1.0.0 | db9761260600+dirty | protocol 48 | StandaloneWindows64
[NetIdentity] UGS sign-in is disabled in batch mode. LAN hosting and joining are unaffected.
[Net] connecting to 127.0.0.1:8970
[NetBoot] join requested to 127.0.0.1:8970: connecting
Unloading 6 Unused Serialized files (Serialized files now loaded: 0)
[RequestSafetyProbe] state local=0 networked=True rpc=True round=0 active=False inProgress=False warmup=False timeLeft=90.00 seat1=False kit=False canAct=
[Social] presence not written: Singleton is not initialized. Please call UnityServices.InitializeAsync() to initialize.
UnloadTime: 4.216500 ms
Unloading 34 unused Assets to reduce memory usage. Loaded Objects now: 8377.
Total: 2.608300 ms (FindLiveObjects: 0.401000 ms CreateObjectMapping: 0.526200 ms MarkObjects: 1.572800 ms  DeleteObjects: 0.108200 ms)

[Env] 'Unlit/Transparent' has no colour property this pass knows; that surface keeps the kit's own colour.
[Env] repainted 220 of 944 renderers, 135 with a roof variant.
[NearFade] 1168 occluder nodes matched, 235 renderers moved onto TumbangPreso/NearFade.
[NetSeat] arena installed: LocalSlot=0 spectator=False host=False allBots=False | s0:reader+sim+live+act | s1:-+bot+live+act | s2:-+bot+live+act | s3:-+bot+live+act
[RequestSafetyProbe] state local=0 networked=True rpc=True round=0 active=False inProgress=False warmup=False timeLeft=30.00 seat1=True kit=True canAct=True
[Link] Good at 50 ms round trip (client).
[Net] connected
[Net] connected as seat 2
[NetSeat] seat changed: LocalSlot=1 spectator=False host=False allBots=False | s0:reader(OFF)+live+act | s1:reader+sim+bot+live+act | s2:-+bot+live+act | s3:-+bot+live+act
[NetAuto] READY submitted from a client peer.
[RequestSafetyProbe] state local=1 networked=True rpc=True round=0 active=False inProgress=False warmup=False timeLeft=30.00 seat1=True kit=True canAct=True
[RequestSafetyProbe] state local=1 networked=True rpc=True round=0 active=False inProgress=False warmup=False timeLeft=30.00 seat1=True kit=True canAct=True
[RequestSafetyProbe] state local=1 networked=True rpc=True round=0 active=False inProgress=False warmup=False timeLeft=30.00 seat1=True kit=True canAct=True
[RequestSafetyProbe] state local=1 networked=True rpc=True round=0 active=False inProgress=False warmup=False timeLeft=30.00 seat1=True kit=True canAct=True
[RequestSafetyProbe] state local=1 networked=True rpc=True round=1 active=True inProgress=True warmup=False timeLeft=29.68 seat1=True kit=True canAct=True
[Slice] round 1 begins, taya is seat 0
[RequestSafetyProbe] state local=1 networked=True rpc=True round=1 active=True inProgress=True warmup=False timeLeft=28.68 seat1=True kit=True canAct=True
[RequestSafetyProbe] state local=1 networked=True rpc=True round=1 active=True inProgress=True warmup=False timeLeft=27.68 seat1=True kit=True canAct=True
[RequestSafetyProbe] state local=1 networked=True rpc=True round=1 active=True inProgress=True warmup=False timeLeft=26.68 seat1=True kit=True canAct=True
[RequestSafetyProbe] state local=1 networked=True rpc=True round=1 active=True inProgress=True warmup=False timeLeft=25.68 seat1=True kit=True canAct=True
[RequestSafetyProbe] local=1 round=1 elapsed=0.000 staged
[RequestSafetyProbe] state local=1 networked=True rpc=True round=1 active=True inProgress=True warmup=False timeLeft=24.68 seat1=True kit=True canAct=True
[RequestSafetyProbe] state local=1 networked=True rpc=True round=1 active=True inProgress=True warmup=False timeLeft=23.68 seat1=True kit=True canAct=True
[RequestSafetyProbe] local=1 round=1 elapsed=7.000 stale-seat grab claiming seat 2
[RequestSafetyProbe] state local=1 networked=True rpc=True round=1 active=True inProgress=True warmup=False timeLeft=22.68 seat1=True kit=True canAct=True
[RequestSafetyProbe] local=1 round=1 elapsed=8.000 duplicate grab x2
[RequestSafetyProbe] state local=1 networked=True rpc=True round=1 active=True inProgress=True warmup=False timeLeft=21.68 seat1=True kit=True canAct=True
[RequestSafetyProbe] state local=1 networked=True rpc=True round=1 active=True inProgress=True warmup=False timeLeft=20.68 seat1=True kit=True canAct=True
[RequestSafetyProbe] local=1 round=1 elapsed=10.000 duplicate throw x2
[RequestSafetyProbe] state local=1 networked=True rpc=True round=1 active=True inProgress=True warmup=False timeLeft=19.68 seat1=True kit=True canAct=True
[RequestSafetyProbe] state local=1 networked=True rpc=True round=1 active=True inProgress=True warmup=False timeLeft=18.68 seat1=True kit=True canAct=True
[RequestSafetyProbe] local=1 round=1 elapsed=11.500 stale-seat shove claiming seat 2
[RequestSafetyProbe] local=1 round=1 elapsed=12.000 wrong-role punch as attacker
[VerbDenied] taken Punch seat 1: 1 so far.
[RequestSafetyProbe] state local=1 networked=True rpc=True round=1 active=True inProgress=True warmup=False timeLeft=17.68 seat1=True kit=True canAct=True
[RequestSafetyProbe] local=1 round=1 elapsed=13.000 duplicate shove x2
[VerbDenied] taken Shove seat 1: 1 so far.
[RequestSafetyProbe] state local=1 networked=True rpc=True round=1 active=True inProgress=True warmup=False timeLeft=16.66 seat1=True kit=True canAct=True
[RequestSafetyProbe] state local=1 networked=True rpc=True round=1 active=True inProgress=True warmup=False timeLeft=15.66 seat1=True kit=True canAct=True
[RequestSafetyProbe] state local=1 networked=True rpc=True round=1 active=True inProgress=True warmup=False timeLeft=14.66 seat1=True kit=True canAct=True
[RequestSafetyProbe] state local=1 networked=True rpc=True round=1 active=True inProgress=True warmup=False timeLeft=13.66 seat1=True kit=True canAct=True
[RequestSafetyProbe] local=1 round=1 elapsed=17.000 duplicate slide x2
[VerbDenied] taken Slide seat 1: 1 so far.
[RequestSafetyProbe] state local=1 networked=True rpc=True round=1 active=True inProgress=True warmup=False timeLeft=12.66 seat1=True kit=True canAct=True
[RequestSafetyProbe] state local=1 networked=True rpc=True round=1 active=True inProgress=True warmup=False timeLeft=11.66 seat1=True kit=True canAct=True
[RequestSafetyProbe] state local=1 networked=True rpc=True round=1 active=True inProgress=True warmup=False timeLeft=10.66 seat1=True kit=True canAct=True
[RequestSafetyProbe] local=1 round=1 elapsed=19.500 duplicate carapace cast x2
[RequestSafetyProbe] state local=1 networked=True rpc=True round=1 active=True inProgress=True warmup=False timeLeft=9.66 seat1=True kit=True canAct=True
[RequestSafetyProbe] local=1 round=1 elapsed=21.000 stomp cast x3 in one frame
[RequestSafetyProbe] state local=1 networked=True rpc=True round=1 active=True inProgress=True warmup=False timeLeft=8.66 seat1=True kit=True canAct=True
[RequestSafetyProbe] state local=1 networked=True rpc=True round=1 active=True inProgress=True warmup=False timeLeft=7.66 seat1=True kit=True canAct=True
[RequestSafetyProbe] local=1 round=1 elapsed=22.501 stomp cast 4 after windup
[RequestSafetyProbe] state local=1 networked=True rpc=True round=1 active=True inProgress=True warmup=False timeLeft=6.66 seat1=True kit=True canAct=True
[RequestSafetyProbe] local=1 round=1 elapsed=24.001 stomp cast 5 with no charge
[RequestSafetyProbe] state local=1 networked=True rpc=True round=1 active=True inProgress=True warmup=False timeLeft=5.66 seat1=True kit=True canAct=True
[RequestSafetyProbe] state local=1 networked=True rpc=True round=1 active=True inProgress=True warmup=False timeLeft=4.66 seat1=True kit=True canAct=True
[RequestSafetyProbe] state local=1 networked=True rpc=True round=1 active=True inProgress=True warmup=False timeLeft=3.64 seat1=True kit=True canAct=True
[RequestSafetyProbe] state local=1 networked=True rpc=True round=1 active=True inProgress=True warmup=False timeLeft=2.64 seat1=True kit=True canAct=True
[RequestSafetyProbe] state local=1 networked=True rpc=True round=1 active=True inProgress=True warmup=False timeLeft=1.64 seat1=True kit=True canAct=True
[RequestSafetyProbe] state local=1 networked=True rpc=True round=1 active=True inProgress=True warmup=False timeLeft=0.64 seat1=True kit=True canAct=True
[RequestSafetyProbe] local=1 round=1 elapsed=29.901 duplicate throw at the round boundary
[RequestSafetyProbe] state local=1 networked=True rpc=True round=1 active=False inProgress=True warmup=True timeLeft=0.00 seat1=True kit=True canAct=False
[RequestSafetyProbe] state local=1 networked=True rpc=True round=1 active=False inProgress=True warmup=True timeLeft=0.00 seat1=True kit=True canAct=False
[RequestSafetyProbe] state local=1 networked=True rpc=True round=1 active=False inProgress=True warmup=True timeLeft=0.00 seat1=True kit=True canAct=False
[RequestSafetyProbe] state local=1 networked=True rpc=True round=2 active=True inProgress=True warmup=False timeLeft=29.62 seat1=True kit=True canAct=True
[RequestSafetyProbe] state local=1 networked=True rpc=True round=2 active=True inProgress=True warmup=False timeLeft=28.62 seat1=True kit=True canAct=True
[RequestSafetyProbe] state local=1 networked=True rpc=True round=2 active=True inProgress=True warmup=False timeLeft=27.62 seat1=True kit=True canAct=True
[RequestSafetyProbe] state local=1 networked=True rpc=True round=2 active=True inProgress=True warmup=False timeLeft=26.62 seat1=True kit=True canAct=True
[RequestSafetyProbe] state local=1 networked=True rpc=True round=2 active=True inProgress=True warmup=False timeLeft=25.62 seat1=True kit=True canAct=True
[RequestSafetyProbe] local=1 round=2 elapsed=0.000 staged
[RequestSafetyProbe] state local=1 networked=True rpc=True round=2 active=True inProgress=True warmup=False timeLeft=24.62 seat1=True kit=True canAct=True
[RequestSafetyProbe] state local=1 networked=True rpc=True round=2 active=True inProgress=True warmup=False timeLeft=23.62 seat1=True kit=True canAct=True
[RequestSafetyProbe] local=1 round=2 elapsed=7.000 duplicate punch x2
[RequestSafetyProbe] state local=1 networked=True rpc=True round=2 active=True inProgress=True warmup=False timeLeft=22.68 seat1=True kit=True canAct=True
[RequestSafetyProbe] state local=1 networked=True rpc=True round=2 active=True inProgress=True warmup=False timeLeft=21.66 seat1=True kit=True canAct=True
[RequestSafetyProbe] local=1 round=2 elapsed=9.000 duplicate lunge x2
[VerbDenied] taken Lunge seat 1: 1 so far.
[RequestSafetyProbe] state local=1 networked=True rpc=True round=2 active=True inProgress=True warmup=False timeLeft=20.66 seat1=True kit=True canAct=True
[RequestSafetyProbe] state local=1 networked=True rpc=True round=2 active=True inProgress=True warmup=False timeLeft=19.66 seat1=True kit=True canAct=True
[RequestSafetyProbe] local=1 round=2 elapsed=11.000 wrong-role shove as taya
[RequestSafetyProbe] state local=1 networked=True rpc=True round=2 active=True inProgress=True warmup=False timeLeft=18.66 seat1=True kit=True canAct=True
[RequestSafetyProbe] local=1 round=2 elapsed=12.000 stale-seat punch claiming seat 0
[RequestSafetyProbe] state local=1 networked=True rpc=True round=2 active=True inProgress=True warmup=False timeLeft=17.66 seat1=True kit=True canAct=True
[RequestSafetyProbe] state local=1 networked=True rpc=True round=2 active=True inProgress=True warmup=False timeLeft=16.66 seat1=True kit=True canAct=True
[RequestSafetyProbe] local=1 round=2 elapsed=14.000 legitimate punch input
[RequestSafetyProbe] state local=1 networked=True rpc=True round=2 active=True inProgress=True warmup=False timeLeft=15.66 seat1=True kit=True canAct=True
[RequestSafetyProbe] state local=1 networked=True rpc=True round=2 active=True inProgress=True warmup=False timeLeft=14.66 seat1=True kit=True canAct=True
[RequestSafetyProbe] local=1 round=2 elapsed=16.000 legitimate lunge input
[RequestSafetyProbe] state local=1 networked=True rpc=True round=2 active=True inProgress=True warmup=False timeLeft=13.66 seat1=True kit=True canAct=True
[RequestSafetyProbe] state local=1 networked=True rpc=True round=2 active=True inProgress=True warmup=False timeLeft=12.66 seat1=True kit=True canAct=True
[RequestSafetyProbe] state local=1 networked=True rpc=True round=2 active=True inProgress=True warmup=False timeLeft=11.66 seat1=True kit=True canAct=True
[RequestSafetyProbe] local=1 round=2 elapsed=19.000 legitimate stomp input
[RequestSafetyProbe] state local=1 networked=True rpc=True round=2 active=True inProgress=True warmup=False timeLeft=10.66 seat1=True kit=True canAct=True
[RequestSafetyProbe] state local=1 networked=True rpc=True round=2 active=True inProgress=True warmup=False timeLeft=9.66 seat1=True kit=True canAct=True
[RequestSafetyProbe] state local=1 networked=True rpc=True round=2 active=True inProgress=True warmup=False timeLeft=8.66 seat1=True kit=True canAct=True
[RequestSafetyProbe] state local=1 networked=True rpc=True round=2 active=True inProgress=True warmup=False timeLeft=7.66 seat1=True kit=True canAct=True
[RequestSafetyProbe] state local=1 networked=True rpc=True round=2 active=True inProgress=True warmup=False timeLeft=6.66 seat1=True kit=True canAct=True
[RequestSafetyProbe] state local=1 networked=True rpc=True round=2 active=True inProgress=True warmup=False timeLeft=5.66 seat1=True kit=True canAct=True
[RequestSafetyProbe] state local=1 networked=True rpc=True round=2 active=True inProgress=True warmup=False timeLeft=4.66 seat1=True kit=True canAct=True
[RequestSafetyProbe] state local=1 networked=True rpc=True round=2 active=True inProgress=True warmup=False timeLeft=3.66 seat1=True kit=True canAct=True
[RequestSafetyProbe] state local=1 networked=True rpc=True round=2 active=True inProgress=True warmup=False timeLeft=2.64 seat1=True kit=True canAct=True
[RequestSafetyProbe] state local=1 networked=True rpc=True round=2 active=True inProgress=True warmup=False timeLeft=1.64 seat1=True kit=True canAct=True
[RequestSafetyProbe] state local=1 networked=True rpc=True round=2 active=True inProgress=True warmup=False timeLeft=0.64 seat1=True kit=True canAct=True
[RequestSafetyProbe] state local=1 networked=True rpc=True round=2 active=True inProgress=True warmup=False timeLeft=0.00 seat1=True kit=True canAct=True
[Slice] match over. scores: 290 / 390 / 0 / 0. seat 1 wins
[NetAuto] REMATCH vote submitted from the result board.
Unloading 6 Unused Serialized files (Serialized files now loaded: 0)
UnloadTime: 11.423700 ms
Unloading 512 unused Assets to reduce memory usage. Loaded Objects now: 9730.
Total: 5.503000 ms (FindLiveObjects: 0.608500 ms CreateObjectMapping: 1.140500 ms MarkObjects: 3.037200 ms  DeleteObjects: 0.716500 ms)

[NetSeat] arena installed: LocalSlot=1 spectator=False host=False allBots=False | s0:-+live+act | s1:reader+sim+live+act | s2:-+bot+live+act | s3:-+bot+live+act
[Env] repainted 524 of 798 renderers, 108 with a roof variant.
[NearFade] 910 occluder nodes matched, 584 renderers moved onto TumbangPreso/NearFade.
[RequestSafetyProbe] state local=1 networked=True rpc=True round=0 active=False inProgress=False warmup=False timeLeft=30.00 seat1=True kit=True canAct=True
[NetAuto] READY submitted from a client peer.
[RequestSafetyProbe] state local=1 networked=True rpc=True round=0 active=False inProgress=False warmup=False timeLeft=30.00 seat1=True kit=True canAct=True
[RequestSafetyProbe] state local=1 networked=True rpc=True round=0 active=False inProgress=False warmup=False timeLeft=30.00 seat1=True kit=True canAct=True
[RequestSafetyProbe] state local=1 networked=True rpc=True round=0 active=False inProgress=False warmup=False timeLeft=30.00 seat1=True kit=True canAct=True
[Slice] round 1 begins, taya is seat 0
[NetAuto] REMATCH began after the peer vote.
[RequestSafetyProbe] state local=1 networked=True rpc=True round=1 active=True inProgress=True warmup=False timeLeft=29.98 seat1=True kit=True canAct=True
[RequestSafetyProbe] state local=1 networked=True rpc=True round=1 active=True inProgress=True warmup=False timeLeft=28.96 seat1=True kit=True canAct=True
[RequestSafetyProbe] state local=1 networked=True rpc=True round=1 active=True inProgress=True warmup=False timeLeft=27.96 seat1=True kit=True canAct=True
[RequestSafetyProbe] state local=1 networked=True rpc=True round=1 active=True inProgress=True warmup=False timeLeft=26.96 seat1=True kit=True canAct=True
[RequestSafetyProbe] state local=1 networked=True rpc=True round=1 active=True inProgress=True warmup=False timeLeft=25.96 seat1=True kit=True canAct=True
[RequestSafetyProbe] local=1 round=1 elapsed=0.000 staged
[RequestSafetyProbe] state local=1 networked=True rpc=True round=1 active=True inProgress=True warmup=False timeLeft=24.96 seat1=True kit=True canAct=True
[RequestSafetyProbe] state local=1 networked=True rpc=True round=1 active=True inProgress=True warmup=False timeLeft=23.96 seat1=True kit=True canAct=True
[RequestSafetyProbe] local=1 round=1 elapsed=7.000 stale-seat grab claiming seat 2
[RequestSafetyProbe] state local=1 networked=True rpc=True round=1 active=True inProgress=True warmup=False timeLeft=22.96 seat1=True kit=True canAct=True
[RequestSafetyProbe] local=1 round=1 elapsed=8.000 duplicate grab x2
[RequestSafetyProbe] state local=1 networked=True rpc=True round=1 active=True inProgress=True warmup=False timeLeft=21.96 seat1=True kit=True canAct=True
[RequestSafetyProbe] state local=1 networked=True rpc=True round=1 active=True inProgress=True warmup=False timeLeft=20.96 seat1=True kit=True canAct=True
[RequestSafetyProbe] local=1 round=1 elapsed=10.000 duplicate throw x2
[RequestSafetyProbe] state local=1 networked=True rpc=True round=1 active=True inProgress=True warmup=False timeLeft=19.96 seat1=True kit=True canAct=True
[RequestSafetyProbe] state local=1 networked=True rpc=True round=1 active=True inProgress=True warmup=False timeLeft=18.96 seat1=True kit=True canAct=True
[RequestSafetyProbe] local=1 round=1 elapsed=11.500 stale-seat shove claiming seat 2
[RequestSafetyProbe] local=1 round=1 elapsed=12.000 wrong-role punch as attacker
[RequestSafetyProbe] state local=1 networked=True rpc=True round=1 active=True inProgress=True warmup=False timeLeft=17.96 seat1=True kit=True canAct=True
[RequestSafetyProbe] local=1 round=1 elapsed=13.000 duplicate shove x2
[RequestSafetyProbe] state local=1 networked=True rpc=True round=1 active=True inProgress=True warmup=False timeLeft=16.96 seat1=True kit=True canAct=True
[RequestSafetyProbe] state local=1 networked=True rpc=True round=1 active=True inProgress=True warmup=False timeLeft=15.96 seat1=True kit=True canAct=True
[RequestSafetyProbe] state local=1 networked=True rpc=True round=1 active=True inProgress=True warmup=False timeLeft=14.96 seat1=True kit=True canAct=True
[RequestSafetyProbe] state local=1 networked=True rpc=True round=1 active=True inProgress=True warmup=False timeLeft=13.96 seat1=True kit=True canAct=True
[RequestSafetyProbe] local=1 round=1 elapsed=17.000 duplicate slide x2
[RequestSafetyProbe] state local=1 networked=True rpc=True round=1 active=True inProgress=True warmup=False timeLeft=12.96 seat1=True kit=True canAct=True
[RequestSafetyProbe] state local=1 networked=True rpc=True round=1 active=True inProgress=True warmup=False timeLeft=11.94 seat1=True kit=True canAct=True
[RequestSafetyProbe] state local=1 networked=True rpc=True round=1 active=True inProgress=True warmup=False timeLeft=10.94 seat1=True kit=True canAct=True
[RequestSafetyProbe] local=1 round=1 elapsed=19.500 duplicate carapace cast x2
[RequestSafetyProbe] state local=1 networked=True rpc=True round=1 active=True inProgress=True warmup=False timeLeft=9.94 seat1=True kit=True canAct=True
[RequestSafetyProbe] local=1 round=1 elapsed=21.000 stomp cast x3 in one frame
[RequestSafetyProbe] state local=1 networked=True rpc=True round=1 active=True inProgress=True warmup=False timeLeft=8.94 seat1=True kit=True canAct=True
[RequestSafetyProbe] state local=1 networked=True rpc=True round=1 active=True inProgress=True warmup=False timeLeft=7.94 seat1=True kit=True canAct=True
[RequestSafetyProbe] local=1 round=1 elapsed=22.501 stomp cast 4 after windup
[RequestSafetyProbe] state local=1 networked=True rpc=True round=1 active=True inProgress=True warmup=False timeLeft=6.94 seat1=True kit=True canAct=True
[RequestSafetyProbe] local=1 round=1 elapsed=24.001 stomp cast 5 with no charge
[RequestSafetyProbe] state local=1 networked=True rpc=True round=1 active=True inProgress=True warmup=False timeLeft=5.94 seat1=True kit=True canAct=True
[RequestSafetyProbe] state local=1 networked=True rpc=True round=1 active=True inProgress=True warmup=False timeLeft=4.94 seat1=True kit=True canAct=True
[RequestSafetyProbe] state local=1 networked=True rpc=True round=1 active=True inProgress=True warmup=False timeLeft=3.94 seat1=True kit=True canAct=True
[RequestSafetyProbe] state local=1 networked=True rpc=True round=1 active=True inProgress=True warmup=False timeLeft=2.94 seat1=True kit=True canAct=True
[RequestSafetyProbe] state local=1 networked=True rpc=True round=1 active=True inProgress=True warmup=False timeLeft=1.94 seat1=True kit=True canAct=True
[RequestSafetyProbe] state local=1 networked=True rpc=True round=1 active=True inProgress=True warmup=False timeLeft=0.94 seat1=True kit=True canAct=True
[RequestSafetyProbe] local=1 round=1 elapsed=29.901 duplicate throw at the round boundary
[RequestSafetyProbe] state local=1 networked=True rpc=True round=1 active=False inProgress=True warmup=True timeLeft=0.00 seat1=True kit=True canAct=False
[RequestSafetyProbe] state local=1 networked=True rpc=True round=1 active=False inProgress=True warmup=True timeLeft=0.00 seat1=True kit=True canAct=False
[RequestSafetyProbe] state local=1 networked=True rpc=True round=1 active=False inProgress=True warmup=True timeLeft=0.00 seat1=True kit=True canAct=False
[RequestSafetyProbe] state local=1 networked=True rpc=True round=1 active=False inProgress=True warmup=True timeLeft=0.00 seat1=True kit=True canAct=False
[RequestSafetyProbe] state local=1 networked=True rpc=True round=2 active=True inProgress=True warmup=False timeLeft=28.92 seat1=True kit=True canAct=True
[RequestSafetyProbe] state local=1 networked=True rpc=True round=2 active=True inProgress=True warmup=False timeLeft=27.92 seat1=True kit=True canAct=True
[RequestSafetyProbe] state local=1 networked=True rpc=True round=2 active=True inProgress=True warmup=False timeLeft=26.92 seat1=True kit=True canAct=True
[RequestSafetyProbe] state local=1 networked=True rpc=True round=2 active=True inProgress=True warmup=False timeLeft=25.92 seat1=True kit=True canAct=True
[RequestSafetyProbe] local=1 round=2 elapsed=0.000 staged
[RequestSafetyProbe] state local=1 networked=True rpc=True round=2 active=True inProgress=True warmup=False timeLeft=24.92 seat1=True kit=True canAct=True
[RequestSafetyProbe] state local=1 networked=True rpc=True round=2 active=True inProgress=True warmup=False timeLeft=23.92 seat1=True kit=True canAct=True
[RequestSafetyProbe] local=1 round=2 elapsed=7.000 duplicate punch x2
[RequestSafetyProbe] state local=1 networked=True rpc=True round=2 active=True inProgress=True warmup=False timeLeft=22.98 seat1=True kit=True canAct=True
[RequestSafetyProbe] state local=1 networked=True rpc=True round=2 active=True inProgress=True warmup=False timeLeft=21.98 seat1=True kit=True canAct=True
[RequestSafetyProbe] local=1 round=2 elapsed=9.000 duplicate lunge x2
[RequestSafetyProbe] state local=1 networked=True rpc=True round=2 active=True inProgress=True warmup=False timeLeft=20.98 seat1=True kit=True canAct=True
[RequestSafetyProbe] state local=1 networked=True rpc=True round=2 active=True inProgress=True warmup=False timeLeft=19.98 seat1=True kit=True canAct=True
[RequestSafetyProbe] local=1 round=2 elapsed=11.000 wrong-role shove as taya
[RequestSafetyProbe] state local=1 networked=True rpc=True round=2 active=True inProgress=True warmup=False timeLeft=18.98 seat1=True kit=True canAct=True
[RequestSafetyProbe] local=1 round=2 elapsed=12.000 stale-seat punch claiming seat 0
[RequestSafetyProbe] state local=1 networked=True rpc=True round=2 active=True inProgress=True warmup=False timeLeft=17.98 seat1=True kit=True canAct=True
[RequestSafetyProbe] state local=1 networked=True rpc=True round=2 active=True inProgress=True warmup=False timeLeft=16.98 seat1=True kit=True canAct=True
[RequestSafetyProbe] local=1 round=2 elapsed=14.000 legitimate punch input
[RequestSafetyProbe] state local=1 networked=True rpc=True round=2 active=True inProgress=True warmup=False timeLeft=15.98 seat1=True kit=True canAct=True
[RequestSafetyProbe] state local=1 networked=True rpc=True round=2 active=True inProgress=True warmup=False timeLeft=14.98 seat1=True kit=True canAct=True
[RequestSafetyProbe] local=1 round=2 elapsed=16.000 legitimate lunge input
[RequestSafetyProbe] state local=1 networked=True rpc=True round=2 active=True inProgress=True warmup=False timeLeft=13.96 seat1=True kit=True canAct=True
[RequestSafetyProbe] state local=1 networked=True rpc=True round=2 active=True inProgress=True warmup=False timeLeft=12.96 seat1=True kit=True canAct=True
[RequestSafetyProbe] state local=1 networked=True rpc=True round=2 active=True inProgress=True warmup=False timeLeft=11.96 seat1=True kit=True canAct=True
[RequestSafetyProbe] local=1 round=2 elapsed=19.000 legitimate stomp input
[RequestSafetyProbe] state local=1 networked=True rpc=True round=2 active=True inProgress=True warmup=False timeLeft=10.96 seat1=True kit=True canAct=True
[RequestSafetyProbe] state local=1 networked=True rpc=True round=2 active=True inProgress=True warmup=False timeLeft=9.96 seat1=True kit=True canAct=True
[RequestSafetyProbe] state local=1 networked=True rpc=True round=2 active=True inProgress=True warmup=False timeLeft=8.96 seat1=True kit=True canAct=True
[RequestSafetyProbe] state local=1 networked=True rpc=True round=2 active=True inProgress=True warmup=False timeLeft=7.96 seat1=True kit=True canAct=True
[RequestSafetyProbe] state local=1 networked=True rpc=True round=2 active=True inProgress=True warmup=False timeLeft=6.96 seat1=True kit=True canAct=True
[NetDisconnect] peer=1 local=1 server=False connected=True
[Net] disconnected: [Disconnect Event][Client-1][TransportClientId-4294967296][ClosedByRemote] Connection was closed by remote endpoint.
[Abandon] HostLost: ABANDONED at round 2 of 2; this peer may no longer resolve anything
[RequestSafetyProbe] state local=0 networked=True rpc=True round=2 active=True inProgress=True warmup=False timeLeft=5.96 seat1=True kit=True canAct=True
Unloading 4 Unused Serialized files (Serialized files now loaded: 0)
UnloadTime: 4.430100 ms
Unloading 579 unused Assets to reduce memory usage. Loaded Objects now: 6519.
Total: 5.592600 ms (FindLiveObjects: 0.447600 ms CreateObjectMapping: 0.853200 ms MarkObjects: 3.453400 ms  DeleteObjects: 0.838100 ms)

[NetApproval] peer=0 approved=True reason=
[NetArrival] peer=0 seat=0 replaces=-1
[Net] connected as seat 1
[Net] hosting on 8910, join code FA3P
[Link] Unknown at 0 ms round trip (host, worst peer).
[Env] repainted 524 of 798 renderers, 108 with a roof variant.
[NearFade] 910 occluder nodes matched, 584 renderers moved onto TumbangPreso/NearFade.
[Env] repainted 524 of 798 renderers, 108 with a roof variant.
[NearFade] 910 occluder nodes matched, 584 renderers moved onto TumbangPreso/NearFade.
[RequestSafetyProbe] state local=0 networked=True rpc=True round=2 active=True inProgress=True warmup=False timeLeft=5.28 seat1=False kit=False canAct=
[RequestSafetyProbe] state local=0 networked=True rpc=True round=2 active=True inProgress=True warmup=False timeLeft=4.28 seat1=False kit=False canAct=
[RequestSafetyProbe] state local=0 networked=True rpc=True round=2 active=True inProgress=True warmup=False timeLeft=3.28 seat1=False kit=False canAct=
[RequestSafetyProbe] state local=0 networked=True rpc=True round=2 active=True inProgress=True warmup=False timeLeft=2.28 seat1=False kit=False canAct=
[RequestSafetyProbe] state local=0 networked=True rpc=True round=2 active=True inProgress=True warmup=False timeLeft=1.28 seat1=False kit=False canAct=
[RequestSafetyProbe] state local=0 networked=True rpc=True round=2 active=True inProgress=True warmup=False timeLeft=0.28 seat1=False kit=False canAct=
[RequestSafetyProbe] state local=0 networked=True rpc=True round=2 active=False inProgress=False warmup=False timeLeft=0.00 seat1=False kit=False canAct=
[RequestSafetyProbe] state local=0 networked=True rpc=True round=2 active=False inProgress=False warmup=False timeLeft=0.00 seat1=False kit=False canAct=
[RequestSafetyProbe] state local=0 networked=True rpc=True round=2 active=False inProgress=False warmup=False timeLeft=0.00 seat1=False kit=False canAct=
[RequestSafetyProbe] state local=0 networked=True rpc=True round=2 active=False inProgress=False warmup=False timeLeft=0.00 seat1=False kit=False canAct=
[RequestSafetyProbe] state local=0 networked=True rpc=True round=2 active=False inProgress=False warmup=False timeLeft=0.00 seat1=False kit=False canAct=
[RequestSafetyProbe] state local=0 networked=True rpc=True round=2 active=False inProgress=False warmup=False timeLeft=0.00 seat1=False kit=False canAct=
[RequestSafetyProbe] state local=0 networked=True rpc=True round=2 active=False inProgress=False warmup=False timeLeft=0.00 seat1=False kit=False canAct=
[RequestSafetyProbe] state local=0 networked=True rpc=True round=2 active=False inProgress=False warmup=False timeLeft=0.00 seat1=False kit=False canAct=
[RequestSafetyProbe] state local=0 networked=True rpc=True round=2 active=False inProgress=False warmup=False timeLeft=0.00 seat1=False kit=False canAct=
[RequestSafetyProbe] state local=0 networked=True rpc=True round=2 active=False inProgress=False warmup=False timeLeft=0.00 seat1=False kit=False canAct=
[RequestSafetyProbe] state local=0 networked=True rpc=True round=2 active=False inProgress=False warmup=False timeLeft=0.00 seat1=False kit=False canAct=
[RequestSafetyProbe] state local=0 networked=True rpc=True round=2 active=False inProgress=False warmup=False timeLeft=0.00 seat1=False kit=False canAct=
[RequestSafetyProbe] state local=0 networked=True rpc=True round=2 active=False inProgress=False warmup=False timeLeft=0.00 seat1=False kit=False canAct=
[RequestSafetyProbe] state local=0 networked=True rpc=True round=2 active=False inProgress=False warmup=False timeLeft=0.00 seat1=False kit=False canAct=
[RequestSafetyProbe] state local=0 networked=True rpc=True round=2 active=False inProgress=False warmup=False timeLeft=0.00 seat1=False kit=False canAct=
[RequestSafetyProbe] state local=0 networked=True rpc=True round=2 active=False inProgress=False warmup=False timeLeft=0.00 seat1=False kit=False canAct=
[RequestSafetyProbe] state local=0 networked=True rpc=True round=2 active=False inProgress=False warmup=False timeLeft=0.00 seat1=False kit=False canAct=
[RequestSafetyProbe] state local=0 networked=True rpc=True round=2 active=False inProgress=False warmup=False timeLeft=0.00 seat1=False kit=False canAct=
[RequestSafetyProbe] state local=0 networked=True rpc=True round=2 active=False inProgress=False warmup=False timeLeft=0.00 seat1=False kit=False canAct=
[RequestSafetyProbe] state local=0 networked=True rpc=True round=2 active=False inProgress=False warmup=False timeLeft=0.00 seat1=False kit=False canAct=
[RequestSafetyProbe] state local=0 networked=True rpc=True round=2 active=False inProgress=False warmup=False timeLeft=0.00 seat1=False kit=False canAct=
[RequestSafetyProbe] state local=0 networked=True rpc=True round=2 active=False inProgress=False warmup=False timeLeft=0.00 seat1=False kit=False canAct=
[RequestSafetyProbe] state local=0 networked=True rpc=True round=2 active=False inProgress=False warmup=False timeLeft=0.00 seat1=False kit=False canAct=
[RequestSafetyProbe] state local=0 networked=True rpc=True round=2 active=False inProgress=False warmup=False timeLeft=0.00 seat1=False kit=False canAct=
[RequestSafetyProbe] state local=0 networked=True rpc=True round=2 active=False inProgress=False warmup=False timeLeft=0.00 seat1=False kit=False canAct=
[RequestSafetyProbe] state local=0 networked=True rpc=True round=2 active=False inProgress=False warmup=False timeLeft=0.00 seat1=False kit=False canAct=
[RequestSafetyProbe] state local=0 networked=True rpc=True round=2 active=False inProgress=False warmup=False timeLeft=0.00 seat1=False kit=False canAct=
[RequestSafetyProbe] state local=0 networked=True rpc=True round=2 active=False inProgress=False warmup=False timeLeft=0.00 seat1=False kit=False canAct=
[RequestSafetyProbe] state local=0 networked=True rpc=True round=2 active=False inProgress=False warmup=False timeLeft=0.00 seat1=False kit=False canAct=
[RequestSafetyProbe] state local=0 networked=True rpc=True round=2 active=False inProgress=False warmup=False timeLeft=0.00 seat1=False kit=False canAct=
[RequestSafetyProbe] state local=0 networked=True rpc=True round=2 active=False inProgress=False warmup=False timeLeft=0.00 seat1=False kit=False canAct=
[RequestSafetyProbe] state local=0 networked=True rpc=True round=2 active=False inProgress=False warmup=False timeLeft=0.00 seat1=False kit=False canAct=
[RequestSafetyProbe] state local=0 networked=True rpc=True round=2 active=False inProgress=False warmup=False timeLeft=0.00 seat1=False kit=False canAct=
[RequestSafetyProbe] state local=0 networked=True rpc=True round=2 active=False inProgress=False warmup=False timeLeft=0.00 seat1=False kit=False canAct=
[RequestSafetyProbe] state local=0 networked=True rpc=True round=2 active=False inProgress=False warmup=False timeLeft=0.00 seat1=False kit=False canAct=
[RequestSafetyProbe] state local=0 networked=True rpc=True round=2 active=False inProgress=False warmup=False timeLeft=0.00 seat1=False kit=False canAct=
[RequestSafetyProbe] state local=0 networked=True rpc=True round=2 active=False inProgress=False warmup=False timeLeft=0.00 seat1=False kit=False canAct=
[RequestSafetyProbe] state local=0 networked=True rpc=True round=2 active=False inProgress=False warmup=False timeLeft=0.00 seat1=False kit=False canAct=
[RequestSafetyProbe] state local=0 networked=True rpc=True round=2 active=False inProgress=False warmup=False timeLeft=0.00 seat1=False kit=False canAct=
[RequestSafetyProbe] state local=0 networked=True rpc=True round=2 active=False inProgress=False warmup=False timeLeft=0.00 seat1=False kit=False canAct=
[RequestSafetyProbe] state local=0 networked=True rpc=True round=2 active=False inProgress=False warmup=False timeLeft=0.00 seat1=False kit=False canAct=
[RequestSafetyProbe] state local=0 networked=True rpc=True round=2 active=False inProgress=False warmup=False timeLeft=0.00 seat1=False kit=False canAct=
[RequestSafetyProbe] state local=0 networked=True rpc=True round=2 active=False inProgress=False warmup=False timeLeft=0.00 seat1=False kit=False canAct=
[RequestSafetyProbe] state local=0 networked=True rpc=True round=2 active=False inProgress=False warmup=False timeLeft=0.00 seat1=False kit=False canAct=
[RequestSafetyProbe] state local=0 networked=True rpc=True round=2 active=False inProgress=False warmup=False timeLeft=0.00 seat1=False kit=False canAct=
[RequestSafetyProbe] state local=0 networked=True rpc=True round=2 active=False inProgress=False warmup=False timeLeft=0.00 seat1=False kit=False canAct=
[RequestSafetyProbe] state local=0 networked=True rpc=True round=2 active=False inProgress=False warmup=False timeLeft=0.00 seat1=False kit=False canAct=
[RequestSafetyProbe] state local=0 networked=True rpc=True round=2 active=False inProgress=False warmup=False timeLeft=0.00 seat1=False kit=False canAct=
[RequestSafetyProbe] state local=0 networked=True rpc=True round=2 active=False inProgress=False warmup=False timeLeft=0.00 seat1=False kit=False canAct=
[RequestSafetyProbe] state local=0 networked=True rpc=True round=2 active=False inProgress=False warmup=False timeLeft=0.00 seat1=False kit=False canAct=
[RequestSafetyProbe] state local=0 networked=True rpc=True round=2 active=False inProgress=False warmup=False timeLeft=0.00 seat1=False kit=False canAct=
[RequestSafetyProbe] state local=0 networked=True rpc=True round=2 active=False inProgress=False warmup=False timeLeft=0.00 seat1=False kit=False canAct=
[RequestSafetyProbe] state local=0 networked=True rpc=True round=2 active=False inProgress=False warmup=False timeLeft=0.00 seat1=False kit=False canAct=
[RequestSafetyProbe] state local=0 networked=True rpc=True round=2 active=False inProgress=False warmup=False timeLeft=0.00 seat1=False kit=False canAct=
[RequestSafetyProbe] state local=0 networked=True rpc=True round=2 active=False inProgress=False warmup=False timeLeft=0.00 seat1=False kit=False canAct=
[RequestSafetyProbe] state local=0 networked=True rpc=True round=2 active=False inProgress=False warmup=False timeLeft=0.00 seat1=False kit=False canAct=
[RequestSafetyProbe] state local=0 networked=True rpc=True round=2 active=False inProgress=False warmup=False timeLeft=0.00 seat1=False kit=False canAct=
[RequestSafetyProbe] state local=0 networked=True rpc=True round=2 active=False inProgress=False warmup=False timeLeft=0.00 seat1=False kit=False canAct=
[RequestSafetyProbe] state local=0 networked=True rpc=True round=2 active=False inProgress=False warmup=False timeLeft=0.00 seat1=False kit=False canAct=
[RequestSafetyProbe] state local=0 networked=True rpc=True round=2 active=False inProgress=False warmup=False timeLeft=0.00 seat1=False kit=False canAct=
[RequestSafetyProbe] state local=0 networked=True rpc=True round=2 active=False inProgress=False warmup=False timeLeft=0.00 seat1=False kit=False canAct=
[RequestSafetyProbe] state local=0 networked=True rpc=True round=2 active=False inProgress=False warmup=False timeLeft=0.00 seat1=False kit=False canAct=
[RequestSafetyProbe] state local=0 networked=True rpc=True round=2 active=False inProgress=False warmup=False timeLeft=0.00 seat1=False kit=False canAct=
[RequestSafetyProbe] state local=0 networked=True rpc=True round=2 active=False inProgress=False warmup=False timeLeft=0.00 seat1=False kit=False canAct=
[RequestSafetyProbe] state local=0 networked=True rpc=True round=2 active=False inProgress=False warmup=False timeLeft=0.00 seat1=False kit=False canAct=
[RequestSafetyProbe] state local=0 networked=True rpc=True round=2 active=False inProgress=False warmup=False timeLeft=0.00 seat1=False kit=False canAct=
[RequestSafetyProbe] state local=0 networked=True rpc=True round=2 active=False inProgress=False warmup=False timeLeft=0.00 seat1=False kit=False canAct=
[RequestSafetyProbe] state local=0 networked=True rpc=True round=2 active=False inProgress=False warmup=False timeLeft=0.00 seat1=False kit=False canAct=
[RequestSafetyProbe] state local=0 networked=True rpc=True round=2 active=False inProgress=False warmup=False timeLeft=0.00 seat1=False kit=False canAct=
[RequestSafetyProbe] state local=0 networked=True rpc=True round=2 active=False inProgress=False warmup=False timeLeft=0.00 seat1=False kit=False canAct=
[RequestSafetyProbe] state local=0 networked=True rpc=True round=2 active=False inProgress=False warmup=False timeLeft=0.00 seat1=False kit=False canAct=
[RequestSafetyProbe] state local=0 networked=True rpc=True round=2 active=False inProgress=False warmup=False timeLeft=0.00 seat1=False kit=False canAct=
[RequestSafetyProbe] state local=0 networked=True rpc=True round=2 active=False inProgress=False warmup=False timeLeft=0.00 seat1=False kit=False canAct=
[RequestSafetyProbe] state local=0 networked=True rpc=True round=2 active=False inProgress=False warmup=False timeLeft=0.00 seat1=False kit=False canAct=
[RequestSafetyProbe] state local=0 networked=True rpc=True round=2 active=False inProgress=False warmup=False timeLeft=0.00 seat1=False kit=False canAct=
[RequestSafetyProbe] state local=0 networked=True rpc=True round=2 active=False inProgress=False warmup=False timeLeft=0.00 seat1=False kit=False canAct=
[RequestSafetyProbe] state local=0 networked=True rpc=True round=2 active=False inProgress=False warmup=False timeLeft=0.00 seat1=False kit=False canAct=
[RequestSafetyProbe] state local=0 networked=True rpc=True round=2 active=False inProgress=False warmup=False timeLeft=0.00 seat1=False kit=False canAct=
[RequestSafetyProbe] state local=0 networked=True rpc=True round=2 active=False inProgress=False warmup=False timeLeft=0.00 seat1=False kit=False canAct=
[RequestSafetyProbe] state local=0 networked=True rpc=True round=2 active=False inProgress=False warmup=False timeLeft=0.00 seat1=False kit=False canAct=
[RequestSafetyProbe] state local=0 networked=True rpc=True round=2 active=False inProgress=False warmup=False timeLeft=0.00 seat1=False kit=False canAct=
[RequestSafetyProbe] state local=0 networked=True rpc=True round=2 active=False inProgress=False warmup=False timeLeft=0.00 seat1=False kit=False canAct=
[RequestSafetyProbe] state local=0 networked=True rpc=True round=2 active=False inProgress=False warmup=False timeLeft=0.00 seat1=False kit=False canAct=
[RequestSafetyProbe] state local=0 networked=True rpc=True round=2 active=False inProgress=False warmup=False timeLeft=0.00 seat1=False kit=False canAct=
[RequestSafetyProbe] state local=0 networked=True rpc=True round=2 active=False inProgress=False warmup=False timeLeft=0.00 seat1=False kit=False canAct=
[RequestSafetyProbe] state local=0 networked=True rpc=True round=2 active=False inProgress=False warmup=False timeLeft=0.00 seat1=False kit=False canAct=
[RequestSafetyProbe] state local=0 networked=True rpc=True round=2 active=False inProgress=False warmup=False timeLeft=0.00 seat1=False kit=False canAct=
[RequestSafetyProbe] state local=0 networked=True rpc=True round=2 active=False inProgress=False warmup=False timeLeft=0.00 seat1=False kit=False canAct=
[RequestSafetyProbe] state local=0 networked=True rpc=True round=2 active=False inProgress=False warmup=False timeLeft=0.00 seat1=False kit=False canAct=
[RequestSafetyProbe] state local=0 networked=True rpc=True round=2 active=False inProgress=False warmup=False timeLeft=0.00 seat1=False kit=False canAct=
[RequestSafetyProbe] state local=0 networked=True rpc=True round=2 active=False inProgress=False warmup=False timeLeft=0.00 seat1=False kit=False canAct=
[RequestSafetyProbe] state local=0 networked=True rpc=True round=2 active=False inProgress=False warmup=False timeLeft=0.00 seat1=False kit=False canAct=
[RequestSafetyProbe] state local=0 networked=True rpc=True round=2 active=False inProgress=False warmup=False timeLeft=0.00 seat1=False kit=False canAct=
[RequestSafetyProbe] state local=0 networked=True rpc=True round=2 active=False inProgress=False warmup=False timeLeft=0.00 seat1=False kit=False canAct=
[RequestSafetyProbe] state local=0 networked=True rpc=True round=2 active=False inProgress=False warmup=False timeLeft=0.00 seat1=False kit=False canAct=
[RequestSafetyProbe] state local=0 networked=True rpc=True round=2 active=False inProgress=False warmup=False timeLeft=0.00 seat1=False kit=False canAct=
[RequestSafetyProbe] state local=0 networked=True rpc=True round=2 active=False inProgress=False warmup=False timeLeft=0.00 seat1=False kit=False canAct=
[RequestSafetyProbe] state local=0 networked=True rpc=True round=2 active=False inProgress=False warmup=False timeLeft=0.00 seat1=False kit=False canAct=
[RequestSafetyProbe] state local=0 networked=True rpc=True round=2 active=False inProgress=False warmup=False timeLeft=0.00 seat1=False kit=False canAct=
[RequestSafetyProbe] state local=0 networked=True rpc=True round=2 active=False inProgress=False warmup=False timeLeft=0.00 seat1=False kit=False canAct=
[RequestSafetyProbe] state local=0 networked=True rpc=True round=2 active=False inProgress=False warmup=False timeLeft=0.00 seat1=False kit=False canAct=
[RequestSafetyProbe] state local=0 networked=True rpc=True round=2 active=False inProgress=False warmup=False timeLeft=0.00 seat1=False kit=False canAct=
[RequestSafetyProbe] state local=0 networked=True rpc=True round=2 active=False inProgress=False warmup=False timeLeft=0.00 seat1=False kit=False canAct=
[RequestSafetyProbe] state local=0 networked=True rpc=True round=2 active=False inProgress=False warmup=False timeLeft=0.00 seat1=False kit=False canAct=
[RequestSafetyProbe] state local=0 networked=True rpc=True round=2 active=False inProgress=False warmup=False timeLeft=0.00 seat1=False kit=False canAct=
[RequestSafetyProbe] state local=0 networked=True rpc=True round=2 active=False inProgress=False warmup=False timeLeft=0.00 seat1=False kit=False canAct=
[RequestSafetyProbe] state local=0 networked=True rpc=True round=2 active=False inProgress=False warmup=False timeLeft=0.00 seat1=False kit=False canAct=
[RequestSafetyProbe] state local=0 networked=True rpc=True round=2 active=False inProgress=False warmup=False timeLeft=0.00 seat1=False kit=False canAct=
[RequestSafetyProbe] state local=0 networked=True rpc=True round=2 active=False inProgress=False warmup=False timeLeft=0.00 seat1=False kit=False canAct=
[RequestSafetyProbe] state local=0 networked=True rpc=True round=2 active=False inProgress=False warmup=False timeLeft=0.00 seat1=False kit=False canAct=
[RequestSafetyProbe] state local=0 networked=True rpc=True round=2 active=False inProgress=False warmup=False timeLeft=0.00 seat1=False kit=False canAct=
[RequestSafetyProbe] state local=0 networked=True rpc=True round=2 active=False inProgress=False warmup=False timeLeft=0.00 seat1=False kit=False canAct=
[RequestSafetyProbe] state local=0 networked=True rpc=True round=2 active=False inProgress=False warmup=False timeLeft=0.00 seat1=False kit=False canAct=
[RequestSafetyProbe] state local=0 networked=True rpc=True round=2 active=False inProgress=False warmup=False timeLeft=0.00 seat1=False kit=False canAct=
[RequestSafetyProbe] state local=0 networked=True rpc=True round=2 active=False inProgress=False warmup=False timeLeft=0.00 seat1=False kit=False canAct=
[RequestSafetyProbe] state local=0 networked=True rpc=True round=2 active=False inProgress=False warmup=False timeLeft=0.00 seat1=False kit=False canAct=
[RequestSafetyProbe] state local=0 networked=True rpc=True round=2 active=False inProgress=False warmup=False timeLeft=0.00 seat1=False kit=False canAct=
[RequestSafetyProbe] state local=0 networked=True rpc=True round=2 active=False inProgress=False warmup=False timeLeft=0.00 seat1=False kit=False canAct=
[RequestSafetyProbe] state local=0 networked=True rpc=True round=2 active=False inProgress=False warmup=False timeLeft=0.00 seat1=False kit=False canAct=
[RequestSafetyProbe] state local=0 networked=True rpc=True round=2 active=False inProgress=False warmup=False timeLeft=0.00 seat1=False kit=False canAct=
[RequestSafetyProbe] state local=0 networked=True rpc=True round=2 active=False inProgress=False warmup=False timeLeft=0.00 seat1=False kit=False canAct=
[RequestSafetyProbe] state local=0 networked=True rpc=True round=2 active=False inProgress=False warmup=False timeLeft=0.00 seat1=False kit=False canAct=
[RequestSafetyProbe] state local=0 networked=True rpc=True round=2 active=False inProgress=False warmup=False timeLeft=0.00 seat1=False kit=False canAct=
[RequestSafetyProbe] state local=0 networked=True rpc=True round=2 active=False inProgress=False warmup=False timeLeft=0.00 seat1=False kit=False canAct=
[RequestSafetyProbe] state local=0 networked=True rpc=True round=2 active=False inProgress=False warmup=False timeLeft=0.00 seat1=False kit=False canAct=
[RequestSafetyProbe] state local=0 networked=True rpc=True round=2 active=False inProgress=False warmup=False timeLeft=0.00 seat1=False kit=False canAct=
[RequestSafetyProbe] state local=0 networked=True rpc=True round=2 active=False inProgress=False warmup=False timeLeft=0.00 seat1=False kit=False canAct=
[RequestSafetyProbe] state local=0 networked=True rpc=True round=2 active=False inProgress=False warmup=False timeLeft=0.00 seat1=False kit=False canAct=
[RequestSafetyProbe] state local=0 networked=True rpc=True round=2 active=False inProgress=False warmup=False timeLeft=0.00 seat1=False kit=False canAct=
[RequestSafetyProbe] state local=0 networked=True rpc=True round=2 active=False inProgress=False warmup=False timeLeft=0.00 seat1=False kit=False canAct=
[RequestSafetyProbe] state local=0 networked=True rpc=True round=2 active=False inProgress=False warmup=False timeLeft=0.00 seat1=False kit=False canAct=
[RequestSafetyProbe] state local=0 networked=True rpc=True round=2 active=False inProgress=False warmup=False timeLeft=0.00 seat1=False kit=False canAct=
[RequestSafetyProbe] state local=0 networked=True rpc=True round=2 active=False inProgress=False warmup=False timeLeft=0.00 seat1=False kit=False canAct=
[RequestSafetyProbe] state local=0 networked=True rpc=True round=2 active=False inProgress=False warmup=False timeLeft=0.00 seat1=False kit=False canAct=
[RequestSafetyProbe] state local=0 networked=True rpc=True round=2 active=False inProgress=False warmup=False timeLeft=0.00 seat1=False kit=False canAct=
[RequestSafetyProbe] state local=0 networked=True rpc=True round=2 active=False inProgress=False warmup=False timeLeft=0.00 seat1=False kit=False canAct=
[RequestSafetyProbe] state local=0 networked=True rpc=True round=2 active=False inProgress=False warmup=False timeLeft=0.00 seat1=False kit=False canAct=
[RequestSafetyProbe] state local=0 networked=True rpc=True round=2 active=False inProgress=False warmup=False timeLeft=0.00 seat1=False kit=False canAct=
[RequestSafetyProbe] state local=0 networked=True rpc=True round=2 active=False inProgress=False warmup=False timeLeft=0.00 seat1=False kit=False canAct=
[RequestSafetyProbe] state local=0 networked=True rpc=True round=2 active=False inProgress=False warmup=False timeLeft=0.00 seat1=False kit=False canAct=
[RequestSafetyProbe] state local=0 networked=True rpc=True round=2 active=False inProgress=False warmup=False timeLeft=0.00 seat1=False kit=False canAct=
[RequestSafetyProbe] state local=0 networked=True rpc=True round=2 active=False inProgress=False warmup=False timeLeft=0.00 seat1=False kit=False canAct=
[RequestSafetyProbe] state local=0 networked=True rpc=True round=2 active=False inProgress=False warmup=False timeLeft=0.00 seat1=False kit=False canAct=
[RequestSafetyProbe] state local=0 networked=True rpc=True round=2 active=False inProgress=False warmup=False timeLeft=0.00 seat1=False kit=False canAct=
[RequestSafetyProbe] state local=0 networked=True rpc=True round=2 active=False inProgress=False warmup=False timeLeft=0.00 seat1=False kit=False canAct=
[RequestSafetyProbe] state local=0 networked=True rpc=True round=2 active=False inProgress=False warmup=False timeLeft=0.00 seat1=False kit=False canAct=
[RequestSafetyProbe] state local=0 networked=True rpc=True round=2 active=False inProgress=False warmup=False timeLeft=0.00 seat1=False kit=False canAct=
[RequestSafetyProbe] state local=0 networked=True rpc=True round=2 active=False inProgress=False warmup=False timeLeft=0.00 seat1=False kit=False canAct=
[RequestSafetyProbe] state local=0 networked=True rpc=True round=2 active=False inProgress=False warmup=False timeLeft=0.00 seat1=False kit=False canAct=
[RequestSafetyProbe] state local=0 networked=True rpc=True round=2 active=False inProgress=False warmup=False timeLeft=0.00 seat1=False kit=False canAct=
[RequestSafetyProbe] state local=0 networked=True rpc=True round=2 active=False inProgress=False warmup=False timeLeft=0.00 seat1=False kit=False canAct=
[RequestSafetyProbe] state local=0 networked=True rpc=True round=2 active=False inProgress=False warmup=False timeLeft=0.00 seat1=False kit=False canAct=
[RequestSafetyProbe] state local=0 networked=True rpc=True round=2 active=False inProgress=False warmup=False timeLeft=0.00 seat1=False kit=False canAct=
[RequestSafetyProbe] state local=0 networked=True rpc=True round=2 active=False inProgress=False warmup=False timeLeft=0.00 seat1=False kit=False canAct=
[RequestSafetyProbe] state local=0 networked=True rpc=True round=2 active=False inProgress=False warmup=False timeLeft=0.00 seat1=False kit=False canAct=
[RequestSafetyProbe] state local=0 networked=True rpc=True round=2 active=False inProgress=False warmup=False timeLeft=0.00 seat1=False kit=False canAct=
[RequestSafetyProbe] state local=0 networked=True rpc=True round=2 active=False inProgress=False warmup=False timeLeft=0.00 seat1=False kit=False canAct=
[RequestSafetyProbe] state local=0 networked=True rpc=True round=2 active=False inProgress=False warmup=False timeLeft=0.00 seat1=False kit=False canAct=
[RequestSafetyProbe] state local=0 networked=True rpc=True round=2 active=False inProgress=False warmup=False timeLeft=0.00 seat1=False kit=False canAct=
[RequestSafetyProbe] state local=0 networked=True rpc=True round=2 active=False inProgress=False warmup=False timeLeft=0.00 seat1=False kit=False canAct=
[RequestSafetyProbe] state local=0 networked=True rpc=True round=2 active=False inProgress=False warmup=False timeLeft=0.00 seat1=False kit=False canAct=
[RequestSafetyProbe] state local=0 networked=True rpc=True round=2 active=False inProgress=False warmup=False timeLeft=0.00 seat1=False kit=False canAct=
[RequestSafetyProbe] state local=0 networked=True rpc=True round=2 active=False inProgress=False warmup=False timeLeft=0.00 seat1=False kit=False canAct=
[RequestSafetyProbe] state local=0 networked=True rpc=True round=2 active=False inProgress=False warmup=False timeLeft=0.00 seat1=False kit=False canAct=
[RequestSafetyProbe] state local=0 networked=True rpc=True round=2 active=False inProgress=False warmup=False timeLeft=0.00 seat1=False kit=False canAct=
[RequestSafetyProbe] state local=0 networked=True rpc=True round=2 active=False inProgress=False warmup=False timeLeft=0.00 seat1=False kit=False canAct=
[RequestSafetyProbe] state local=0 networked=True rpc=True round=2 active=False inProgress=False warmup=False timeLeft=0.00 seat1=False kit=False canAct=
[RequestSafetyProbe] state local=0 networked=True rpc=True round=2 active=False inProgress=False warmup=False timeLeft=0.00 seat1=False kit=False canAct=
[RequestSafetyProbe] state local=0 networked=True rpc=True round=2 active=False inProgress=False warmup=False timeLeft=0.00 seat1=False kit=False canAct=
[RequestSafetyProbe] state local=0 networked=True rpc=True round=2 active=False inProgress=False warmup=False timeLeft=0.00 seat1=False kit=False canAct=
[RequestSafetyProbe] state local=0 networked=True rpc=True round=2 active=False inProgress=False warmup=False timeLeft=0.00 seat1=False kit=False canAct=
[RequestSafetyProbe] state local=0 networked=True rpc=True round=2 active=False inProgress=False warmup=False timeLeft=0.00 seat1=False kit=False canAct=
[RequestSafetyProbe] state local=0 networked=True rpc=True round=2 active=False inProgress=False warmup=False timeLeft=0.00 seat1=False kit=False canAct=
[RequestSafetyProbe] state local=0 networked=True rpc=True round=2 active=False inProgress=False warmup=False timeLeft=0.00 seat1=False kit=False canAct=
[RequestSafetyProbe] state local=0 networked=True rpc=True round=2 active=False inProgress=False warmup=False timeLeft=0.00 seat1=False kit=False canAct=
[RequestSafetyProbe] state local=0 networked=True rpc=True round=2 active=False inProgress=False warmup=False timeLeft=0.00 seat1=False kit=False canAct=
[RequestSafetyProbe] state local=0 networked=True rpc=True round=2 active=False inProgress=False warmup=False timeLeft=0.00 seat1=False kit=False canAct=
[RequestSafetyProbe] state local=0 networked=True rpc=True round=2 active=False inProgress=False warmup=False timeLeft=0.00 seat1=False kit=False canAct=
[RequestSafetyProbe] state local=0 networked=True rpc=True round=2 active=False inProgress=False warmup=False timeLeft=0.00 seat1=False kit=False canAct=
[RequestSafetyProbe] state local=0 networked=True rpc=True round=2 active=False inProgress=False warmup=False timeLeft=0.00 seat1=False kit=False canAct=
[RequestSafetyProbe] state local=0 networked=True rpc=True round=2 active=False inProgress=False warmup=False timeLeft=0.00 seat1=False kit=False canAct=
[RequestSafetyProbe] state local=0 networked=True rpc=True round=2 active=False inProgress=False warmup=False timeLeft=0.00 seat1=False kit=False canAct=
[RequestSafetyProbe] state local=0 networked=True rpc=True round=2 active=False inProgress=False warmup=False timeLeft=0.00 seat1=False kit=False canAct=
[RequestSafetyProbe] state local=0 networked=True rpc=True round=2 active=False inProgress=False warmup=False timeLeft=0.00 seat1=False kit=False canAct=
[RequestSafetyProbe] state local=0 networked=True rpc=True round=2 active=False inProgress=False warmup=False timeLeft=0.00 seat1=False kit=False canAct=
[RequestSafetyProbe] state local=0 networked=True rpc=True round=2 active=False inProgress=False warmup=False timeLeft=0.00 seat1=False kit=False canAct=
[RequestSafetyProbe] state local=0 networked=True rpc=True round=2 active=False inProgress=False warmup=False timeLeft=0.00 seat1=False kit=False canAct=
[RequestSafetyProbe] state local=0 networked=True rpc=True round=2 active=False inProgress=False warmup=False timeLeft=0.00 seat1=False kit=False canAct=
[RequestSafetyProbe] state local=0 networked=True rpc=True round=2 active=False inProgress=False warmup=False timeLeft=0.00 seat1=False kit=False canAct=
[RequestSafetyProbe] state local=0 networked=True rpc=True round=2 active=False inProgress=False warmup=False timeLeft=0.00 seat1=False kit=False canAct=
[RequestSafetyProbe] state local=0 networked=True rpc=True round=2 active=False inProgress=False warmup=False timeLeft=0.00 seat1=False kit=False canAct=
[RequestSafetyProbe] state local=0 networked=True rpc=True round=2 active=False inProgress=False warmup=False timeLeft=0.00 seat1=False kit=False canAct=
[RequestSafetyProbe] state local=0 networked=True rpc=True round=2 active=False inProgress=False warmup=False timeLeft=0.00 seat1=False kit=False canAct=
[RequestSafetyProbe] state local=0 networked=True rpc=True round=2 active=False inProgress=False warmup=False timeLeft=0.00 seat1=False kit=False canAct=
[RequestSafetyProbe] state local=0 networked=True rpc=True round=2 active=False inProgress=False warmup=False timeLeft=0.00 seat1=False kit=False canAct=
[RequestSafetyProbe] state local=0 networked=True rpc=True round=2 active=False inProgress=False warmup=False timeLeft=0.00 seat1=False kit=False canAct=
[RequestSafetyProbe] state local=0 networked=True rpc=True round=2 active=False inProgress=False warmup=False timeLeft=0.00 seat1=False kit=False canAct=
[RequestSafetyProbe] state local=0 networked=True rpc=True round=2 active=False inProgress=False warmup=False timeLeft=0.00 seat1=False kit=False canAct=
[RequestSafetyProbe] state local=0 networked=True rpc=True round=2 active=False inProgress=False warmup=False timeLeft=0.00 seat1=False kit=False canAct=
[RequestSafetyProbe] state local=0 networked=True rpc=True round=2 active=False inProgress=False warmup=False timeLeft=0.00 seat1=False kit=False canAct=
[RequestSafetyProbe] state local=0 networked=True rpc=True round=2 active=False inProgress=False warmup=False timeLeft=0.00 seat1=False kit=False canAct=
[RequestSafetyProbe] state local=0 networked=True rpc=True round=2 active=False inProgress=False warmup=False timeLeft=0.00 seat1=False kit=False canAct=
[RequestSafetyProbe] state local=0 networked=True rpc=True round=2 active=False inProgress=False warmup=False timeLeft=0.00 seat1=False kit=False canAct=
[RequestSafetyProbe] state local=0 networked=True rpc=True round=2 active=False inProgress=False warmup=False timeLeft=0.00 seat1=False kit=False canAct=
[RequestSafetyProbe] state local=0 networked=True rpc=True round=2 active=False inProgress=False warmup=False timeLeft=0.00 seat1=False kit=False canAct=
[RequestSafetyProbe] state local=0 networked=True rpc=True round=2 active=False inProgress=False warmup=False timeLeft=0.00 seat1=False kit=False canAct=
[RequestSafetyProbe] state local=0 networked=True rpc=True round=2 active=False inProgress=False warmup=False timeLeft=0.00 seat1=False kit=False canAct=
[RequestSafetyProbe] state local=0 networked=True rpc=True round=2 active=False inProgress=False warmup=False timeLeft=0.00 seat1=False kit=False canAct=
[RequestSafetyProbe] state local=0 networked=True rpc=True round=2 active=False inProgress=False warmup=False timeLeft=0.00 seat1=False kit=False canAct=
[RequestSafetyProbe] state local=0 networked=True rpc=True round=2 active=False inProgress=False warmup=False timeLeft=0.00 seat1=False kit=False canAct=
[RequestSafetyProbe] state local=0 networked=True rpc=True round=2 active=False inProgress=False warmup=False timeLeft=0.00 seat1=False kit=False canAct=
[RequestSafetyProbe] state local=0 networked=True rpc=True round=2 active=False inProgress=False warmup=False timeLeft=0.00 seat1=False kit=False canAct=
[RequestSafetyProbe] state local=0 networked=True rpc=True round=2 active=False inProgress=False warmup=False timeLeft=0.00 seat1=False kit=False canAct=
[RequestSafetyProbe] state local=0 networked=True rpc=True round=2 active=False inProgress=False warmup=False timeLeft=0.00 seat1=False kit=False canAct=
[RequestSafetyProbe] state local=0 networked=True rpc=True round=2 active=False inProgress=False warmup=False timeLeft=0.00 seat1=False kit=False canAct=
[RequestSafetyProbe] state local=0 networked=True rpc=True round=2 active=False inProgress=False warmup=False timeLeft=0.00 seat1=False kit=False canAct=
[RequestSafetyProbe] state local=0 networked=True rpc=True round=2 active=False inProgress=False warmup=False timeLeft=0.00 seat1=False kit=False canAct=
[RequestSafetyProbe] state local=0 networked=True rpc=True round=2 active=False inProgress=False warmup=False timeLeft=0.00 seat1=False kit=False canAct=
[RequestSafetyProbe] state local=0 networked=True rpc=True round=2 active=False inProgress=False warmup=False timeLeft=0.00 seat1=False kit=False canAct=
[RequestSafetyProbe] state local=0 networked=True rpc=True round=2 active=False inProgress=False warmup=False timeLeft=0.00 seat1=False kit=False canAct=
[RequestSafetyProbe] state local=0 networked=True rpc=True round=2 active=False inProgress=False warmup=False timeLeft=0.00 seat1=False kit=False canAct=
[RequestSafetyProbe] state local=0 networked=True rpc=True round=2 active=False inProgress=False warmup=False timeLeft=0.00 seat1=False kit=False canAct=
[RequestSafetyProbe] state local=0 networked=True rpc=True round=2 active=False inProgress=False warmup=False timeLeft=0.00 seat1=False kit=False canAct=
[RequestSafetyProbe] state local=0 networked=True rpc=True round=2 active=False inProgress=False warmup=False timeLeft=0.00 seat1=False kit=False canAct=
[RequestSafetyProbe] state local=0 networked=True rpc=True round=2 active=False inProgress=False warmup=False timeLeft=0.00 seat1=False kit=False canAct=
[RequestSafetyProbe] state local=0 networked=True rpc=True round=2 active=False inProgress=False warmup=False timeLeft=0.00 seat1=False kit=False canAct=
[RequestSafetyProbe] state local=0 networked=True rpc=True round=2 active=False inProgress=False warmup=False timeLeft=0.00 seat1=False kit=False canAct=
[RequestSafetyProbe] state local=0 networked=True rpc=True round=2 active=False inProgress=False warmup=False timeLeft=0.00 seat1=False kit=False canAct=
[RequestSafetyProbe] state local=0 networked=True rpc=True round=2 active=False inProgress=False warmup=False timeLeft=0.00 seat1=False kit=False canAct=
[RequestSafetyProbe] state local=0 networked=True rpc=True round=2 active=False inProgress=False warmup=False timeLeft=0.00 seat1=False kit=False canAct=
[RequestSafetyProbe] state local=0 networked=True rpc=True round=2 active=False inProgress=False warmup=False timeLeft=0.00 seat1=False kit=False canAct=
[RequestSafetyProbe] state local=0 networked=True rpc=True round=2 active=False inProgress=False warmup=False timeLeft=0.00 seat1=False kit=False canAct=
[RequestSafetyProbe] state local=0 networked=True rpc=True round=2 active=False inProgress=False warmup=False timeLeft=0.00 seat1=False kit=False canAct=
[RequestSafetyProbe] state local=0 networked=True rpc=True round=2 active=False inProgress=False warmup=False timeLeft=0.00 seat1=False kit=False canAct=
[RequestSafetyProbe] state local=0 networked=True rpc=True round=2 active=False inProgress=False warmup=False timeLeft=0.00 seat1=False kit=False canAct=
[RequestSafetyProbe] state local=0 networked=True rpc=True round=2 active=False inProgress=False warmup=False timeLeft=0.00 seat1=False kit=False canAct=
[RequestSafetyProbe] state local=0 networked=True rpc=True round=2 active=False inProgress=False warmup=False timeLeft=0.00 seat1=False kit=False canAct=
[RequestSafetyProbe] state local=0 networked=True rpc=True round=2 active=False inProgress=False warmup=False timeLeft=0.00 seat1=False kit=False canAct=
[RequestSafetyProbe] state local=0 networked=True rpc=True round=2 active=False inProgress=False warmup=False timeLeft=0.00 seat1=False kit=False canAct=
[RequestSafetyProbe] state local=0 networked=True rpc=True round=2 active=False inProgress=False warmup=False timeLeft=0.00 seat1=False kit=False canAct=
[RequestSafetyProbe] state local=0 networked=True rpc=True round=2 active=False inProgress=False warmup=False timeLeft=0.00 seat1=False kit=False canAct=
[RequestSafetyProbe] state local=0 networked=True rpc=True round=2 active=False inProgress=False warmup=False timeLeft=0.00 seat1=False kit=False canAct=
[RequestSafetyProbe] state local=0 networked=True rpc=True round=2 active=False inProgress=False warmup=False timeLeft=0.00 seat1=False kit=False canAct=
[RequestSafetyProbe] state local=0 networked=True rpc=True round=2 active=False inProgress=False warmup=False timeLeft=0.00 seat1=False kit=False canAct=
[RequestSafetyProbe] state local=0 networked=True rpc=True round=2 active=False inProgress=False warmup=False timeLeft=0.00 seat1=False kit=False canAct=
[RequestSafetyProbe] state local=0 networked=True rpc=True round=2 active=False inProgress=False warmup=False timeLeft=0.00 seat1=False kit=False canAct=
[RequestSafetyProbe] state local=0 networked=True rpc=True round=2 active=False inProgress=False warmup=False timeLeft=0.00 seat1=False kit=False canAct=
[RequestSafetyProbe] state local=0 networked=True rpc=True round=2 active=False inProgress=False warmup=False timeLeft=0.00 seat1=False kit=False canAct=
[RequestSafetyProbe] state local=0 networked=True rpc=True round=2 active=False inProgress=False warmup=False timeLeft=0.00 seat1=False kit=False canAct=
[RequestSafetyProbe] state local=0 networked=True rpc=True round=2 active=False inProgress=False warmup=False timeLeft=0.00 seat1=False kit=False canAct=
[RequestSafetyProbe] state local=0 networked=True rpc=True round=2 active=False inProgress=False warmup=False timeLeft=0.00 seat1=False kit=False canAct=
[RequestSafetyProbe] state local=0 networked=True rpc=True round=2 active=False inProgress=False warmup=False timeLeft=0.00 seat1=False kit=False canAct=
[RequestSafetyProbe] state local=0 networked=True rpc=True round=2 active=False inProgress=False warmup=False timeLeft=0.00 seat1=False kit=False canAct=
[RequestSafetyProbe] state local=0 networked=True rpc=True round=2 active=False inProgress=False warmup=False timeLeft=0.00 seat1=False kit=False canAct=
[RequestSafetyProbe] state local=0 networked=True rpc=True round=2 active=False inProgress=False warmup=False timeLeft=0.00 seat1=False kit=False canAct=
[RequestSafetyProbe] state local=0 networked=True rpc=True round=2 active=False inProgress=False warmup=False timeLeft=0.00 seat1=False kit=False canAct=
[RequestSafetyProbe] state local=0 networked=True rpc=True round=2 active=False inProgress=False warmup=False timeLeft=0.00 seat1=False kit=False canAct=
[RequestSafetyProbe] state local=0 networked=True rpc=True round=2 active=False inProgress=False warmup=False timeLeft=0.00 seat1=False kit=False canAct=
[RequestSafetyProbe] state local=0 networked=True rpc=True round=2 active=False inProgress=False warmup=False timeLeft=0.00 seat1=False kit=False canAct=
[RequestSafetyProbe] state local=0 networked=True rpc=True round=2 active=False inProgress=False warmup=False timeLeft=0.00 seat1=False kit=False canAct=
[RequestSafetyProbe] state local=0 networked=True rpc=True round=2 active=False inProgress=False warmup=False timeLeft=0.00 seat1=False kit=False canAct=
[RequestSafetyProbe] state local=0 networked=True rpc=True round=2 active=False inProgress=False warmup=False timeLeft=0.00 seat1=False kit=False canAct=
[RequestSafetyProbe] state local=0 networked=True rpc=True round=2 active=False inProgress=False warmup=False timeLeft=0.00 seat1=False kit=False canAct=
[RequestSafetyProbe] state local=0 networked=True rpc=True round=2 active=False inProgress=False warmup=False timeLeft=0.00 seat1=False kit=False canAct=
[RequestSafetyProbe] state local=0 networked=True rpc=True round=2 active=False inProgress=False warmup=False timeLeft=0.00 seat1=False kit=False canAct=
