<?xml version="1.0" encoding="utf-8"?>
<TestRun id="1636d211-e077-4f50-9fdf-107524e8150f" name="matth@DESKTOP-E4OQK9L 2026-10-04 11:45:58" runUser="DESKTOP-E4OQK9L\matth" xmlns="http://microsoft.com/schemas/VisualStudio/TeamTest/2010">
  <Times creation="2026-10-04T11:45:58.0564921+08:00" queuing="2026-10-04T11:45:58.0564922+08:00" start="2026-10-04T11:45:57.2960268+08:00" finish="2026-10-04T11:45:58.0884637+08:00" />
  <TestSettings name="default" id="cbd847d2-11e9-4ad9-b1e5-8103f8ccf073">
    <Deployment runDeploymentRoot="matth_DESKTOP-E4OQK9L_2026-10-04_11_45_58" />
  </TestSettings>
  <Results>
    <UnitTestResult executionId="e3006095-cb27-4a44-b123-bb19bf9b27cd" testId="91029139-c6fe-1d41-c734-a942798cc26c" testName="TumbangPreso.Core.Tests.MatchRecordTests.ARateBelowTheSampleFloorIsNotReportable" computerName="DESKTOP-E4OQK9L" duration="00:00:00.0000957" startTime="2026-10-04T11:45:58.0286148+08:00" endTime="2026-10-04T11:45:58.0286149+08:00" testType="13cdc9d9-ddb5-4fa4-a97d-d965ccfc6d4b" outcome="Passed" testListId="8c84fa94-04c1-424b-9868-57a2d4851a1d" relativeResultsDirectory="e3006095-cb27-4a44-b123-bb19bf9b27cd" />
    <UnitTestResult executionId="e5626744-120b-49ab-80e4-166630ad6ac4" testId="a902ef12-677e-bbdf-361f-8a9f091e328e" testName="TumbangPreso.Core.Tests.PlayerProfileTests.CharacterAndSlipperRecordsCountGamesAndWinsSeparately" computerName="DESKTOP-E4OQK9L" duration="00:00:00.0003259" startTime="2026-10-04T11:45:58.0274691+08:00" endTime="2026-10-04T11:45:58.0274692+08:00" testType="13cdc9d9-ddb5-4fa4-a97d-d965ccfc6d4b" outcome="Passed" testListId="8c84fa94-04c1-424b-9868-57a2d4851a1d" relativeResultsDirectory="e5626744-120b-49ab-80e4-166630ad6ac4" />
    <UnitTestResult executionId="5d7e0083-47a3-472d-86ed-5bf168bf1a85" testId="7be25097-827c-fb1a-506a-f261f748760c" testName="TumbangPreso.Core.Tests.RosterIntegrityTests.MostOfThePaletteIsStillReachable" computerName="DESKTOP-E4OQK9L" duration="00:00:00.0000945" startTime="2026-10-04T11:45:58.0269459+08:00" endTime="2026-10-04T11:45:58.0269459+08:00" testType="13cdc9d9-ddb5-4fa4-a97d-d965ccfc6d4b" outcome="Passed" testListId="8c84fa94-04c1-424b-9868-57a2d4851a1d" relativeResultsDirectory="5d7e0083-47a3-472d-86ed-5bf168bf1a85" />
    <UnitTestResult executionId="4ca0a414-1e55-4599-865a-63947fc42e4a" testId="548bc85f-e2b8-6332-f7a0-9908ee37a406" testName="TumbangPreso.Core.Tests.MatchRecordTests.EverySeatOnTheSameScoreGetsTheSamePlacement" computerName="DESKTOP-E4OQK9L" duration="00:00:00.0001040" startTime="2026-10-04T11:45:58.0281828+08:00" endTime="2026-10-04T11:45:58.0281828+08:00" testType="13cdc9d9-ddb5-4fa4-a97d-d965ccfc6d4b" outcome="Passed" testListId="8c84fa94-04c1-424b-9868-57a2d4851a1d" relativeResultsDirectory="4ca0a414-1e55-4599-865a-63947fc42e4a" />
    <UnitTestResult executionId="bab8fde3-c911-4809-8282-e006b8c69180" testId="23714b15-157c-571e-0703-46b7da47fae6" testName="TumbangPreso.Core.Tests.RosterIntegrityTests.OnlyTheFaceAndTheSkinRampAreProtected" computerName="DESKTOP-E4OQK9L" duration="00:00:00.0026749" startTime="2026-10-04T11:45:58.0268667+08:00" endTime="2026-10-04T11:45:58.0268667+08:00" testType="13cdc9d9-ddb5-4fa4-a97d-d965ccfc6d4b" outcome="Passed" testListId="8c84fa94-04c1-424b-9868-57a2d4851a1d" relativeResultsDirectory="bab8fde3-c911-4809-8282-e006b8c69180" />
    <UnitTestResult executionId="9135f6eb-2792-4e49-9139-bfb4c6d13522" testId="ca4b43d7-84cf-3324-e4a2-75fc25e5e58d" testName="TumbangPreso.Core.Tests.RosterIntegrityTests.ACustomCharacterNameSurvivesTheCodec(name: &quot;Tondo:Kid&quot;)" computerName="DESKTOP-E4OQK9L" duration="00:00:00.0001649" startTime="2026-10-04T11:45:58.0250206+08:00" endTime="2026-10-04T11:45:58.0250207+08:00" testType="13cdc9d9-ddb5-4fa4-a97d-d965ccfc6d4b" outcome="Passed" testListId="8c84fa94-04c1-424b-9868-57a2d4851a1d" relativeResultsDirectory="9135f6eb-2792-4e49-9139-bfb4c6d13522" />
    <UnitTestResult executionId="06638851-55e1-4df8-8d7e-7f8939069b5b" testId="df429af4-380e-cb36-549e-e63fb77b780a" testName="TumbangPreso.Core.Tests.PlayerProfileTests.EveryComebackChanceIsCountedNotOnlyTheSuccessfulOnes" computerName="DESKTOP-E4OQK9L" duration="00:00:00.0071004" startTime="2026-10-04T11:45:58.0269061+08:00" endTime="2026-10-04T11:45:58.0269061+08:00" testType="13cdc9d9-ddb5-4fa4-a97d-d965ccfc6d4b" outcome="Passed" testListId="8c84fa94-04c1-424b-9868-57a2d4851a1d" relativeResultsDirectory="06638851-55e1-4df8-8d7e-7f8939069b5b" />
    <UnitTestResult executionId="945c07c1-0711-4ce5-b46e-356a88a48bd3" testId="25f67a2a-4fa4-d35d-b852-de7dad1bdf69" testName="TumbangPreso.Core.Tests.MatchRecordTests.NormaliseRetiresNaNMeasurements(measurement: &quot;distance&quot;)" computerName="DESKTOP-E4OQK9L" duration="00:00:00.0001651" startTime="2026-10-04T11:45:58.0264931+08:00" endTime="2026-10-04T11:45:58.0264931+08:00" testType="13cdc9d9-ddb5-4fa4-a97d-d965ccfc6d4b" outcome="Passed" testListId="8c84fa94-04c1-424b-9868-57a2d4851a1d" relativeResultsDirectory="945c07c1-0711-4ce5-b46e-356a88a48bd3" />
    <UnitTestResult executionId="895bb410-63e3-4c2e-bf2d-74239ecb6b38" testId="eacb39c4-cccd-6f0d-594b-be91e7df8924" testName="TumbangPreso.Core.Tests.IntegrityTests.TheScoreCeilingClearsTheBestMatchAnybodyCouldActuallyPlay" computerName="DESKTOP-E4OQK9L" duration="00:00:00.0044455" startTime="2026-10-04T11:45:57.9940747+08:00" endTime="2026-10-04T11:45:57.9940748+08:00" testType="13cdc9d9-ddb5-4fa4-a97d-d965ccfc6d4b" outcome="Passed" testListId="8c84fa94-04c1-424b-9868-57a2d4851a1d" relativeResultsDirectory="895bb410-63e3-4c2e-bf2d-74239ecb6b38" />
    <UnitTestResult executionId="925f6d7f-37a9-429d-adbb-eb6152930114" testId="6ed253d8-29ea-9e7f-e0d2-82c2d859b409" testName="TumbangPreso.Core.Tests.MatchRecordTests.NormalisePreservesExistingDistanceBounds(input: -∞, expected: 0)" computerName="DESKTOP-E4OQK9L" duration="00:00:00.0000109" startTime="2026-10-04T11:45:58.0263774+08:00" endTime="2026-10-04T11:45:58.0263774+08:00" testType="13cdc9d9-ddb5-4fa4-a97d-d965ccfc6d4b" outcome="Passed" testListId="8c84fa94-04c1-424b-9868-57a2d4851a1d" relativeResultsDirectory="925f6d7f-37a9-429d-adbb-eb6152930114" />
    <UnitTestResult executionId="b0575601-eedc-408d-b18c-d2365ab52883" testId="091fa36e-3690-9c22-939b-7d715a810f77" testName="TumbangPreso.Core.Tests.MatchRecordTests.AClutchIsAWinFromLastPlaceEnteringTheFinalRound" computerName="DESKTOP-E4OQK9L" duration="00:00:00.0001229" startTime="2026-10-04T11:45:58.0282994+08:00" endTime="2026-10-04T11:45:58.0282995+08:00" testType="13cdc9d9-ddb5-4fa4-a97d-d965ccfc6d4b" outcome="Passed" testListId="8c84fa94-04c1-424b-9868-57a2d4851a1d" relativeResultsDirectory="b0575601-eedc-408d-b18c-d2365ab52883" />
    <UnitTestResult executionId="200ca42e-7197-4ac5-98cb-99f432fc3f80" testId="8610bea2-6b46-67b8-6832-528f85a7ea41" testName="TumbangPreso.Core.Tests.PlayerProfileTests.AShortPlacementArrayIsResizedRatherThanDiscarded" computerName="DESKTOP-E4OQK9L" duration="00:00:00.0065603" startTime="2026-10-04T11:45:57.9945163+08:00" endTime="2026-10-04T11:45:57.9945164+08:00" testType="13cdc9d9-ddb5-4fa4-a97d-d965ccfc6d4b" outcome="Passed" testListId="8c84fa94-04c1-424b-9868-57a2d4851a1d" relativeResultsDirectory="200ca42e-7197-4ac5-98cb-99f432fc3f80" />
    <UnitTestResult executionId="d6151150-26b2-4cbf-aff5-4d0741fbf3cd" testId="b5441967-1e88-0dfe-a011-b72122151bf4" testName="TumbangPreso.Core.Tests.IntegrityTests.CooldownsEscalateAndTheFirstOneIsFree" computerName="DESKTOP-E4OQK9L" duration="00:00:00.0002616" startTime="2026-10-04T11:45:58.0293299+08:00" endTime="2026-10-04T11:45:58.0293299+08:00" testType="13cdc9d9-ddb5-4fa4-a97d-d965ccfc6d4b" outcome="Passed" testListId="8c84fa94-04c1-424b-9868-57a2d4851a1d" relativeResultsDirectory="d6151150-26b2-4cbf-aff5-4d0741fbf3cd" />
    <UnitTestResult executionId="82a9e760-f10e-4797-a31c-9e656c246d20" testId="70de19ea-e8cd-70d0-76ac-31bf38b13e01" testName="TumbangPreso.Core.Tests.MatchRecordTests.TiedLastEnteringTheFinalRoundStillCounts" computerName="DESKTOP-E4OQK9L" duration="00:00:00.0001205" startTime="2026-10-04T11:45:58.0249014+08:00" endTime="2026-10-04T11:45:58.0249015+08:00" testType="13cdc9d9-ddb5-4fa4-a97d-d965ccfc6d4b" outcome="Passed" testListId="8c84fa94-04c1-424b-9868-57a2d4851a1d" relativeResultsDirectory="82a9e760-f10e-4797-a31c-9e656c246d20" />
    <UnitTestResult executionId="19f55b89-cae2-4e18-a2ee-acfe74fbb879" testId="fa69cee3-b3f3-14b7-4b02-fb18e5936c03" testName="TumbangPreso.Core.Tests.MatchRecordTests.NormalisePreservesExistingDistanceBounds(input: ∞, expected: 1000000)" computerName="DESKTOP-E4OQK9L" duration="00:00:00.0002416" startTime="2026-10-04T11:45:58.0263453+08:00" endTime="2026-10-04T11:45:58.0263453+08:00" testType="13cdc9d9-ddb5-4fa4-a97d-d965ccfc6d4b" outcome="Passed" testListId="8c84fa94-04c1-424b-9868-57a2d4851a1d" relativeResultsDirectory="19f55b89-cae2-4e18-a2ee-acfe74fbb879" />
    <UnitTestResult executionId="3331091b-40ed-4e26-9617-96d2c111e34a" testId="7e25e8c3-dfc3-e277-9a59-fc92a29cab97" testName="TumbangPreso.Core.Tests.MatchRecordTests.ThePressureRadiusIsTheTayasStandingLungeReach" computerName="DESKTOP-E4OQK9L" duration="00:00:00.0005625" startTime="2026-10-04T11:45:57.9960521+08:00" endTime="2026-10-04T11:45:57.9960522+08:00" testType="13cdc9d9-ddb5-4fa4-a97d-d965ccfc6d4b" outcome="Passed" testListId="8c84fa94-04c1-424b-9868-57a2d4851a1d" relativeResultsDirectory="3331091b-40ed-4e26-9617-96d2c111e34a" />
    <UnitTestResult executionId="a355877b-d15d-44d1-afc4-9879525f80cf" testId="3fc0ecf8-6f98-b949-d8ce-cece7b163ffb" testName="TumbangPreso.Core.Tests.IntegrityTests.ACooldownExplainsItselfInWords" computerName="DESKTOP-E4OQK9L" duration="00:00:00.0002285" startTime="2026-10-04T11:45:58.0299843+08:00" endTime="2026-10-04T11:45:58.0299843+08:00" testType="13cdc9d9-ddb5-4fa4-a97d-d965ccfc6d4b" outcome="Passed" testListId="8c84fa94-04c1-424b-9868-57a2d4851a1d" relativeResultsDirectory="a355877b-d15d-44d1-afc4-9879525f80cf" />
    <UnitTestResult executionId="006a237b-b91e-4ddd-87a5-f9767112dd77" testId="20895995-7106-9499-b167-9368a2a31c01" testName="TumbangPreso.Core.Tests.IntegrityTests.ComingBackInsideTheWindowIsNotALeaveAtAll" computerName="DESKTOP-E4OQK9L" duration="00:00:00.0001361" startTime="2026-10-04T11:45:58.0288545+08:00" endTime="2026-10-04T11:45:58.0288546+08:00" testType="13cdc9d9-ddb5-4fa4-a97d-d965ccfc6d4b" outcome="Passed" testListId="8c84fa94-04c1-424b-9868-57a2d4851a1d" relativeResultsDirectory="006a237b-b91e-4ddd-87a5-f9767112dd77" />
    <UnitTestResult executionId="63a892ed-94db-42c8-9ff7-2c53071b208d" testId="13b64473-338d-b4b2-7cc2-70333671a355" testName="TumbangPreso.Core.Tests.MatchRecordTests.NeverThrewSurvivesNormalisationAsMinusOne" computerName="DESKTOP-E4OQK9L" duration="00:00:00.0001441" startTime="2026-10-04T11:45:58.0281289+08:00" endTime="2026-10-04T11:45:58.0281289+08:00" testType="13cdc9d9-ddb5-4fa4-a97d-d965ccfc6d4b" outcome="Passed" testListId="8c84fa94-04c1-424b-9868-57a2d4851a1d" relativeResultsDirectory="63a892ed-94db-42c8-9ff7-2c53071b208d" />
    <UnitTestResult executionId="1e506de2-b03d-41f9-bcaf-0cfd5f5d4b73" testId="71751db1-b66a-0645-aad1-46bcdc4c40f4" testName="TumbangPreso.Core.Tests.PlayerProfileTests.ARefusedRecordLeavesEveryTotalUntouched" computerName="DESKTOP-E4OQK9L" duration="00:00:00.0002170" startTime="2026-10-04T11:45:58.0276482+08:00" endTime="2026-10-04T11:45:58.0276483+08:00" testType="13cdc9d9-ddb5-4fa4-a97d-d965ccfc6d4b" outcome="Passed" testListId="8c84fa94-04c1-424b-9868-57a2d4851a1d" relativeResultsDirectory="1e506de2-b03d-41f9-bcaf-0cfd5f5d4b73" />
    <UnitTestResult executionId="dd659596-c7e5-4619-975b-6e417f927216" testId="af40384f-b2e5-393c-4b26-9b52b38d28f5" testName="TumbangPreso.Core.Tests.PlayerProfileTests.ClassicAndHeroStrikeNeverShareATotal" computerName="DESKTOP-E4OQK9L" duration="00:00:00.0002213" startTime="2026-10-04T11:45:58.0273808+08:00" endTime="2026-10-04T11:45:58.0273808+08:00" testType="13cdc9d9-ddb5-4fa4-a97d-d965ccfc6d4b" outcome="Passed" testListId="8c84fa94-04c1-424b-9868-57a2d4851a1d" relativeResultsDirectory="dd659596-c7e5-4619-975b-6e417f927216" />
    <UnitTestResult executionId="2d8477e0-cee3-46fc-8b6b-cab376edc8ad" testId="20dfb708-a550-88c3-6c31-cbec5f79cfa7" testName="TumbangPreso.Core.Tests.RosterIntegrityTests.ACustomCharacterNameSurvivesTheCodec(name: &quot;under_score and space&quot;)" computerName="DESKTOP-E4OQK9L" duration="00:00:00.0038613" startTime="2026-10-04T11:45:58.0249873+08:00" endTime="2026-10-04T11:45:58.0249874+08:00" testType="13cdc9d9-ddb5-4fa4-a97d-d965ccfc6d4b" outcome="Passed" testListId="8c84fa94-04c1-424b-9868-57a2d4851a1d" relativeResultsDirectory="2d8477e0-cee3-46fc-8b6b-cab376edc8ad" />
    <UnitTestResult executionId="3bfc70e6-48f6-4f69-a55b-64dde867e1ce" testId="c243b90e-7c20-a50a-af74-694aafbb8991" testName="TumbangPreso.Core.Tests.IntegrityTests.APlacementThatDisagreesWithTheScoresIsRefused" computerName="DESKTOP-E4OQK9L" duration="00:00:00.0000950" startTime="2026-10-04T11:45:58.0298288+08:00" endTime="2026-10-04T11:45:58.0298288+08:00" testType="13cdc9d9-ddb5-4fa4-a97d-d965ccfc6d4b" outcome="Passed" testListId="8c84fa94-04c1-424b-9868-57a2d4851a1d" relativeResultsDirectory="3bfc70e6-48f6-4f69-a55b-64dde867e1ce" />
    <UnitTestResult executionId="378c5857-67ba-459d-a260-13ad6abd6fc4" testId="639ef0f4-6a3d-507b-fcc1-e9ebdb2cb1cf" testName="TumbangPreso.Core.Tests.MatchRecordTests.LeadingIntoTheFinalRoundAndWinningIsNotAClutch" computerName="DESKTOP-E4OQK9L" duration="00:00:00.0047238" startTime="2026-10-04T11:45:57.9918541+08:00" endTime="2026-10-04T11:45:57.9918769+08:00" testType="13cdc9d9-ddb5-4fa4-a97d-d965ccfc6d4b" outcome="Passed" testListId="8c84fa94-04c1-424b-9868-57a2d4851a1d" relativeResultsDirectory="378c5857-67ba-459d-a260-13ad6abd6fc4" />
    <UnitTestResult executionId="142a0a76-265f-41c6-8d1b-b2101b976816" testId="086eb76d-3fe9-c11d-3c0e-3cf836f76873" testName="TumbangPreso.Core.Tests.IntegrityTests.AMissingSubmissionIsSilenceRatherThanAnAccusation" computerName="DESKTOP-E4OQK9L" duration="00:00:00.0001490" startTime="2026-10-04T11:45:58.0292228+08:00" endTime="2026-10-04T11:45:58.0292228+08:00" testType="13cdc9d9-ddb5-4fa4-a97d-d965ccfc6d4b" outcome="Passed" testListId="8c84fa94-04c1-424b-9868-57a2d4851a1d" relativeResultsDirectory="142a0a76-265f-41c6-8d1b-b2101b976816" />
    <UnitTestResult executionId="e69e3939-4214-4d6e-86ad-1209437a8a8f" testId="c47a4fb6-f2a6-f358-488b-8f36686f63c0" testName="TumbangPreso.Core.Tests.MatchRecordTests.PlacementsUseCompetitionRankingSoATieDoesNotConsumeTheNextPlace" computerName="DESKTOP-E4OQK9L" duration="00:00:00.0005618" startTime="2026-10-04T11:45:58.0247494+08:00" endTime="2026-10-04T11:45:58.0247494+08:00" testType="13cdc9d9-ddb5-4fa4-a97d-d965ccfc6d4b" outcome="Passed" testListId="8c84fa94-04c1-424b-9868-57a2d4851a1d" relativeResultsDirectory="e69e3939-4214-4d6e-86ad-1209437a8a8f" />
    <UnitTestResult executionId="616ec655-2206-4aaf-8706-ce5d4d5822e9" testId="16eb9ef7-fdd8-188f-3a1f-c7d8976e0f35" testName="TumbangPreso.Core.Tests.MatchRecordTests.NormalisedNaNMeasurementsCannotPoisonCareerTotals" computerName="DESKTOP-E4OQK9L" duration="00:00:00.0036675" startTime="2026-10-04T11:45:58.0291514+08:00" endTime="2026-10-04T11:45:58.0291515+08:00" testType="13cdc9d9-ddb5-4fa4-a97d-d965ccfc6d4b" outcome="Passed" testListId="8c84fa94-04c1-424b-9868-57a2d4851a1d" relativeResultsDirectory="616ec655-2206-4aaf-8706-ce5d4d5822e9" />
    <UnitTestResult executionId="861a01f1-29a0-4b42-bfda-95f3aa8ac3e5" testId="9b0fd13d-bdfc-93ac-1aa7-9f980350d062" testName="TumbangPreso.Core.Tests.MatchRecordTests.ABotIsNeverMatchedByPlayerId" computerName="DESKTOP-E4OQK9L" duration="00:00:00.0001808" startTime="2026-10-04T11:45:58.0280535+08:00" endTime="2026-10-04T11:45:58.0280535+08:00" testType="13cdc9d9-ddb5-4fa4-a97d-d965ccfc6d4b" outcome="Passed" testListId="8c84fa94-04c1-424b-9868-57a2d4851a1d" relativeResultsDirectory="861a01f1-29a0-4b42-bfda-95f3aa8ac3e5" />
    <UnitTestResult executionId="5ce48f3f-c0a6-407e-8af7-be487997748e" testId="7e62c511-f75d-81cc-9657-cb6bf30f7cb1" testName="TumbangPreso.Core.Tests.RosterIntegrityTests.ACustomCharacterNameSurvivesTheCodec(name: &quot;100% Kalye&quot;)" computerName="DESKTOP-E4OQK9L" duration="00:00:00.0000070" startTime="2026-10-04T11:45:58.0262284+08:00" endTime="2026-10-04T11:45:58.0262284+08:00" testType="13cdc9d9-ddb5-4fa4-a97d-d965ccfc6d4b" outcome="Passed" testListId="8c84fa94-04c1-424b-9868-57a2d4851a1d" relativeResultsDirectory="5ce48f3f-c0a6-407e-8af7-be487997748e" />
    <UnitTestResult executionId="12c1e345-c1c3-4b46-8815-b6e5ad8b7753" testId="fb76871f-d447-4188-d3ec-7a81ac99f3f4" testName="TumbangPreso.Core.Tests.IntegrityTests.TheWriteFloorIsInvisibleToAnybodyActuallyPlaying" computerName="DESKTOP-E4OQK9L" duration="00:00:00.0000363" startTime="2026-10-04T11:45:58.0294087+08:00" endTime="2026-10-04T11:45:58.0294088+08:00" testType="13cdc9d9-ddb5-4fa4-a97d-d965ccfc6d4b" outcome="Passed" testListId="8c84fa94-04c1-424b-9868-57a2d4851a1d" relativeResultsDirectory="12c1e345-c1c3-4b46-8815-b6e5ad8b7753" />
    <UnitTestResult executionId="c3e42a9a-c326-4fff-83f1-eac32f197a75" testId="648128e5-4f58-2db3-0310-eadf03bc11fc" testName="TumbangPreso.Core.Tests.MatchRecordTests.PassiveDefenceSecondsComeFromTheTickInterval" computerName="DESKTOP-E4OQK9L" duration="00:00:00.0000902" startTime="2026-10-04T11:45:58.0280146+08:00" endTime="2026-10-04T11:45:58.0280146+08:00" testType="13cdc9d9-ddb5-4fa4-a97d-d965ccfc6d4b" outcome="Passed" testListId="8c84fa94-04c1-424b-9868-57a2d4851a1d" relativeResultsDirectory="c3e42a9a-c326-4fff-83f1-eac32f197a75" />
    <UnitTestResult executionId="0cd678c3-e9cd-4d79-9246-89954856997a" testId="a9273a0e-172b-3ac7-f28a-2b25ef99f648" testName="TumbangPreso.Core.Tests.MatchRecordTests.NormalisePreservesExistingDistanceBounds(input: -1, expected: 0)" computerName="DESKTOP-E4OQK9L" duration="00:00:00.0041541" startTime="2026-10-04T11:45:58.0263122+08:00" endTime="2026-10-04T11:45:58.0263122+08:00" testType="13cdc9d9-ddb5-4fa4-a97d-d965ccfc6d4b" outcome="Passed" testListId="8c84fa94-04c1-424b-9868-57a2d4851a1d" relativeResultsDirectory="0cd678c3-e9cd-4d79-9246-89954856997a" />
    <UnitTestResult executionId="e1e38c62-fe8b-4117-abe2-1bbd85c30170" testId="6e0fd98b-27d1-b4d5-4448-03854a9e117a" testName="TumbangPreso.Core.Tests.MatchRecordTests.ADrawIsNeverAClutchBecauseNobodyWon" computerName="DESKTOP-E4OQK9L" duration="00:00:00.0001134" startTime="2026-10-04T11:45:58.0282225+08:00" endTime="2026-10-04T11:45:58.0282226+08:00" testType="13cdc9d9-ddb5-4fa4-a97d-d965ccfc6d4b" outcome="Passed" testListId="8c84fa94-04c1-424b-9868-57a2d4851a1d" relativeResultsDirectory="e1e38c62-fe8b-4117-abe2-1bbd85c30170" />
    <UnitTestResult executionId="9cc5d60e-ea74-4d5e-978e-b0a3f299fd08" testId="f328848a-2803-862b-8148-ad0b26a4422d" testName="TumbangPreso.Core.Tests.PlayerProfileTests.TheSameMatchIdIsNeverCountedTwice" computerName="DESKTOP-E4OQK9L" duration="00:00:00.0001408" startTime="2026-10-04T11:45:58.0274186+08:00" endTime="2026-10-04T11:45:58.0274186+08:00" testType="13cdc9d9-ddb5-4fa4-a97d-d965ccfc6d4b" outcome="Passed" testListId="8c84fa94-04c1-424b-9868-57a2d4851a1d" relativeResultsDirectory="9cc5d60e-ea74-4d5e-978e-b0a3f299fd08" />
    <UnitTestResult executionId="49d59930-f268-4161-be89-bf9c3c562991" testId="5afb1543-449c-520f-2514-9f05cf8ee4d8" testName="TumbangPreso.Core.Tests.PlayerProfileTests.ADrawBreaksTheWinStreakAndCountsAsADraw" computerName="DESKTOP-E4OQK9L" duration="00:00:00.0002197" startTime="2026-10-04T11:45:58.0293544+08:00" endTime="2026-10-04T11:45:58.0293545+08:00" testType="13cdc9d9-ddb5-4fa4-a97d-d965ccfc6d4b" outcome="Passed" testListId="8c84fa94-04c1-424b-9868-57a2d4851a1d" relativeResultsDirectory="49d59930-f268-4161-be89-bf9c3c562991" />
    <UnitTestResult executionId="1afdd1aa-a6d2-48ab-ab65-9fb41c776007" testId="9056f87d-beed-0e88-11c8-82b3a9b52158" testName="TumbangPreso.Core.Tests.MatchRecordTests.ARecordWithNoMatchIdIsRefusedWithoutCallingTheEndpoint" computerName="DESKTOP-E4OQK9L" duration="00:00:00.0001268" startTime="2026-10-04T11:45:58.0280915+08:00" endTime="2026-10-04T11:45:58.0280916+08:00" testType="13cdc9d9-ddb5-4fa4-a97d-d965ccfc6d4b" outcome="Passed" testListId="8c84fa94-04c1-424b-9868-57a2d4851a1d" relativeResultsDirectory="1afdd1aa-a6d2-48ab-ab65-9fb41c776007" />
    <UnitTestResult executionId="45041b66-aa7b-4918-a4c3-03d772e95f03" testId="03a383d3-0e9c-b838-9666-31e96c6595e8" testName="TumbangPreso.Core.Tests.PlayerProfileTests.OneMatchLandsInTheModeItWasPlayedIn" computerName="DESKTOP-E4OQK9L" duration="00:00:00.0001959" startTime="2026-10-04T11:45:58.0275682+08:00" endTime="2026-10-04T11:45:58.0275683+08:00" testType="13cdc9d9-ddb5-4fa4-a97d-d965ccfc6d4b" outcome="Passed" testListId="8c84fa94-04c1-424b-9868-57a2d4851a1d" relativeResultsDirectory="45041b66-aa7b-4918-a4c3-03d772e95f03" />
    <UnitTestResult executionId="7d13c4a4-2cfc-4ab7-b41d-658895fbf542" testId="a81a95d2-ec92-bd6f-3c6b-380b1b066759" testName="TumbangPreso.Core.Tests.IntegrityTests.TwoHonestPeersProduceTheSameDigestForTheSameMatch" computerName="DESKTOP-E4OQK9L" duration="00:00:00.0001038" startTime="2026-10-04T11:45:58.0288151+08:00" endTime="2026-10-04T11:45:58.0288152+08:00" testType="13cdc9d9-ddb5-4fa4-a97d-d965ccfc6d4b" outcome="Passed" testListId="8c84fa94-04c1-424b-9868-57a2d4851a1d" relativeResultsDirectory="7d13c4a4-2cfc-4ab7-b41d-658895fbf542" />
    <UnitTestResult executionId="f459909b-4dea-4ad6-bbd3-f3d8f27a57ca" testId="2c92511e-fe8d-a060-ad36-9b8ad780eb39" testName="TumbangPreso.Core.Tests.MatchRecordTests.AssignPlacementsWritesThroughToEveryLine" computerName="DESKTOP-E4OQK9L" duration="00:00:00.0001661" startTime="2026-10-04T11:45:58.0282611+08:00" endTime="2026-10-04T11:45:58.0282612+08:00" testType="13cdc9d9-ddb5-4fa4-a97d-d965ccfc6d4b" outcome="Passed" testListId="8c84fa94-04c1-424b-9868-57a2d4851a1d" relativeResultsDirectory="f459909b-4dea-4ad6-bbd3-f3d8f27a57ca" />
    <UnitTestResult executionId="04b13fef-f9a5-4709-8c47-16af9132731d" testId="567a5f45-1f02-2d2c-2fd5-5bf92a849d55" testName="TumbangPreso.Core.Tests.MatchRecordTests.NormalisePreservesExistingDistanceBounds(input: 1000001, expected: 1000000)" computerName="DESKTOP-E4OQK9L" duration="00:00:00.0000076" startTime="2026-10-04T11:45:58.0264529+08:00" endTime="2026-10-04T11:45:58.0264530+08:00" testType="13cdc9d9-ddb5-4fa4-a97d-d965ccfc6d4b" outcome="Passed" testListId="8c84fa94-04c1-424b-9868-57a2d4851a1d" relativeResultsDirectory="04b13fef-f9a5-4709-8c47-16af9132731d" />
    <UnitTestResult executionId="0be6142b-5a35-4c03-b722-8ff64da7facf" testId="4f590f0b-6c54-1179-c30e-fe45b1e82f23" testName="TumbangPreso.Core.Tests.IntegrityTests.TheImpossibleIsRefusedBeforeAnybodyIsAskedToWitnessIt" computerName="DESKTOP-E4OQK9L" duration="00:00:00.0001737" startTime="2026-10-04T11:45:58.0299070+08:00" endTime="2026-10-04T11:45:58.0299071+08:00" testType="13cdc9d9-ddb5-4fa4-a97d-d965ccfc6d4b" outcome="Passed" testListId="8c84fa94-04c1-424b-9868-57a2d4851a1d" relativeResultsDirectory="0be6142b-5a35-4c03-b722-8ff64da7facf" />
    <UnitTestResult executionId="cd2c2f25-84ee-49b7-830a-b0f58743340d" testId="e0778bbd-9ead-ba00-5af3-495c279e4fa8" testName="TumbangPreso.Core.Tests.MatchRecordTests.ABotLineCarryingMyIdDoesNotMakeARecordSubmittable" computerName="DESKTOP-E4OQK9L" duration="00:00:00.0001633" startTime="2026-10-04T11:45:58.0287759+08:00" endTime="2026-10-04T11:45:58.0287759+08:00" testType="13cdc9d9-ddb5-4fa4-a97d-d965ccfc6d4b" outcome="Passed" testListId="8c84fa94-04c1-424b-9868-57a2d4851a1d" relativeResultsDirectory="cd2c2f25-84ee-49b7-830a-b0f58743340d" />
    <UnitTestResult executionId="c07b2fcf-1a06-4bfa-9271-dde9a4f28ad1" testId="3c4205e8-d81a-8764-a5f4-f0bc0ad82efb" testName="TumbangPreso.Core.Tests.PlayerProfileTests.NormaliseFillsInEveryListAProfileScreenWalks" computerName="DESKTOP-E4OQK9L" duration="00:00:00.0001180" startTime="2026-10-04T11:45:58.0273206+08:00" endTime="2026-10-04T11:45:58.0273206+08:00" testType="13cdc9d9-ddb5-4fa4-a97d-d965ccfc6d4b" outcome="Passed" testListId="8c84fa94-04c1-424b-9868-57a2d4851a1d" relativeResultsDirectory="c07b2fcf-1a06-4bfa-9271-dde9a4f28ad1" />
    <UnitTestResult executionId="b5a07d2f-6f01-47f5-90f6-67c2e6a078b0" testId="c090d7cc-fe2c-5487-09dc-1bcad5db5e92" testName="TumbangPreso.Core.Tests.PlayerProfileTests.AMatchWithNoThrowIsLeftOutOfTheFirstThrowAverage" computerName="DESKTOP-E4OQK9L" duration="00:00:00.0003092" startTime="2026-10-04T11:45:58.0291314+08:00" endTime="2026-10-04T11:45:58.0291314+08:00" testType="13cdc9d9-ddb5-4fa4-a97d-d965ccfc6d4b" outcome="Passed" testListId="8c84fa94-04c1-424b-9868-57a2d4851a1d" relativeResultsDirectory="b5a07d2f-6f01-47f5-90f6-67c2e6a078b0" />
    <UnitTestResult executionId="608edeb8-ab15-4a9d-b566-0fc2a50b1ac4" testId="1dcb54b4-4b16-bff5-ea23-f3b3ad73ff26" testName="TumbangPreso.Core.Tests.MatchRecordTests.NormaliseRetiresNaNMeasurements(measurement: &quot;lastAttacker&quot;)" computerName="DESKTOP-E4OQK9L" duration="00:00:00.0001237" startTime="2026-10-04T11:45:58.0267919+08:00" endTime="2026-10-04T11:45:58.0267919+08:00" testType="13cdc9d9-ddb5-4fa4-a97d-d965ccfc6d4b" outcome="Passed" testListId="8c84fa94-04c1-424b-9868-57a2d4851a1d" relativeResultsDirectory="608edeb8-ab15-4a9d-b566-0fc2a50b1ac4" />
    <UnitTestResult executionId="199056d8-c4a4-4b35-874e-05eec64d4809" testId="7de04ae1-5329-5d44-a311-6d9574183650" testName="TumbangPreso.Core.Tests.MatchRecordTests.ARecordWithNoLineForThisPlayerIsRefusedWithoutCallingTheEndpoint" computerName="DESKTOP-E4OQK9L" duration="00:00:00.0032370" startTime="2026-10-04T11:45:58.0279720+08:00" endTime="2026-10-04T11:45:58.0279721+08:00" testType="13cdc9d9-ddb5-4fa4-a97d-d965ccfc6d4b" outcome="Passed" testListId="8c84fa94-04c1-424b-9868-57a2d4851a1d" relativeResultsDirectory="199056d8-c4a4-4b35-874e-05eec64d4809" />
    <UnitTestResult executionId="9a5c3627-88a6-4bb8-9c39-27f256a38af4" testId="09a27522-b20b-07c7-2e4a-3f454000a671" testName="TumbangPreso.Core.Tests.IntegrityTests.AbandonsAreForgottenAfterAWeek" computerName="DESKTOP-E4OQK9L" duration="00:00:00.0000397" startTime="2026-10-04T11:45:58.0298674+08:00" endTime="2026-10-04T11:45:58.0298674+08:00" testType="13cdc9d9-ddb5-4fa4-a97d-d965ccfc6d4b" outcome="Passed" testListId="8c84fa94-04c1-424b-9868-57a2d4851a1d" relativeResultsDirectory="9a5c3627-88a6-4bb8-9c39-27f256a38af4" />
    <UnitTestResult executionId="ef83bab0-897d-43c2-bcfe-ad6ee971e1b4" testId="0454f5f8-02cd-5a59-165f-28f23a276275" testName="TumbangPreso.Core.Tests.PlayerProfileTests.AMatchWithoutAnIdIsRefusedBecauseItCannotBeDeduplicated" computerName="DESKTOP-E4OQK9L" duration="00:00:00.0001354" startTime="2026-10-04T11:45:58.0275118+08:00" endTime="2026-10-04T11:45:58.0275118+08:00" testType="13cdc9d9-ddb5-4fa4-a97d-d965ccfc6d4b" outcome="Passed" testListId="8c84fa94-04c1-424b-9868-57a2d4851a1d" relativeResultsDirectory="ef83bab0-897d-43c2-bcfe-ad6ee971e1b4" />
    <UnitTestResult executionId="c84a4629-0dc5-4410-a5b7-ccc874c894f1" testId="a32af39e-ca82-1e4f-6211-bfb850f4f8c1" testName="TumbangPreso.Core.Tests.IntegrityTests.ARankedAbandonIsScoredAsFinishingLast" computerName="DESKTOP-E4OQK9L" duration="00:00:00.0036654" startTime="2026-10-04T11:45:58.0297902+08:00" endTime="2026-10-04T11:45:58.0297902+08:00" testType="13cdc9d9-ddb5-4fa4-a97d-d965ccfc6d4b" outcome="Passed" testListId="8c84fa94-04c1-424b-9868-57a2d4851a1d" relativeResultsDirectory="c84a4629-0dc5-4410-a5b7-ccc874c894f1" />
    <UnitTestResult executionId="bc3539b0-b1e4-415c-a4e2-2a7f4d46ec5c" testId="2023ebd6-d5a0-a3e0-652f-747839ed4005" testName="TumbangPreso.Core.Tests.RosterIntegrityTests.ACustomCharacterNameSurvivesTheCodec(name: &quot;BATANG_KALYE&quot;)" computerName="DESKTOP-E4OQK9L" duration="00:00:00.0000097" startTime="2026-10-04T11:45:58.0250583+08:00" endTime="2026-10-04T11:45:58.0250583+08:00" testType="13cdc9d9-ddb5-4fa4-a97d-d965ccfc6d4b" outcome="Passed" testListId="8c84fa94-04c1-424b-9868-57a2d4851a1d" relativeResultsDirectory="bc3539b0-b1e4-415c-a4e2-2a7f4d46ec5c" />
    <UnitTestResult executionId="1ad3da98-7c2c-431b-b78d-39a4364b76db" testId="0a726307-8684-3c01-364f-f7495da97504" testName="TumbangPreso.Core.Tests.MatchRecordTests.NormalisePreservesExistingDistanceBounds(input: 123, expected: 123)" computerName="DESKTOP-E4OQK9L" duration="00:00:00.0000077" startTime="2026-10-04T11:45:58.0264087+08:00" endTime="2026-10-04T11:45:58.0264088+08:00" testType="13cdc9d9-ddb5-4fa4-a97d-d965ccfc6d4b" outcome="Passed" testListId="8c84fa94-04c1-424b-9868-57a2d4851a1d" relativeResultsDirectory="1ad3da98-7c2c-431b-b78d-39a4364b76db" />
    <UnitTestResult executionId="1de4b417-4549-4dac-92d1-f3ce49017955" testId="09444c9d-9580-4407-8227-7af7d8d1a453" testName="TumbangPreso.Core.Tests.MatchRecordTests.NormaliseRetiresNaNMeasurements(measurement: &quot;duration&quot;)" computerName="DESKTOP-E4OQK9L" duration="00:00:00.0000181" startTime="2026-10-04T11:45:58.0268280+08:00" endTime="2026-10-04T11:45:58.0268280+08:00" testType="13cdc9d9-ddb5-4fa4-a97d-d965ccfc6d4b" outcome="Passed" testListId="8c84fa94-04c1-424b-9868-57a2d4851a1d" relativeResultsDirectory="1de4b417-4549-4dac-92d1-f3ce49017955" />
    <UnitTestResult executionId="ab0ee62d-44ec-4c40-a229-e95b9f8b800d" testId="f34d4500-366f-d9d3-ef74-0b9ec1197469" testName="TumbangPreso.Core.Tests.RosterIntegrityTests.ThereAreExactlyThreeSlotsAndTheActiveOneIsAlwaysLegal" computerName="DESKTOP-E4OQK9L" duration="00:00:00.0072235" startTime="2026-10-04T11:45:57.9957308+08:00" endTime="2026-10-04T11:45:57.9957310+08:00" testType="13cdc9d9-ddb5-4fa4-a97d-d965ccfc6d4b" outcome="Passed" testListId="8c84fa94-04c1-424b-9868-57a2d4851a1d" relativeResultsDirectory="ab0ee62d-44ec-4c40-a229-e95b9f8b800d" />
    <UnitTestResult executionId="cb7f8d8b-96ef-469a-bc3a-0b110af8d5b8" testId="54548bc4-3686-eb5c-be91-ca62e82c0aaa" testName="TumbangPreso.Core.Tests.IntegrityTests.AMajorityDoesNotOverruleADissenter" computerName="DESKTOP-E4OQK9L" duration="00:00:00.0036325" startTime="2026-10-04T11:45:58.0249451+08:00" endTime="2026-10-04T11:45:58.0249452+08:00" testType="13cdc9d9-ddb5-4fa4-a97d-d965ccfc6d4b" outcome="Passed" testListId="8c84fa94-04c1-424b-9868-57a2d4851a1d" relativeResultsDirectory="cb7f8d8b-96ef-469a-bc3a-0b110af8d5b8" />
    <UnitTestResult executionId="48b1cab7-8cfd-4ed8-920d-cfc4a4820a81" testId="362a660d-fe77-3f61-ba83-a88b0e3b1980" testName="TumbangPreso.Core.Tests.IntegrityTests.AnAlteredScoreChangesTheDigestAndTheMatchIsDisputed" computerName="DESKTOP-E4OQK9L" duration="00:00:00.0041582" startTime="2026-10-04T11:45:58.0269851+08:00" endTime="2026-10-04T11:45:58.0269851+08:00" testType="13cdc9d9-ddb5-4fa4-a97d-d965ccfc6d4b" outcome="Passed" testListId="8c84fa94-04c1-424b-9868-57a2d4851a1d" relativeResultsDirectory="48b1cab7-8cfd-4ed8-920d-cfc4a4820a81" />
    <UnitTestResult executionId="b2ec9aa7-df3e-4cbc-b066-65285ffa62db" testId="ea46855f-cd75-4bef-448a-f96a2bad8cee" testName="TumbangPreso.Core.Tests.IntegrityTests.OneSubmissionIsPendingAndTwoAgreeingIsWitnessed" computerName="DESKTOP-E4OQK9L" duration="00:00:00.0001223" startTime="2026-10-04T11:45:58.0299460+08:00" endTime="2026-10-04T11:45:58.0299460+08:00" testType="13cdc9d9-ddb5-4fa4-a97d-d965ccfc6d4b" outcome="Passed" testListId="8c84fa94-04c1-424b-9868-57a2d4851a1d" relativeResultsDirectory="b2ec9aa7-df3e-4cbc-b066-65285ffa62db" />
    <UnitTestResult executionId="b0278ee0-2473-474d-bf97-daecccdb103a" testId="4507dbb9-306f-41db-539d-8da3db8e10fd" testName="TumbangPreso.Core.Tests.PlayerProfileTests.DistanceIsReportedPerRoundSoTheTwoModesCompare" computerName="DESKTOP-E4OQK9L" duration="00:00:00.0001482" startTime="2026-10-04T11:45:58.0292714+08:00" endTime="2026-10-04T11:45:58.0292715+08:00" testType="13cdc9d9-ddb5-4fa4-a97d-d965ccfc6d4b" outcome="Passed" testListId="8c84fa94-04c1-424b-9868-57a2d4851a1d" relativeResultsDirectory="b0278ee0-2473-474d-bf97-daecccdb103a" />
    <UnitTestResult executionId="aa618c56-a09e-40fb-92f5-75f5041119b5" testId="8db8d845-aec4-9a92-d08e-2fd78de00338" testName="TumbangPreso.Core.Tests.PlayerProfileTests.PlayingAMatchAwardsXpButStillNoRankAndNoInventory" computerName="DESKTOP-E4OQK9L" duration="00:00:00.0017931" startTime="2026-10-04T11:45:58.0286967+08:00" endTime="2026-10-04T11:45:58.0286967+08:00" testType="13cdc9d9-ddb5-4fa4-a97d-d965ccfc6d4b" outcome="Passed" testListId="8c84fa94-04c1-424b-9868-57a2d4851a1d" relativeResultsDirectory="aa618c56-a09e-40fb-92f5-75f5041119b5" />
    <UnitTestResult executionId="ce91047f-bb53-4694-8035-44c181d20bbe" testId="25ce9c63-8244-575a-cde9-f1f0899e5a80" testName="TumbangPreso.Core.Tests.MatchRecordTests.NormaliseClampsCountsThatCannotBeTrueOfEachOther" computerName="DESKTOP-E4OQK9L" duration="00:00:00.0001861" startTime="2026-10-04T11:45:58.0286578+08:00" endTime="2026-10-04T11:45:58.0286578+08:00" testType="13cdc9d9-ddb5-4fa4-a97d-d965ccfc6d4b" outcome="Passed" testListId="8c84fa94-04c1-424b-9868-57a2d4851a1d" relativeResultsDirectory="ce91047f-bb53-4694-8035-44c181d20bbe" />
    <UnitTestResult executionId="8a8d9bc1-b9b2-464e-9817-f09ce722750a" testId="012834d7-3fb8-49ea-f042-519bda1cce32" testName="TumbangPreso.Core.Tests.RosterIntegrityTests.TheSkinSlotsAreInsideThePaletteAndDoNotIncludeTheFace" computerName="DESKTOP-E4OQK9L" duration="00:00:00.0011172" startTime="2026-10-04T11:45:58.0273591+08:00" endTime="2026-10-04T11:45:58.0273592+08:00" testType="13cdc9d9-ddb5-4fa4-a97d-d965ccfc6d4b" outcome="Passed" testListId="8c84fa94-04c1-424b-9868-57a2d4851a1d" relativeResultsDirectory="8a8d9bc1-b9b2-464e-9817-f09ce722750a" />
    <UnitTestResult executionId="f7acc0e2-da83-40d8-a160-9ee0fcd92369" testId="ca4f384c-2aa8-476c-2bfb-108d2931ab72" testName="TumbangPreso.Core.Tests.MatchRecordTests.AnEmptyDenominatorIsZeroRatherThanNaN" computerName="DESKTOP-E4OQK9L" duration="00:00:00.0001431" startTime="2026-10-04T11:45:58.0292631+08:00" endTime="2026-10-04T11:45:58.0292632+08:00" testType="13cdc9d9-ddb5-4fa4-a97d-d965ccfc6d4b" outcome="Passed" testListId="8c84fa94-04c1-424b-9868-57a2d4851a1d" relativeResultsDirectory="f7acc0e2-da83-40d8-a160-9ee0fcd92369" />
    <UnitTestResult executionId="dfc3c665-b15e-43d0-af24-310ab0f49076" testId="efa6f5b4-9ebb-4240-6aa3-3cfe188f4aff" testName="TumbangPreso.Core.Tests.PlayerProfileTests.HistoryKeepsTheNewestHundredAndRefusesADuplicate" computerName="DESKTOP-E4OQK9L" duration="00:00:00.0008160" startTime="2026-10-04T11:45:58.0272775+08:00" endTime="2026-10-04T11:45:58.0272776+08:00" testType="13cdc9d9-ddb5-4fa4-a97d-d965ccfc6d4b" outcome="Passed" testListId="8c84fa94-04c1-424b-9868-57a2d4851a1d" relativeResultsDirectory="dfc3c665-b15e-43d0-af24-310ab0f49076" />
    <UnitTestResult executionId="5b90ae15-cb81-4693-9b68-88556172ade9" testId="f3403639-9a37-6e02-f1d7-fc144b766b8d" testName="TumbangPreso.Core.Tests.RosterIntegrityTests.TheHeightWindowIsTheOneTheDocumentsQuote" computerName="DESKTOP-E4OQK9L" duration="00:00:00.0000761" startTime="2026-10-04T11:45:57.9959673+08:00" endTime="2026-10-04T11:45:57.9959674+08:00" testType="13cdc9d9-ddb5-4fa4-a97d-d965ccfc6d4b" outcome="Passed" testListId="8c84fa94-04c1-424b-9868-57a2d4851a1d" relativeResultsDirectory="5b90ae15-cb81-4693-9b68-88556172ade9" />
    <UnitTestResult executionId="8af2a0df-4732-491a-ba85-18c480024614" testId="fa5f2d29-8313-08b6-38ca-583dbbb7ef23" testName="TumbangPreso.Core.Tests.IntegrityTests.PerMachineMeasurementsDoNotDisputeAMatch" computerName="DESKTOP-E4OQK9L" duration="00:00:00.0000822" startTime="2026-10-04T11:45:58.0297188+08:00" endTime="2026-10-04T11:45:58.0297189+08:00" testType="13cdc9d9-ddb5-4fa4-a97d-d965ccfc6d4b" outcome="Passed" testListId="8c84fa94-04c1-424b-9868-57a2d4851a1d" relativeResultsDirectory="8af2a0df-4732-491a-ba85-18c480024614" />
    <UnitTestResult executionId="4960fc4a-59ad-4498-8d31-342d76c83a48" testId="3ffe28fe-01be-723a-29ed-eb96ab723fef" testName="TumbangPreso.Core.Tests.RosterIntegrityTests.AnOutOfRangeWireIsClampedRatherThanTrusted" computerName="DESKTOP-E4OQK9L" duration="00:00:00.0000826" startTime="2026-10-04T11:45:58.0262724+08:00" endTime="2026-10-04T11:45:58.0262725+08:00" testType="13cdc9d9-ddb5-4fa4-a97d-d965ccfc6d4b" outcome="Passed" testListId="8c84fa94-04c1-424b-9868-57a2d4851a1d" relativeResultsDirectory="4960fc4a-59ad-4498-8d31-342d76c83a48" />
    <UnitTestResult executionId="36712a45-ac5e-45ff-83e3-7a4cf9446752" testId="4827f4fb-d04f-3e68-7a38-62db1f2f0b37" testName="TumbangPreso.Core.Tests.PlayerProfileTests.TheReplayWindowOutlivesTheHistory" computerName="DESKTOP-E4OQK9L" duration="00:00:00.0025008" startTime="2026-10-04T11:45:58.0297620+08:00" endTime="2026-10-04T11:45:58.0297621+08:00" testType="13cdc9d9-ddb5-4fa4-a97d-d965ccfc6d4b" outcome="Passed" testListId="8c84fa94-04c1-424b-9868-57a2d4851a1d" relativeResultsDirectory="36712a45-ac5e-45ff-83e3-7a4cf9446752" />
    <UnitTestResult executionId="29b0cbba-8620-4ea6-afd9-bcbc748e4531" testId="53135d67-4bb2-73b8-0dfe-394aeb4d5a77" testName="TumbangPreso.Core.Tests.RosterIntegrityTests.ACustomCharacterNameSurvivesTheCodec(name: &quot;Batang Kalye&quot;)" computerName="DESKTOP-E4OQK9L" duration="00:00:00.0000073" startTime="2026-10-04T11:45:58.0250945+08:00" endTime="2026-10-04T11:45:58.0250945+08:00" testType="13cdc9d9-ddb5-4fa4-a97d-d965ccfc6d4b" outcome="Passed" testListId="8c84fa94-04c1-424b-9868-57a2d4851a1d" relativeResultsDirectory="29b0cbba-8620-4ea6-afd9-bcbc748e4531" />
    <UnitTestResult executionId="2a26f2fc-c06e-42ef-b9a2-c5be3422b34f" testId="e05fc820-a2d7-26c1-4a8a-72b0ef65982e" testName="TumbangPreso.Core.Tests.IntegrityTests.AnHonestRecordPassesEverySanityCheck" computerName="DESKTOP-E4OQK9L" duration="00:00:00.0034825" startTime="2026-10-04T11:45:58.0287257+08:00" endTime="2026-10-04T11:45:58.0287258+08:00" testType="13cdc9d9-ddb5-4fa4-a97d-d965ccfc6d4b" outcome="Passed" testListId="8c84fa94-04c1-424b-9868-57a2d4851a1d" relativeResultsDirectory="2a26f2fc-c06e-42ef-b9a2-c5be3422b34f" />
  </Results>
  <TestDefinitions>
    <UnitTest name="TumbangPreso.Core.Tests.RosterIntegrityTests.TheHeightWindowIsTheOneTheDocumentsQuote" storage="c:\users\matth\documents\codex\work\tump-competition-candidate1003i\core.tests\bin\release\net9.0\tumbangpreso.core.tests.dll" id="f3403639-9a37-6e02-f1d7-fc144b766b8d">
      <Execution id="5b90ae15-cb81-4693-9b68-88556172ade9" />
      <TestMethod codeBase="C:\Users\matth\Documents\Codex\work\tump-competition-candidate1003i\Core.Tests\bin\Release\net9.0\TumbangPreso.Core.Tests.dll" adapterTypeName="executor://xunit/VsTestRunner2/netcoreapp" className="TumbangPreso.Core.Tests.RosterIntegrityTests" name="TheHeightWindowIsTheOneTheDocumentsQuote" />
    </UnitTest>
    <UnitTest name="TumbangPreso.Core.Tests.PlayerProfileTests.ADrawBreaksTheWinStreakAndCountsAsADraw" storage="c:\users\matth\documents\codex\work\tump-competition-candidate1003i\core.tests\bin\release\net9.0\tumbangpreso.core.tests.dll" id="5afb1543-449c-520f-2514-9f05cf8ee4d8">
      <Execution id="49d59930-f268-4161-be89-bf9c3c562991" />
      <TestMethod codeBase="C:\Users\matth\Documents\Codex\work\tump-competition-candidate1003i\Core.Tests\bin\Release\net9.0\TumbangPreso.Core.Tests.dll" adapterTypeName="executor://xunit/VsTestRunner2/netcoreapp" className="TumbangPreso.Core.Tests.PlayerProfileTests" name="ADrawBreaksTheWinStreakAndCountsAsADraw" />
    </UnitTest>
    <UnitTest name="TumbangPreso.Core.Tests.RosterIntegrityTests.OnlyTheFaceAndTheSkinRampAreProtected" storage="c:\users\matth\documents\codex\work\tump-competition-candidate1003i\core.tests\bin\release\net9.0\tumbangpreso.core.tests.dll" id="23714b15-157c-571e-0703-46b7da47fae6">
      <Execution id="bab8fde3-c911-4809-8282-e006b8c69180" />
      <TestMethod codeBase="C:\Users\matth\Documents\Codex\work\tump-competition-candidate1003i\Core.Tests\bin\Release\net9.0\TumbangPreso.Core.Tests.dll" adapterTypeName="executor://xunit/VsTestRunner2/netcoreapp" className="TumbangPreso.Core.Tests.RosterIntegrityTests" name="OnlyTheFaceAndTheSkinRampAreProtected" />
    </UnitTest>
    <UnitTest name="TumbangPreso.Core.Tests.MatchRecordTests.NeverThrewSurvivesNormalisationAsMinusOne" storage="c:\users\matth\documents\codex\work\tump-competition-candidate1003i\core.tests\bin\release\net9.0\tumbangpreso.core.tests.dll" id="13b64473-338d-b4b2-7cc2-70333671a355">
      <Execution id="63a892ed-94db-42c8-9ff7-2c53071b208d" />
      <TestMethod codeBase="C:\Users\matth\Documents\Codex\work\tump-competition-candidate1003i\Core.Tests\bin\Release\net9.0\TumbangPreso.Core.Tests.dll" adapterTypeName="executor://xunit/VsTestRunner2/netcoreapp" className="TumbangPreso.Core.Tests.MatchRecordTests" name="NeverThrewSurvivesNormalisationAsMinusOne" />
    </UnitTest>
    <UnitTest name="TumbangPreso.Core.Tests.IntegrityTests.CooldownsEscalateAndTheFirstOneIsFree" storage="c:\users\matth\documents\codex\work\tump-competition-candidate1003i\core.tests\bin\release\net9.0\tumbangpreso.core.tests.dll" id="b5441967-1e88-0dfe-a011-b72122151bf4">
      <Execution id="d6151150-26b2-4cbf-aff5-4d0741fbf3cd" />
      <TestMethod codeBase="C:\Users\matth\Documents\Codex\work\tump-competition-candidate1003i\Core.Tests\bin\Release\net9.0\TumbangPreso.Core.Tests.dll" adapterTypeName="executor://xunit/VsTestRunner2/netcoreapp" className="TumbangPreso.Core.Tests.IntegrityTests" name="CooldownsEscalateAndTheFirstOneIsFree" />
    </UnitTest>
    <UnitTest name="TumbangPreso.Core.Tests.PlayerProfileTests.AMatchWithNoThrowIsLeftOutOfTheFirstThrowAverage" storage="c:\users\matth\documents\codex\work\tump-competition-candidate1003i\core.tests\bin\release\net9.0\tumbangpreso.core.tests.dll" id="c090d7cc-fe2c-5487-09dc-1bcad5db5e92">
      <Execution id="b5a07d2f-6f01-47f5-90f6-67c2e6a078b0" />
      <TestMethod codeBase="C:\Users\matth\Documents\Codex\work\tump-competition-candidate1003i\Core.Tests\bin\Release\net9.0\TumbangPreso.Core.Tests.dll" adapterTypeName="executor://xunit/VsTestRunner2/netcoreapp" className="TumbangPreso.Core.Tests.PlayerProfileTests" name="AMatchWithNoThrowIsLeftOutOfTheFirstThrowAverage" />
    </UnitTest>
    <UnitTest name="TumbangPreso.Core.Tests.IntegrityTests.AnHonestRecordPassesEverySanityCheck" storage="c:\users\matth\documents\codex\work\tump-competition-candidate1003i\core.tests\bin\release\net9.0\tumbangpreso.core.tests.dll" id="e05fc820-a2d7-26c1-4a8a-72b0ef65982e">
      <Execution id="2a26f2fc-c06e-42ef-b9a2-c5be3422b34f" />
      <TestMethod codeBase="C:\Users\matth\Documents\Codex\work\tump-competition-candidate1003i\Core.Tests\bin\Release\net9.0\TumbangPreso.Core.Tests.dll" adapterTypeName="executor://xunit/VsTestRunner2/netcoreapp" className="TumbangPreso.Core.Tests.IntegrityTests" name="AnHonestRecordPassesEverySanityCheck" />
    </UnitTest>
    <UnitTest name="TumbangPreso.Core.Tests.PlayerProfileTests.DistanceIsReportedPerRoundSoTheTwoModesCompare" storage="c:\users\matth\documents\codex\work\tump-competition-candidate1003i\core.tests\bin\release\net9.0\tumbangpreso.core.tests.dll" id="4507dbb9-306f-41db-539d-8da3db8e10fd">
      <Execution id="b0278ee0-2473-474d-bf97-daecccdb103a" />
      <TestMethod codeBase="C:\Users\matth\Documents\Codex\work\tump-competition-candidate1003i\Core.Tests\bin\Release\net9.0\TumbangPreso.Core.Tests.dll" adapterTypeName="executor://xunit/VsTestRunner2/netcoreapp" className="TumbangPreso.Core.Tests.PlayerProfileTests" name="DistanceIsReportedPerRoundSoTheTwoModesCompare" />
    </UnitTest>
    <UnitTest name="TumbangPreso.Core.Tests.IntegrityTests.TheWriteFloorIsInvisibleToAnybodyActuallyPlaying" storage="c:\users\matth\documents\codex\work\tump-competition-candidate1003i\core.tests\bin\release\net9.0\tumbangpreso.core.tests.dll" id="fb76871f-d447-4188-d3ec-7a81ac99f3f4">
      <Execution id="12c1e345-c1c3-4b46-8815-b6e5ad8b7753" />
      <TestMethod codeBase="C:\Users\matth\Documents\Codex\work\tump-competition-candidate1003i\Core.Tests\bin\Release\net9.0\TumbangPreso.Core.Tests.dll" adapterTypeName="executor://xunit/VsTestRunner2/netcoreapp" className="TumbangPreso.Core.Tests.IntegrityTests" name="TheWriteFloorIsInvisibleToAnybodyActuallyPlaying" />
    </UnitTest>
    <UnitTest name="TumbangPreso.Core.Tests.RosterIntegrityTests.MostOfThePaletteIsStillReachable" storage="c:\users\matth\documents\codex\work\tump-competition-candidate1003i\core.tests\bin\release\net9.0\tumbangpreso.core.tests.dll" id="7be25097-827c-fb1a-506a-f261f748760c">
      <Execution id="5d7e0083-47a3-472d-86ed-5bf168bf1a85" />
      <TestMethod codeBase="C:\Users\matth\Documents\Codex\work\tump-competition-candidate1003i\Core.Tests\bin\Release\net9.0\TumbangPreso.Core.Tests.dll" adapterTypeName="executor://xunit/VsTestRunner2/netcoreapp" className="TumbangPreso.Core.Tests.RosterIntegrityTests" name="MostOfThePaletteIsStillReachable" />
    </UnitTest>
    <UnitTest name="TumbangPreso.Core.Tests.MatchRecordTests.NormalisePreservesExistingDistanceBounds(input: 123, expected: 123)" storage="c:\users\matth\documents\codex\work\tump-competition-candidate1003i\core.tests\bin\release\net9.0\tumbangpreso.core.tests.dll" id="0a726307-8684-3c01-364f-f7495da97504">
      <Execution id="1ad3da98-7c2c-431b-b78d-39a4364b76db" />
      <TestMethod codeBase="C:\Users\matth\Documents\Codex\work\tump-competition-candidate1003i\Core.Tests\bin\Release\net9.0\TumbangPreso.Core.Tests.dll" adapterTypeName="executor://xunit/VsTestRunner2/netcoreapp" className="TumbangPreso.Core.Tests.MatchRecordTests" name="NormalisePreservesExistingDistanceBounds" />
    </UnitTest>
    <UnitTest name="TumbangPreso.Core.Tests.MatchRecordTests.NormalisePreservesExistingDistanceBounds(input: 1000001, expected: 1000000)" storage="c:\users\matth\documents\codex\work\tump-competition-candidate1003i\core.tests\bin\release\net9.0\tumbangpreso.core.tests.dll" id="567a5f45-1f02-2d2c-2fd5-5bf92a849d55">
      <Execution id="04b13fef-f9a5-4709-8c47-16af9132731d" />
      <TestMethod codeBase="C:\Users\matth\Documents\Codex\work\tump-competition-candidate1003i\Core.Tests\bin\Release\net9.0\TumbangPreso.Core.Tests.dll" adapterTypeName="executor://xunit/VsTestRunner2/netcoreapp" className="TumbangPreso.Core.Tests.MatchRecordTests" name="NormalisePreservesExistingDistanceBounds" />
    </UnitTest>
    <UnitTest name="TumbangPreso.Core.Tests.MatchRecordTests.NormaliseRetiresNaNMeasurements(measurement: &quot;distance&quot;)" storage="c:\users\matth\documents\codex\work\tump-competition-candidate1003i\core.tests\bin\release\net9.0\tumbangpreso.core.tests.dll" id="25f67a2a-4fa4-d35d-b852-de7dad1bdf69">
      <Execution id="945c07c1-0711-4ce5-b46e-356a88a48bd3" />
      <TestMethod codeBase="C:\Users\matth\Documents\Codex\work\tump-competition-candidate1003i\Core.Tests\bin\Release\net9.0\TumbangPreso.Core.Tests.dll" adapterTypeName="executor://xunit/VsTestRunner2/netcoreapp" className="TumbangPreso.Core.Tests.MatchRecordTests" name="NormaliseRetiresNaNMeasurements" />
    </UnitTest>
    <UnitTest name="TumbangPreso.Core.Tests.MatchRecordTests.NormalisePreservesExistingDistanceBounds(input: -1, expected: 0)" storage="c:\users\matth\documents\codex\work\tump-competition-candidate1003i\core.tests\bin\release\net9.0\tumbangpreso.core.tests.dll" id="a9273a0e-172b-3ac7-f28a-2b25ef99f648">
      <Execution id="0cd678c3-e9cd-4d79-9246-89954856997a" />
      <TestMethod codeBase="C:\Users\matth\Documents\Codex\work\tump-competition-candidate1003i\Core.Tests\bin\Release\net9.0\TumbangPreso.Core.Tests.dll" adapterTypeName="executor://xunit/VsTestRunner2/netcoreapp" className="TumbangPreso.Core.Tests.MatchRecordTests" name="NormalisePreservesExistingDistanceBounds" />
    </UnitTest>
    <UnitTest name="TumbangPreso.Core.Tests.PlayerProfileTests.TheReplayWindowOutlivesTheHistory" storage="c:\users\matth\documents\codex\work\tump-competition-candidate1003i\core.tests\bin\release\net9.0\tumbangpreso.core.tests.dll" id="4827f4fb-d04f-3e68-7a38-62db1f2f0b37">
      <Execution id="36712a45-ac5e-45ff-83e3-7a4cf9446752" />
      <TestMethod codeBase="C:\Users\matth\Documents\Codex\work\tump-competition-candidate1003i\Core.Tests\bin\Release\net9.0\TumbangPreso.Core.Tests.dll" adapterTypeName="executor://xunit/VsTestRunner2/netcoreapp" className="TumbangPreso.Core.Tests.PlayerProfileTests" name="TheReplayWindowOutlivesTheHistory" />
    </UnitTest>
    <UnitTest name="TumbangPreso.Core.Tests.MatchRecordTests.ThePressureRadiusIsTheTayasStandingLungeReach" storage="c:\users\matth\documents\codex\work\tump-competition-candidate1003i\core.tests\bin\release\net9.0\tumbangpreso.core.tests.dll" id="7e25e8c3-dfc3-e277-9a59-fc92a29cab97">
      <Execution id="3331091b-40ed-4e26-9617-96d2c111e34a" />
      <TestMethod codeBase="C:\Users\matth\Documents\Codex\work\tump-competition-candidate1003i\Core.Tests\bin\Release\net9.0\TumbangPreso.Core.Tests.dll" adapterTypeName="executor://xunit/VsTestRunner2/netcoreapp" className="TumbangPreso.Core.Tests.MatchRecordTests" name="ThePressureRadiusIsTheTayasStandingLungeReach" />
    </UnitTest>
    <UnitTest name="TumbangPreso.Core.Tests.MatchRecordTests.NormalisePreservesExistingDistanceBounds(input: ∞, expected: 1000000)" storage="c:\users\matth\documents\codex\work\tump-competition-candidate1003i\core.tests\bin\release\net9.0\tumbangpreso.core.tests.dll" id="fa69cee3-b3f3-14b7-4b02-fb18e5936c03">
      <Execution id="19f55b89-cae2-4e18-a2ee-acfe74fbb879" />
      <TestMethod codeBase="C:\Users\matth\Documents\Codex\work\tump-competition-candidate1003i\Core.Tests\bin\Release\net9.0\TumbangPreso.Core.Tests.dll" adapterTypeName="executor://xunit/VsTestRunner2/netcoreapp" className="TumbangPreso.Core.Tests.MatchRecordTests" name="NormalisePreservesExistingDistanceBounds" />
    </UnitTest>
    <UnitTest name="TumbangPreso.Core.Tests.MatchRecordTests.ARecordWithNoLineForThisPlayerIsRefusedWithoutCallingTheEndpoint" storage="c:\users\matth\documents\codex\work\tump-competition-candidate1003i\core.tests\bin\release\net9.0\tumbangpreso.core.tests.dll" id="7de04ae1-5329-5d44-a311-6d9574183650">
      <Execution id="199056d8-c4a4-4b35-874e-05eec64d4809" />
      <TestMethod codeBase="C:\Users\matth\Documents\Codex\work\tump-competition-candidate1003i\Core.Tests\bin\Release\net9.0\TumbangPreso.Core.Tests.dll" adapterTypeName="executor://xunit/VsTestRunner2/netcoreapp" className="TumbangPreso.Core.Tests.MatchRecordTests" name="ARecordWithNoLineForThisPlayerIsRefusedWithoutCallingTheEndpoint" />
    </UnitTest>
    <UnitTest name="TumbangPreso.Core.Tests.IntegrityTests.PerMachineMeasurementsDoNotDisputeAMatch" storage="c:\users\matth\documents\codex\work\tump-competition-candidate1003i\core.tests\bin\release\net9.0\tumbangpreso.core.tests.dll" id="fa5f2d29-8313-08b6-38ca-583dbbb7ef23">
      <Execution id="8af2a0df-4732-491a-ba85-18c480024614" />
      <TestMethod codeBase="C:\Users\matth\Documents\Codex\work\tump-competition-candidate1003i\Core.Tests\bin\Release\net9.0\TumbangPreso.Core.Tests.dll" adapterTypeName="executor://xunit/VsTestRunner2/netcoreapp" className="TumbangPreso.Core.Tests.IntegrityTests" name="PerMachineMeasurementsDoNotDisputeAMatch" />
    </UnitTest>
    <UnitTest name="TumbangPreso.Core.Tests.MatchRecordTests.ABotLineCarryingMyIdDoesNotMakeARecordSubmittable" storage="c:\users\matth\documents\codex\work\tump-competition-candidate1003i\core.tests\bin\release\net9.0\tumbangpreso.core.tests.dll" id="e0778bbd-9ead-ba00-5af3-495c279e4fa8">
      <Execution id="cd2c2f25-84ee-49b7-830a-b0f58743340d" />
      <TestMethod codeBase="C:\Users\matth\Documents\Codex\work\tump-competition-candidate1003i\Core.Tests\bin\Release\net9.0\TumbangPreso.Core.Tests.dll" adapterTypeName="executor://xunit/VsTestRunner2/netcoreapp" className="TumbangPreso.Core.Tests.MatchRecordTests" name="ABotLineCarryingMyIdDoesNotMakeARecordSubmittable" />
    </UnitTest>
    <UnitTest name="TumbangPreso.Core.Tests.RosterIntegrityTests.TheSkinSlotsAreInsideThePaletteAndDoNotIncludeTheFace" storage="c:\users\matth\documents\codex\work\tump-competition-candidate1003i\core.tests\bin\release\net9.0\tumbangpreso.core.tests.dll" id="012834d7-3fb8-49ea-f042-519bda1cce32">
      <Execution id="8a8d9bc1-b9b2-464e-9817-f09ce722750a" />
      <TestMethod codeBase="C:\Users\matth\Documents\Codex\work\tump-competition-candidate1003i\Core.Tests\bin\Release\net9.0\TumbangPreso.Core.Tests.dll" adapterTypeName="executor://xunit/VsTestRunner2/netcoreapp" className="TumbangPreso.Core.Tests.RosterIntegrityTests" name="TheSkinSlotsAreInsideThePaletteAndDoNotIncludeTheFace" />
    </UnitTest>
    <UnitTest name="TumbangPreso.Core.Tests.MatchRecordTests.PassiveDefenceSecondsComeFromTheTickInterval" storage="c:\users\matth\documents\codex\work\tump-competition-candidate1003i\core.tests\bin\release\net9.0\tumbangpreso.core.tests.dll" id="648128e5-4f58-2db3-0310-eadf03bc11fc">
      <Execution id="c3e42a9a-c326-4fff-83f1-eac32f197a75" />
      <TestMethod codeBase="C:\Users\matth\Documents\Codex\work\tump-competition-candidate1003i\Core.Tests\bin\Release\net9.0\TumbangPreso.Core.Tests.dll" adapterTypeName="executor://xunit/VsTestRunner2/netcoreapp" className="TumbangPreso.Core.Tests.MatchRecordTests" name="PassiveDefenceSecondsComeFromTheTickInterval" />
    </UnitTest>
    <UnitTest name="TumbangPreso.Core.Tests.MatchRecordTests.NormaliseRetiresNaNMeasurements(measurement: &quot;lastAttacker&quot;)" storage="c:\users\matth\documents\codex\work\tump-competition-candidate1003i\core.tests\bin\release\net9.0\tumbangpreso.core.tests.dll" id="1dcb54b4-4b16-bff5-ea23-f3b3ad73ff26">
      <Execution id="608edeb8-ab15-4a9d-b566-0fc2a50b1ac4" />
      <TestMethod codeBase="C:\Users\matth\Documents\Codex\work\tump-competition-candidate1003i\Core.Tests\bin\Release\net9.0\TumbangPreso.Core.Tests.dll" adapterTypeName="executor://xunit/VsTestRunner2/netcoreapp" className="TumbangPreso.Core.Tests.MatchRecordTests" name="NormaliseRetiresNaNMeasurements" />
    </UnitTest>
    <UnitTest name="TumbangPreso.Core.Tests.MatchRecordTests.NormaliseRetiresNaNMeasurements(measurement: &quot;duration&quot;)" storage="c:\users\matth\documents\codex\work\tump-competition-candidate1003i\core.tests\bin\release\net9.0\tumbangpreso.core.tests.dll" id="09444c9d-9580-4407-8227-7af7d8d1a453">
      <Execution id="1de4b417-4549-4dac-92d1-f3ce49017955" />
      <TestMethod codeBase="C:\Users\matth\Documents\Codex\work\tump-competition-candidate1003i\Core.Tests\bin\Release\net9.0\TumbangPreso.Core.Tests.dll" adapterTypeName="executor://xunit/VsTestRunner2/netcoreapp" className="TumbangPreso.Core.Tests.MatchRecordTests" name="NormaliseRetiresNaNMeasurements" />
    </UnitTest>
    <UnitTest name="TumbangPreso.Core.Tests.PlayerProfileTests.AMatchWithoutAnIdIsRefusedBecauseItCannotBeDeduplicated" storage="c:\users\matth\documents\codex\work\tump-competition-candidate1003i\core.tests\bin\release\net9.0\tumbangpreso.core.tests.dll" id="0454f5f8-02cd-5a59-165f-28f23a276275">
      <Execution id="ef83bab0-897d-43c2-bcfe-ad6ee971e1b4" />
      <TestMethod codeBase="C:\Users\matth\Documents\Codex\work\tump-competition-candidate1003i\Core.Tests\bin\Release\net9.0\TumbangPreso.Core.Tests.dll" adapterTypeName="executor://xunit/VsTestRunner2/netcoreapp" className="TumbangPreso.Core.Tests.PlayerProfileTests" name="AMatchWithoutAnIdIsRefusedBecauseItCannotBeDeduplicated" />
    </UnitTest>
    <UnitTest name="TumbangPreso.Core.Tests.RosterIntegrityTests.ACustomCharacterNameSurvivesTheCodec(name: &quot;BATANG_KALYE&quot;)" storage="c:\users\matth\documents\codex\work\tump-competition-candidate1003i\core.tests\bin\release\net9.0\tumbangpreso.core.tests.dll" id="2023ebd6-d5a0-a3e0-652f-747839ed4005">
      <Execution id="bc3539b0-b1e4-415c-a4e2-2a7f4d46ec5c" />
      <TestMethod codeBase="C:\Users\matth\Documents\Codex\work\tump-competition-candidate1003i\Core.Tests\bin\Release\net9.0\TumbangPreso.Core.Tests.dll" adapterTypeName="executor://xunit/VsTestRunner2/netcoreapp" className="TumbangPreso.Core.Tests.RosterIntegrityTests" name="ACustomCharacterNameSurvivesTheCodec" />
    </UnitTest>
    <UnitTest name="TumbangPreso.Core.Tests.PlayerProfileTests.HistoryKeepsTheNewestHundredAndRefusesADuplicate" storage="c:\users\matth\documents\codex\work\tump-competition-candidate1003i\core.tests\bin\release\net9.0\tumbangpreso.core.tests.dll" id="efa6f5b4-9ebb-4240-6aa3-3cfe188f4aff">
      <Execution id="dfc3c665-b15e-43d0-af24-310ab0f49076" />
      <TestMethod codeBase="C:\Users\matth\Documents\Codex\work\tump-competition-candidate1003i\Core.Tests\bin\Release\net9.0\TumbangPreso.Core.Tests.dll" adapterTypeName="executor://xunit/VsTestRunner2/netcoreapp" className="TumbangPreso.Core.Tests.PlayerProfileTests" name="HistoryKeepsTheNewestHundredAndRefusesADuplicate" />
    </UnitTest>
    <UnitTest name="TumbangPreso.Core.Tests.MatchRecordTests.AnEmptyDenominatorIsZeroRatherThanNaN" storage="c:\users\matth\documents\codex\work\tump-competition-candidate1003i\core.tests\bin\release\net9.0\tumbangpreso.core.tests.dll" id="ca4f384c-2aa8-476c-2bfb-108d2931ab72">
      <Execution id="f7acc0e2-da83-40d8-a160-9ee0fcd92369" />
      <TestMethod codeBase="C:\Users\matth\Documents\Codex\work\tump-competition-candidate1003i\Core.Tests\bin\Release\net9.0\TumbangPreso.Core.Tests.dll" adapterTypeName="executor://xunit/VsTestRunner2/netcoreapp" className="TumbangPreso.Core.Tests.MatchRecordTests" name="AnEmptyDenominatorIsZeroRatherThanNaN" />
    </UnitTest>
    <UnitTest name="TumbangPreso.Core.Tests.PlayerProfileTests.PlayingAMatchAwardsXpButStillNoRankAndNoInventory" storage="c:\users\matth\documents\codex\work\tump-competition-candidate1003i\core.tests\bin\release\net9.0\tumbangpreso.core.tests.dll" id="8db8d845-aec4-9a92-d08e-2fd78de00338">
      <Execution id="aa618c56-a09e-40fb-92f5-75f5041119b5" />
      <TestMethod codeBase="C:\Users\matth\Documents\Codex\work\tump-competition-candidate1003i\Core.Tests\bin\Release\net9.0\TumbangPreso.Core.Tests.dll" adapterTypeName="executor://xunit/VsTestRunner2/netcoreapp" className="TumbangPreso.Core.Tests.PlayerProfileTests" name="PlayingAMatchAwardsXpButStillNoRankAndNoInventory" />
    </UnitTest>
    <UnitTest name="TumbangPreso.Core.Tests.IntegrityTests.APlacementThatDisagreesWithTheScoresIsRefused" storage="c:\users\matth\documents\codex\work\tump-competition-candidate1003i\core.tests\bin\release\net9.0\tumbangpreso.core.tests.dll" id="c243b90e-7c20-a50a-af74-694aafbb8991">
      <Execution id="3bfc70e6-48f6-4f69-a55b-64dde867e1ce" />
      <TestMethod codeBase="C:\Users\matth\Documents\Codex\work\tump-competition-candidate1003i\Core.Tests\bin\Release\net9.0\TumbangPreso.Core.Tests.dll" adapterTypeName="executor://xunit/VsTestRunner2/netcoreapp" className="TumbangPreso.Core.Tests.IntegrityTests" name="APlacementThatDisagreesWithTheScoresIsRefused" />
    </UnitTest>
    <UnitTest name="TumbangPreso.Core.Tests.RosterIntegrityTests.ACustomCharacterNameSurvivesTheCodec(name: &quot;Tondo:Kid&quot;)" storage="c:\users\matth\documents\codex\work\tump-competition-candidate1003i\core.tests\bin\release\net9.0\tumbangpreso.core.tests.dll" id="ca4b43d7-84cf-3324-e4a2-75fc25e5e58d">
      <Execution id="9135f6eb-2792-4e49-9139-bfb4c6d13522" />
      <TestMethod codeBase="C:\Users\matth\Documents\Codex\work\tump-competition-candidate1003i\Core.Tests\bin\Release\net9.0\TumbangPreso.Core.Tests.dll" adapterTypeName="executor://xunit/VsTestRunner2/netcoreapp" className="TumbangPreso.Core.Tests.RosterIntegrityTests" name="ACustomCharacterNameSurvivesTheCodec" />
    </UnitTest>
    <UnitTest name="TumbangPreso.Core.Tests.PlayerProfileTests.TheSameMatchIdIsNeverCountedTwice" storage="c:\users\matth\documents\codex\work\tump-competition-candidate1003i\core.tests\bin\release\net9.0\tumbangpreso.core.tests.dll" id="f328848a-2803-862b-8148-ad0b26a4422d">
      <Execution id="9cc5d60e-ea74-4d5e-978e-b0a3f299fd08" />
      <TestMethod codeBase="C:\Users\matth\Documents\Codex\work\tump-competition-candidate1003i\Core.Tests\bin\Release\net9.0\TumbangPreso.Core.Tests.dll" adapterTypeName="executor://xunit/VsTestRunner2/netcoreapp" className="TumbangPreso.Core.Tests.PlayerProfileTests" name="TheSameMatchIdIsNeverCountedTwice" />
    </UnitTest>
    <UnitTest name="TumbangPreso.Core.Tests.IntegrityTests.AMissingSubmissionIsSilenceRatherThanAnAccusation" storage="c:\users\matth\documents\codex\work\tump-competition-candidate1003i\core.tests\bin\release\net9.0\tumbangpreso.core.tests.dll" id="086eb76d-3fe9-c11d-3c0e-3cf836f76873">
      <Execution id="142a0a76-265f-41c6-8d1b-b2101b976816" />
      <TestMethod codeBase="C:\Users\matth\Documents\Codex\work\tump-competition-candidate1003i\Core.Tests\bin\Release\net9.0\TumbangPreso.Core.Tests.dll" adapterTypeName="executor://xunit/VsTestRunner2/netcoreapp" className="TumbangPreso.Core.Tests.IntegrityTests" name="AMissingSubmissionIsSilenceRatherThanAnAccusation" />
    </UnitTest>
    <UnitTest name="TumbangPreso.Core.Tests.MatchRecordTests.ABotIsNeverMatchedByPlayerId" storage="c:\users\matth\documents\codex\work\tump-competition-candidate1003i\core.tests\bin\release\net9.0\tumbangpreso.core.tests.dll" id="9b0fd13d-bdfc-93ac-1aa7-9f980350d062">
      <Execution id="861a01f1-29a0-4b42-bfda-95f3aa8ac3e5" />
      <TestMethod codeBase="C:\Users\matth\Documents\Codex\work\tump-competition-candidate1003i\Core.Tests\bin\Release\net9.0\TumbangPreso.Core.Tests.dll" adapterTypeName="executor://xunit/VsTestRunner2/netcoreapp" className="TumbangPreso.Core.Tests.MatchRecordTests" name="ABotIsNeverMatchedByPlayerId" />
    </UnitTest>
    <UnitTest name="TumbangPreso.Core.Tests.PlayerProfileTests.NormaliseFillsInEveryListAProfileScreenWalks" storage="c:\users\matth\documents\codex\work\tump-competition-candidate1003i\core.tests\bin\release\net9.0\tumbangpreso.core.tests.dll" id="3c4205e8-d81a-8764-a5f4-f0bc0ad82efb">
      <Execution id="c07b2fcf-1a06-4bfa-9271-dde9a4f28ad1" />
      <TestMethod codeBase="C:\Users\matth\Documents\Codex\work\tump-competition-candidate1003i\Core.Tests\bin\Release\net9.0\TumbangPreso.Core.Tests.dll" adapterTypeName="executor://xunit/VsTestRunner2/netcoreapp" className="TumbangPreso.Core.Tests.PlayerProfileTests" name="NormaliseFillsInEveryListAProfileScreenWalks" />
    </UnitTest>
    <UnitTest name="TumbangPreso.Core.Tests.MatchRecordTests.NormalisedNaNMeasurementsCannotPoisonCareerTotals" storage="c:\users\matth\documents\codex\work\tump-competition-candidate1003i\core.tests\bin\release\net9.0\tumbangpreso.core.tests.dll" id="16eb9ef7-fdd8-188f-3a1f-c7d8976e0f35">
      <Execution id="616ec655-2206-4aaf-8706-ce5d4d5822e9" />
      <TestMethod codeBase="C:\Users\matth\Documents\Codex\work\tump-competition-candidate1003i\Core.Tests\bin\Release\net9.0\TumbangPreso.Core.Tests.dll" adapterTypeName="executor://xunit/VsTestRunner2/netcoreapp" className="TumbangPreso.Core.Tests.MatchRecordTests" name="NormalisedNaNMeasurementsCannotPoisonCareerTotals" />
    </UnitTest>
    <UnitTest name="TumbangPreso.Core.Tests.MatchRecordTests.ADrawIsNeverAClutchBecauseNobodyWon" storage="c:\users\matth\documents\codex\work\tump-competition-candidate1003i\core.tests\bin\release\net9.0\tumbangpreso.core.tests.dll" id="6e0fd98b-27d1-b4d5-4448-03854a9e117a">
      <Execution id="e1e38c62-fe8b-4117-abe2-1bbd85c30170" />
      <TestMethod codeBase="C:\Users\matth\Documents\Codex\work\tump-competition-candidate1003i\Core.Tests\bin\Release\net9.0\TumbangPreso.Core.Tests.dll" adapterTypeName="executor://xunit/VsTestRunner2/netcoreapp" className="TumbangPreso.Core.Tests.MatchRecordTests" name="ADrawIsNeverAClutchBecauseNobodyWon" />
    </UnitTest>
    <UnitTest name="TumbangPreso.Core.Tests.IntegrityTests.AMajorityDoesNotOverruleADissenter" storage="c:\users\matth\documents\codex\work\tump-competition-candidate1003i\core.tests\bin\release\net9.0\tumbangpreso.core.tests.dll" id="54548bc4-3686-eb5c-be91-ca62e82c0aaa">
      <Execution id="cb7f8d8b-96ef-469a-bc3a-0b110af8d5b8" />
      <TestMethod codeBase="C:\Users\matth\Documents\Codex\work\tump-competition-candidate1003i\Core.Tests\bin\Release\net9.0\TumbangPreso.Core.Tests.dll" adapterTypeName="executor://xunit/VsTestRunner2/netcoreapp" className="TumbangPreso.Core.Tests.IntegrityTests" name="AMajorityDoesNotOverruleADissenter" />
    </UnitTest>
    <UnitTest name="TumbangPreso.Core.Tests.PlayerProfileTests.ARefusedRecordLeavesEveryTotalUntouched" storage="c:\users\matth\documents\codex\work\tump-competition-candidate1003i\core.tests\bin\release\net9.0\tumbangpreso.core.tests.dll" id="71751db1-b66a-0645-aad1-46bcdc4c40f4">
      <Execution id="1e506de2-b03d-41f9-bcaf-0cfd5f5d4b73" />
      <TestMethod codeBase="C:\Users\matth\Documents\Codex\work\tump-competition-candidate1003i\Core.Tests\bin\Release\net9.0\TumbangPreso.Core.Tests.dll" adapterTypeName="executor://xunit/VsTestRunner2/netcoreapp" className="TumbangPreso.Core.Tests.PlayerProfileTests" name="ARefusedRecordLeavesEveryTotalUntouched" />
    </UnitTest>
    <UnitTest name="TumbangPreso.Core.Tests.IntegrityTests.TwoHonestPeersProduceTheSameDigestForTheSameMatch" storage="c:\users\matth\documents\codex\work\tump-competition-candidate1003i\core.tests\bin\release\net9.0\tumbangpreso.core.tests.dll" id="a81a95d2-ec92-bd6f-3c6b-380b1b066759">
      <Execution id="7d13c4a4-2cfc-4ab7-b41d-658895fbf542" />
      <TestMethod codeBase="C:\Users\matth\Documents\Codex\work\tump-competition-candidate1003i\Core.Tests\bin\Release\net9.0\TumbangPreso.Core.Tests.dll" adapterTypeName="executor://xunit/VsTestRunner2/netcoreapp" className="TumbangPreso.Core.Tests.IntegrityTests" name="TwoHonestPeersProduceTheSameDigestForTheSameMatch" />
    </UnitTest>
    <UnitTest name="TumbangPreso.Core.Tests.MatchRecordTests.NormaliseClampsCountsThatCannotBeTrueOfEachOther" storage="c:\users\matth\documents\codex\work\tump-competition-candidate1003i\core.tests\bin\release\net9.0\tumbangpreso.core.tests.dll" id="25ce9c63-8244-575a-cde9-f1f0899e5a80">
      <Execution id="ce91047f-bb53-4694-8035-44c181d20bbe" />
      <TestMethod codeBase="C:\Users\matth\Documents\Codex\work\tump-competition-candidate1003i\Core.Tests\bin\Release\net9.0\TumbangPreso.Core.Tests.dll" adapterTypeName="executor://xunit/VsTestRunner2/netcoreapp" className="TumbangPreso.Core.Tests.MatchRecordTests" name="NormaliseClampsCountsThatCannotBeTrueOfEachOther" />
    </UnitTest>
    <UnitTest name="TumbangPreso.Core.Tests.MatchRecordTests.LeadingIntoTheFinalRoundAndWinningIsNotAClutch" storage="c:\users\matth\documents\codex\work\tump-competition-candidate1003i\core.tests\bin\release\net9.0\tumbangpreso.core.tests.dll" id="639ef0f4-6a3d-507b-fcc1-e9ebdb2cb1cf">
      <Execution id="378c5857-67ba-459d-a260-13ad6abd6fc4" />
      <TestMethod codeBase="C:\Users\matth\Documents\Codex\work\tump-competition-candidate1003i\Core.Tests\bin\Release\net9.0\TumbangPreso.Core.Tests.dll" adapterTypeName="executor://xunit/VsTestRunner2/netcoreapp" className="TumbangPreso.Core.Tests.MatchRecordTests" name="LeadingIntoTheFinalRoundAndWinningIsNotAClutch" />
    </UnitTest>
    <UnitTest name="TumbangPreso.Core.Tests.RosterIntegrityTests.ACustomCharacterNameSurvivesTheCodec(name: &quot;Batang Kalye&quot;)" storage="c:\users\matth\documents\codex\work\tump-competition-candidate1003i\core.tests\bin\release\net9.0\tumbangpreso.core.tests.dll" id="53135d67-4bb2-73b8-0dfe-394aeb4d5a77">
      <Execution id="29b0cbba-8620-4ea6-afd9-bcbc748e4531" />
      <TestMethod codeBase="C:\Users\matth\Documents\Codex\work\tump-competition-candidate1003i\Core.Tests\bin\Release\net9.0\TumbangPreso.Core.Tests.dll" adapterTypeName="executor://xunit/VsTestRunner2/netcoreapp" className="TumbangPreso.Core.Tests.RosterIntegrityTests" name="ACustomCharacterNameSurvivesTheCodec" />
    </UnitTest>
    <UnitTest name="TumbangPreso.Core.Tests.PlayerProfileTests.EveryComebackChanceIsCountedNotOnlyTheSuccessfulOnes" storage="c:\users\matth\documents\codex\work\tump-competition-candidate1003i\core.tests\bin\release\net9.0\tumbangpreso.core.tests.dll" id="df429af4-380e-cb36-549e-e63fb77b780a">
      <Execution id="06638851-55e1-4df8-8d7e-7f8939069b5b" />
      <TestMethod codeBase="C:\Users\matth\Documents\Codex\work\tump-competition-candidate1003i\Core.Tests\bin\Release\net9.0\TumbangPreso.Core.Tests.dll" adapterTypeName="executor://xunit/VsTestRunner2/netcoreapp" className="TumbangPreso.Core.Tests.PlayerProfileTests" name="EveryComebackChanceIsCountedNotOnlyTheSuccessfulOnes" />
    </UnitTest>
    <UnitTest name="TumbangPreso.Core.Tests.IntegrityTests.ARankedAbandonIsScoredAsFinishingLast" storage="c:\users\matth\documents\codex\work\tump-competition-candidate1003i\core.tests\bin\release\net9.0\tumbangpreso.core.tests.dll" id="a32af39e-ca82-1e4f-6211-bfb850f4f8c1">
      <Execution id="c84a4629-0dc5-4410-a5b7-ccc874c894f1" />
      <TestMethod codeBase="C:\Users\matth\Documents\Codex\work\tump-competition-candidate1003i\Core.Tests\bin\Release\net9.0\TumbangPreso.Core.Tests.dll" adapterTypeName="executor://xunit/VsTestRunner2/netcoreapp" className="TumbangPreso.Core.Tests.IntegrityTests" name="ARankedAbandonIsScoredAsFinishingLast" />
    </UnitTest>
    <UnitTest name="TumbangPreso.Core.Tests.MatchRecordTests.PlacementsUseCompetitionRankingSoATieDoesNotConsumeTheNextPlace" storage="c:\users\matth\documents\codex\work\tump-competition-candidate1003i\core.tests\bin\release\net9.0\tumbangpreso.core.tests.dll" id="c47a4fb6-f2a6-f358-488b-8f36686f63c0">
      <Execution id="e69e3939-4214-4d6e-86ad-1209437a8a8f" />
      <TestMethod codeBase="C:\Users\matth\Documents\Codex\work\tump-competition-candidate1003i\Core.Tests\bin\Release\net9.0\TumbangPreso.Core.Tests.dll" adapterTypeName="executor://xunit/VsTestRunner2/netcoreapp" className="TumbangPreso.Core.Tests.MatchRecordTests" name="PlacementsUseCompetitionRankingSoATieDoesNotConsumeTheNextPlace" />
    </UnitTest>
    <UnitTest name="TumbangPreso.Core.Tests.MatchRecordTests.AssignPlacementsWritesThroughToEveryLine" storage="c:\users\matth\documents\codex\work\tump-competition-candidate1003i\core.tests\bin\release\net9.0\tumbangpreso.core.tests.dll" id="2c92511e-fe8d-a060-ad36-9b8ad780eb39">
      <Execution id="f459909b-4dea-4ad6-bbd3-f3d8f27a57ca" />
      <TestMethod codeBase="C:\Users\matth\Documents\Codex\work\tump-competition-candidate1003i\Core.Tests\bin\Release\net9.0\TumbangPreso.Core.Tests.dll" adapterTypeName="executor://xunit/VsTestRunner2/netcoreapp" className="TumbangPreso.Core.Tests.MatchRecordTests" name="AssignPlacementsWritesThroughToEveryLine" />
    </UnitTest>
    <UnitTest name="TumbangPreso.Core.Tests.IntegrityTests.TheScoreCeilingClearsTheBestMatchAnybodyCouldActuallyPlay" storage="c:\users\matth\documents\codex\work\tump-competition-candidate1003i\core.tests\bin\release\net9.0\tumbangpreso.core.tests.dll" id="eacb39c4-cccd-6f0d-594b-be91e7df8924">
      <Execution id="895bb410-63e3-4c2e-bf2d-74239ecb6b38" />
      <TestMethod codeBase="C:\Users\matth\Documents\Codex\work\tump-competition-candidate1003i\Core.Tests\bin\Release\net9.0\TumbangPreso.Core.Tests.dll" adapterTypeName="executor://xunit/VsTestRunner2/netcoreapp" className="TumbangPreso.Core.Tests.IntegrityTests" name="TheScoreCeilingClearsTheBestMatchAnybodyCouldActuallyPlay" />
    </UnitTest>
    <UnitTest name="TumbangPreso.Core.Tests.RosterIntegrityTests.AnOutOfRangeWireIsClampedRatherThanTrusted" storage="c:\users\matth\documents\codex\work\tump-competition-candidate1003i\core.tests\bin\release\net9.0\tumbangpreso.core.tests.dll" id="3ffe28fe-01be-723a-29ed-eb96ab723fef">
      <Execution id="4960fc4a-59ad-4498-8d31-342d76c83a48" />
      <TestMethod codeBase="C:\Users\matth\Documents\Codex\work\tump-competition-candidate1003i\Core.Tests\bin\Release\net9.0\TumbangPreso.Core.Tests.dll" adapterTypeName="executor://xunit/VsTestRunner2/netcoreapp" className="TumbangPreso.Core.Tests.RosterIntegrityTests" name="AnOutOfRangeWireIsClampedRatherThanTrusted" />
    </UnitTest>
    <UnitTest name="TumbangPreso.Core.Tests.IntegrityTests.ComingBackInsideTheWindowIsNotALeaveAtAll" storage="c:\users\matth\documents\codex\work\tump-competition-candidate1003i\core.tests\bin\release\net9.0\tumbangpreso.core.tests.dll" id="20895995-7106-9499-b167-9368a2a31c01">
      <Execution id="006a237b-b91e-4ddd-87a5-f9767112dd77" />
      <TestMethod codeBase="C:\Users\matth\Documents\Codex\work\tump-competition-candidate1003i\Core.Tests\bin\Release\net9.0\TumbangPreso.Core.Tests.dll" adapterTypeName="executor://xunit/VsTestRunner2/netcoreapp" className="TumbangPreso.Core.Tests.IntegrityTests" name="ComingBackInsideTheWindowIsNotALeaveAtAll" />
    </UnitTest>
    <UnitTest name="TumbangPreso.Core.Tests.PlayerProfileTests.OneMatchLandsInTheModeItWasPlayedIn" storage="c:\users\matth\documents\codex\work\tump-competition-candidate1003i\core.tests\bin\release\net9.0\tumbangpreso.core.tests.dll" id="03a383d3-0e9c-b838-9666-31e96c6595e8">
      <Execution id="45041b66-aa7b-4918-a4c3-03d772e95f03" />
      <TestMethod codeBase="C:\Users\matth\Documents\Codex\work\tump-competition-candidate1003i\Core.Tests\bin\Release\net9.0\TumbangPreso.Core.Tests.dll" adapterTypeName="executor://xunit/VsTestRunner2/netcoreapp" className="TumbangPreso.Core.Tests.PlayerProfileTests" name="OneMatchLandsInTheModeItWasPlayedIn" />
    </UnitTest>
    <UnitTest name="TumbangPreso.Core.Tests.MatchRecordTests.EverySeatOnTheSameScoreGetsTheSamePlacement" storage="c:\users\matth\documents\codex\work\tump-competition-candidate1003i\core.tests\bin\release\net9.0\tumbangpreso.core.tests.dll" id="548bc85f-e2b8-6332-f7a0-9908ee37a406">
      <Execution id="4ca0a414-1e55-4599-865a-63947fc42e4a" />
      <TestMethod codeBase="C:\Users\matth\Documents\Codex\work\tump-competition-candidate1003i\Core.Tests\bin\Release\net9.0\TumbangPreso.Core.Tests.dll" adapterTypeName="executor://xunit/VsTestRunner2/netcoreapp" className="TumbangPreso.Core.Tests.MatchRecordTests" name="EverySeatOnTheSameScoreGetsTheSamePlacement" />
    </UnitTest>
    <UnitTest name="TumbangPreso.Core.Tests.IntegrityTests.AbandonsAreForgottenAfterAWeek" storage="c:\users\matth\documents\codex\work\tump-competition-candidate1003i\core.tests\bin\release\net9.0\tumbangpreso.core.tests.dll" id="09a27522-b20b-07c7-2e4a-3f454000a671">
      <Execution id="9a5c3627-88a6-4bb8-9c39-27f256a38af4" />
      <TestMethod codeBase="C:\Users\matth\Documents\Codex\work\tump-competition-candidate1003i\Core.Tests\bin\Release\net9.0\TumbangPreso.Core.Tests.dll" adapterTypeName="executor://xunit/VsTestRunner2/netcoreapp" className="TumbangPreso.Core.Tests.IntegrityTests" name="AbandonsAreForgottenAfterAWeek" />
    </UnitTest>
    <UnitTest name="TumbangPreso.Core.Tests.IntegrityTests.OneSubmissionIsPendingAndTwoAgreeingIsWitnessed" storage="c:\users\matth\documents\codex\work\tump-competition-candidate1003i\core.tests\bin\release\net9.0\tumbangpreso.core.tests.dll" id="ea46855f-cd75-4bef-448a-f96a2bad8cee">
      <Execution id="b2ec9aa7-df3e-4cbc-b066-65285ffa62db" />
      <TestMethod codeBase="C:\Users\matth\Documents\Codex\work\tump-competition-candidate1003i\Core.Tests\bin\Release\net9.0\TumbangPreso.Core.Tests.dll" adapterTypeName="executor://xunit/VsTestRunner2/netcoreapp" className="TumbangPreso.Core.Tests.IntegrityTests" name="OneSubmissionIsPendingAndTwoAgreeingIsWitnessed" />
    </UnitTest>
    <UnitTest name="TumbangPreso.Core.Tests.MatchRecordTests.ARateBelowTheSampleFloorIsNotReportable" storage="c:\users\matth\documents\codex\work\tump-competition-candidate1003i\core.tests\bin\release\net9.0\tumbangpreso.core.tests.dll" id="91029139-c6fe-1d41-c734-a942798cc26c">
      <Execution id="e3006095-cb27-4a44-b123-bb19bf9b27cd" />
      <TestMethod codeBase="C:\Users\matth\Documents\Codex\work\tump-competition-candidate1003i\Core.Tests\bin\Release\net9.0\TumbangPreso.Core.Tests.dll" adapterTypeName="executor://xunit/VsTestRunner2/netcoreapp" className="TumbangPreso.Core.Tests.MatchRecordTests" name="ARateBelowTheSampleFloorIsNotReportable" />
    </UnitTest>
    <UnitTest name="TumbangPreso.Core.Tests.IntegrityTests.TheImpossibleIsRefusedBeforeAnybodyIsAskedToWitnessIt" storage="c:\users\matth\documents\codex\work\tump-competition-candidate1003i\core.tests\bin\release\net9.0\tumbangpreso.core.tests.dll" id="4f590f0b-6c54-1179-c30e-fe45b1e82f23">
      <Execution id="0be6142b-5a35-4c03-b722-8ff64da7facf" />
      <TestMethod codeBase="C:\Users\matth\Documents\Codex\work\tump-competition-candidate1003i\Core.Tests\bin\Release\net9.0\TumbangPreso.Core.Tests.dll" adapterTypeName="executor://xunit/VsTestRunner2/netcoreapp" className="TumbangPreso.Core.Tests.IntegrityTests" name="TheImpossibleIsRefusedBeforeAnybodyIsAskedToWitnessIt" />
    </UnitTest>
    <UnitTest name="TumbangPreso.Core.Tests.PlayerProfileTests.ClassicAndHeroStrikeNeverShareATotal" storage="c:\users\matth\documents\codex\work\tump-competition-candidate1003i\core.tests\bin\release\net9.0\tumbangpreso.core.tests.dll" id="af40384f-b2e5-393c-4b26-9b52b38d28f5">
      <Execution id="dd659596-c7e5-4619-975b-6e417f927216" />
      <TestMethod codeBase="C:\Users\matth\Documents\Codex\work\tump-competition-candidate1003i\Core.Tests\bin\Release\net9.0\TumbangPreso.Core.Tests.dll" adapterTypeName="executor://xunit/VsTestRunner2/netcoreapp" className="TumbangPreso.Core.Tests.PlayerProfileTests" name="ClassicAndHeroStrikeNeverShareATotal" />
    </UnitTest>
    <UnitTest name="TumbangPreso.Core.Tests.MatchRecordTests.NormalisePreservesExistingDistanceBounds(input: -∞, expected: 0)" storage="c:\users\matth\documents\codex\work\tump-competition-candidate1003i\core.tests\bin\release\net9.0\tumbangpreso.core.tests.dll" id="6ed253d8-29ea-9e7f-e0d2-82c2d859b409">
      <Execution id="925f6d7f-37a9-429d-adbb-eb6152930114" />
      <TestMethod codeBase="C:\Users\matth\Documents\Codex\work\tump-competition-candidate1003i\Core.Tests\bin\Release\net9.0\TumbangPreso.Core.Tests.dll" adapterTypeName="executor://xunit/VsTestRunner2/netcoreapp" className="TumbangPreso.Core.Tests.MatchRecordTests" name="NormalisePreservesExistingDistanceBounds" />
    </UnitTest>
    <UnitTest name="TumbangPreso.Core.Tests.IntegrityTests.ACooldownExplainsItselfInWords" storage="c:\users\matth\documents\codex\work\tump-competition-candidate1003i\core.tests\bin\release\net9.0\tumbangpreso.core.tests.dll" id="3fc0ecf8-6f98-b949-d8ce-cece7b163ffb">
      <Execution id="a355877b-d15d-44d1-afc4-9879525f80cf" />
      <TestMethod codeBase="C:\Users\matth\Documents\Codex\work\tump-competition-candidate1003i\Core.Tests\bin\Release\net9.0\TumbangPreso.Core.Tests.dll" adapterTypeName="executor://xunit/VsTestRunner2/netcoreapp" className="TumbangPreso.Core.Tests.IntegrityTests" name="ACooldownExplainsItselfInWords" />
    </UnitTest>
    <UnitTest name="TumbangPreso.Core.Tests.RosterIntegrityTests.ACustomCharacterNameSurvivesTheCodec(name: &quot;100% Kalye&quot;)" storage="c:\users\matth\documents\codex\work\tump-competition-candidate1003i\core.tests\bin\release\net9.0\tumbangpreso.core.tests.dll" id="7e62c511-f75d-81cc-9657-cb6bf30f7cb1">
      <Execution id="5ce48f3f-c0a6-407e-8af7-be487997748e" />
      <TestMethod codeBase="C:\Users\matth\Documents\Codex\work\tump-competition-candidate1003i\Core.Tests\bin\Release\net9.0\TumbangPreso.Core.Tests.dll" adapterTypeName="executor://xunit/VsTestRunner2/netcoreapp" className="TumbangPreso.Core.Tests.RosterIntegrityTests" name="ACustomCharacterNameSurvivesTheCodec" />
    </UnitTest>
    <UnitTest name="TumbangPreso.Core.Tests.RosterIntegrityTests.ThereAreExactlyThreeSlotsAndTheActiveOneIsAlwaysLegal" storage="c:\users\matth\documents\codex\work\tump-competition-candidate1003i\core.tests\bin\release\net9.0\tumbangpreso.core.tests.dll" id="f34d4500-366f-d9d3-ef74-0b9ec1197469">
      <Execution id="ab0ee62d-44ec-4c40-a229-e95b9f8b800d" />
      <TestMethod codeBase="C:\Users\matth\Documents\Codex\work\tump-competition-candidate1003i\Core.Tests\bin\Release\net9.0\TumbangPreso.Core.Tests.dll" adapterTypeName="executor://xunit/VsTestRunner2/netcoreapp" className="TumbangPreso.Core.Tests.RosterIntegrityTests" name="ThereAreExactlyThreeSlotsAndTheActiveOneIsAlwaysLegal" />
    </UnitTest>
    <UnitTest name="TumbangPreso.Core.Tests.IntegrityTests.AnAlteredScoreChangesTheDigestAndTheMatchIsDisputed" storage="c:\users\matth\documents\codex\work\tump-competition-candidate1003i\core.tests\bin\release\net9.0\tumbangpreso.core.tests.dll" id="362a660d-fe77-3f61-ba83-a88b0e3b1980">
      <Execution id="48b1cab7-8cfd-4ed8-920d-cfc4a4820a81" />
      <TestMethod codeBase="C:\Users\matth\Documents\Codex\work\tump-competition-candidate1003i\Core.Tests\bin\Release\net9.0\TumbangPreso.Core.Tests.dll" adapterTypeName="executor://xunit/VsTestRunner2/netcoreapp" className="TumbangPreso.Core.Tests.IntegrityTests" name="AnAlteredScoreChangesTheDigestAndTheMatchIsDisputed" />
    </UnitTest>
    <UnitTest name="TumbangPreso.Core.Tests.PlayerProfileTests.AShortPlacementArrayIsResizedRatherThanDiscarded" storage="c:\users\matth\documents\codex\work\tump-competition-candidate1003i\core.tests\bin\release\net9.0\tumbangpreso.core.tests.dll" id="8610bea2-6b46-67b8-6832-528f85a7ea41">
      <Execution id="200ca42e-7197-4ac5-98cb-99f432fc3f80" />
      <TestMethod codeBase="C:\Users\matth\Documents\Codex\work\tump-competition-candidate1003i\Core.Tests\bin\Release\net9.0\TumbangPreso.Core.Tests.dll" adapterTypeName="executor://xunit/VsTestRunner2/netcoreapp" className="TumbangPreso.Core.Tests.PlayerProfileTests" name="AShortPlacementArrayIsResizedRatherThanDiscarded" />
    </UnitTest>
    <UnitTest name="TumbangPreso.Core.Tests.PlayerProfileTests.CharacterAndSlipperRecordsCountGamesAndWinsSeparately" storage="c:\users\matth\documents\codex\work\tump-competition-candidate1003i\core.tests\bin\release\net9.0\tumbangpreso.core.tests.dll" id="a902ef12-677e-bbdf-361f-8a9f091e328e">
      <Execution id="e5626744-120b-49ab-80e4-166630ad6ac4" />
      <TestMethod codeBase="C:\Users\matth\Documents\Codex\work\tump-competition-candidate1003i\Core.Tests\bin\Release\net9.0\TumbangPreso.Core.Tests.dll" adapterTypeName="executor://xunit/VsTestRunner2/netcoreapp" className="TumbangPreso.Core.Tests.PlayerProfileTests" name="CharacterAndSlipperRecordsCountGamesAndWinsSeparately" />
    </UnitTest>
    <UnitTest name="TumbangPreso.Core.Tests.MatchRecordTests.ARecordWithNoMatchIdIsRefusedWithoutCallingTheEndpoint" storage="c:\users\matth\documents\codex\work\tump-competition-candidate1003i\core.tests\bin\release\net9.0\tumbangpreso.core.tests.dll" id="9056f87d-beed-0e88-11c8-82b3a9b52158">
      <Execution id="1afdd1aa-a6d2-48ab-ab65-9fb41c776007" />
      <TestMethod codeBase="C:\Users\matth\Documents\Codex\work\tump-competition-candidate1003i\Core.Tests\bin\Release\net9.0\TumbangPreso.Core.Tests.dll" adapterTypeName="executor://xunit/VsTestRunner2/netcoreapp" className="TumbangPreso.Core.Tests.MatchRecordTests" name="ARecordWithNoMatchIdIsRefusedWithoutCallingTheEndpoint" />
    </UnitTest>
    <UnitTest name="TumbangPreso.Core.Tests.MatchRecordTests.TiedLastEnteringTheFinalRoundStillCounts" storage="c:\users\matth\documents\codex\work\tump-competition-candidate1003i\core.tests\bin\release\net9.0\tumbangpreso.core.tests.dll" id="70de19ea-e8cd-70d0-76ac-31bf38b13e01">
      <Execution id="82a9e760-f10e-4797-a31c-9e656c246d20" />
      <TestMethod codeBase="C:\Users\matth\Documents\Codex\work\tump-competition-candidate1003i\Core.Tests\bin\Release\net9.0\TumbangPreso.Core.Tests.dll" adapterTypeName="executor://xunit/VsTestRunner2/netcoreapp" className="TumbangPreso.Core.Tests.MatchRecordTests" name="TiedLastEnteringTheFinalRoundStillCounts" />
    </UnitTest>
    <UnitTest name="TumbangPreso.Core.Tests.RosterIntegrityTests.ACustomCharacterNameSurvivesTheCodec(name: &quot;under_score and space&quot;)" storage="c:\users\matth\documents\codex\work\tump-competition-candidate1003i\core.tests\bin\release\net9.0\tumbangpreso.core.tests.dll" id="20dfb708-a550-88c3-6c31-cbec5f79cfa7">
      <Execution id="2d8477e0-cee3-46fc-8b6b-cab376edc8ad" />
      <TestMethod codeBase="C:\Users\matth\Documents\Codex\work\tump-competition-candidate1003i\Core.Tests\bin\Release\net9.0\TumbangPreso.Core.Tests.dll" adapterTypeName="executor://xunit/VsTestRunner2/netcoreapp" className="TumbangPreso.Core.Tests.RosterIntegrityTests" name="ACustomCharacterNameSurvivesTheCodec" />
    </UnitTest>
    <UnitTest name="TumbangPreso.Core.Tests.MatchRecordTests.AClutchIsAWinFromLastPlaceEnteringTheFinalRound" storage="c:\users\matth\documents\codex\work\tump-competition-candidate1003i\core.tests\bin\release\net9.0\tumbangpreso.core.tests.dll" id="091fa36e-3690-9c22-939b-7d715a810f77">
      <Execution id="b0575601-eedc-408d-b18c-d2365ab52883" />
      <TestMethod codeBase="C:\Users\matth\Documents\Codex\work\tump-competition-candidate1003i\Core.Tests\bin\Release\net9.0\TumbangPreso.Core.Tests.dll" adapterTypeName="executor://xunit/VsTestRunner2/netcoreapp" className="TumbangPreso.Core.Tests.MatchRecordTests" name="AClutchIsAWinFromLastPlaceEnteringTheFinalRound" />
    </UnitTest>
  </TestDefinitions>
  <TestEntries>
    <TestEntry testId="91029139-c6fe-1d41-c734-a942798cc26c" executionId="e3006095-cb27-4a44-b123-bb19bf9b27cd" testListId="8c84fa94-04c1-424b-9868-57a2d4851a1d" />
    <TestEntry testId="a902ef12-677e-bbdf-361f-8a9f091e328e" executionId="e5626744-120b-49ab-80e4-166630ad6ac4" testListId="8c84fa94-04c1-424b-9868-57a2d4851a1d" />
    <TestEntry testId="7be25097-827c-fb1a-506a-f261f748760c" executionId="5d7e0083-47a3-472d-86ed-5bf168bf1a85" testListId="8c84fa94-04c1-424b-9868-57a2d4851a1d" />
    <TestEntry testId="548bc85f-e2b8-6332-f7a0-9908ee37a406" executionId="4ca0a414-1e55-4599-865a-63947fc42e4a" testListId="8c84fa94-04c1-424b-9868-57a2d4851a1d" />
    <TestEntry testId="23714b15-157c-571e-0703-46b7da47fae6" executionId="bab8fde3-c911-4809-8282-e006b8c69180" testListId="8c84fa94-04c1-424b-9868-57a2d4851a1d" />
    <TestEntry testId="ca4b43d7-84cf-3324-e4a2-75fc25e5e58d" executionId="9135f6eb-2792-4e49-9139-bfb4c6d13522" testListId="8c84fa94-04c1-424b-9868-57a2d4851a1d" />
    <TestEntry testId="df429af4-380e-cb36-549e-e63fb77b780a" executionId="06638851-55e1-4df8-8d7e-7f8939069b5b" testListId="8c84fa94-04c1-424b-9868-57a2d4851a1d" />
    <TestEntry testId="25f67a2a-4fa4-d35d-b852-de7dad1bdf69" executionId="945c07c1-0711-4ce5-b46e-356a88a48bd3" testListId="8c84fa94-04c1-424b-9868-57a2d4851a1d" />
    <TestEntry testId="eacb39c4-cccd-6f0d-594b-be91e7df8924" executionId="895bb410-63e3-4c2e-bf2d-74239ecb6b38" testListId="8c84fa94-04c1-424b-9868-57a2d4851a1d" />
    <TestEntry testId="6ed253d8-29ea-9e7f-e0d2-82c2d859b409" executionId="925f6d7f-37a9-429d-adbb-eb6152930114" testListId="8c84fa94-04c1-424b-9868-57a2d4851a1d" />
    <TestEntry testId="091fa36e-3690-9c22-939b-7d715a810f77" executionId="b0575601-eedc-408d-b18c-d2365ab52883" testListId="8c84fa94-04c1-424b-9868-57a2d4851a1d" />
    <TestEntry testId="8610bea2-6b46-67b8-6832-528f85a7ea41" executionId="200ca42e-7197-4ac5-98cb-99f432fc3f80" testListId="8c84fa94-04c1-424b-9868-57a2d4851a1d" />
    <TestEntry testId="b5441967-1e88-0dfe-a011-b72122151bf4" executionId="d6151150-26b2-4cbf-aff5-4d0741fbf3cd" testListId="8c84fa94-04c1-424b-9868-57a2d4851a1d" />
    <TestEntry testId="70de19ea-e8cd-70d0-76ac-31bf38b13e01" executionId="82a9e760-f10e-4797-a31c-9e656c246d20" testListId="8c84fa94-04c1-424b-9868-57a2d4851a1d" />
    <TestEntry testId="fa69cee3-b3f3-14b7-4b02-fb18e5936c03" executionId="19f55b89-cae2-4e18-a2ee-acfe74fbb879" testListId="8c84fa94-04c1-424b-9868-57a2d4851a1d" />
    <TestEntry testId="7e25e8c3-dfc3-e277-9a59-fc92a29cab97" executionId="3331091b-40ed-4e26-9617-96d2c111e34a" testListId="8c84fa94-04c1-424b-9868-57a2d4851a1d" />
    <TestEntry testId="3fc0ecf8-6f98-b949-d8ce-cece7b163ffb" executionId="a355877b-d15d-44d1-afc4-9879525f80cf" testListId="8c84fa94-04c1-424b-9868-57a2d4851a1d" />
    <TestEntry testId="20895995-7106-9499-b167-9368a2a31c01" executionId="006a237b-b91e-4ddd-87a5-f9767112dd77" testListId="8c84fa94-04c1-424b-9868-57a2d4851a1d" />
    <TestEntry testId="13b64473-338d-b4b2-7cc2-70333671a355" executionId="63a892ed-94db-42c8-9ff7-2c53071b208d" testListId="8c84fa94-04c1-424b-9868-57a2d4851a1d" />
    <TestEntry testId="71751db1-b66a-0645-aad1-46bcdc4c40f4" executionId="1e506de2-b03d-41f9-bcaf-0cfd5f5d4b73" testListId="8c84fa94-04c1-424b-9868-57a2d4851a1d" />
    <TestEntry testId="af40384f-b2e5-393c-4b26-9b52b38d28f5" executionId="dd659596-c7e5-4619-975b-6e417f927216" testListId="8c84fa94-04c1-424b-9868-57a2d4851a1d" />
    <TestEntry testId="20dfb708-a550-88c3-6c31-cbec5f79cfa7" executionId="2d8477e0-cee3-46fc-8b6b-cab376edc8ad" testListId="8c84fa94-04c1-424b-9868-57a2d4851a1d" />
    <TestEntry testId="c243b90e-7c20-a50a-af74-694aafbb8991" executionId="3bfc70e6-48f6-4f69-a55b-64dde867e1ce" testListId="8c84fa94-04c1-424b-9868-57a2d4851a1d" />
    <TestEntry testId="639ef0f4-6a3d-507b-fcc1-e9ebdb2cb1cf" executionId="378c5857-67ba-459d-a260-13ad6abd6fc4" testListId="8c84fa94-04c1-424b-9868-57a2d4851a1d" />
    <TestEntry testId="086eb76d-3fe9-c11d-3c0e-3cf836f76873" executionId="142a0a76-265f-41c6-8d1b-b2101b976816" testListId="8c84fa94-04c1-424b-9868-57a2d4851a1d" />
    <TestEntry testId="c47a4fb6-f2a6-f358-488b-8f36686f63c0" executionId="e69e3939-4214-4d6e-86ad-1209437a8a8f" testListId="8c84fa94-04c1-424b-9868-57a2d4851a1d" />
    <TestEntry testId="16eb9ef7-fdd8-188f-3a1f-c7d8976e0f35" executionId="616ec655-2206-4aaf-8706-ce5d4d5822e9" testListId="8c84fa94-04c1-424b-9868-57a2d4851a1d" />
    <TestEntry testId="9b0fd13d-bdfc-93ac-1aa7-9f980350d062" executionId="861a01f1-29a0-4b42-bfda-95f3aa8ac3e5" testListId="8c84fa94-04c1-424b-9868-57a2d4851a1d" />
    <TestEntry testId="7e62c511-f75d-81cc-9657-cb6bf30f7cb1" executionId="5ce48f3f-c0a6-407e-8af7-be487997748e" testListId="8c84fa94-04c1-424b-9868-57a2d4851a1d" />
    <TestEntry testId="fb76871f-d447-4188-d3ec-7a81ac99f3f4" executionId="12c1e345-c1c3-4b46-8815-b6e5ad8b7753" testListId="8c84fa94-04c1-424b-9868-57a2d4851a1d" />
    <TestEntry testId="648128e5-4f58-2db3-0310-eadf03bc11fc" executionId="c3e42a9a-c326-4fff-83f1-eac32f197a75" testListId="8c84fa94-04c1-424b-9868-57a2d4851a1d" />
    <TestEntry testId="a9273a0e-172b-3ac7-f28a-2b25ef99f648" executionId="0cd678c3-e9cd-4d79-9246-89954856997a" testListId="8c84fa94-04c1-424b-9868-57a2d4851a1d" />
    <TestEntry testId="6e0fd98b-27d1-b4d5-4448-03854a9e117a" executionId="e1e38c62-fe8b-4117-abe2-1bbd85c30170" testListId="8c84fa94-04c1-424b-9868-57a2d4851a1d" />
    <TestEntry testId="f328848a-2803-862b-8148-ad0b26a4422d" executionId="9cc5d60e-ea74-4d5e-978e-b0a3f299fd08" testListId="8c84fa94-04c1-424b-9868-57a2d4851a1d" />
    <TestEntry testId="5afb1543-449c-520f-2514-9f05cf8ee4d8" executionId="49d59930-f268-4161-be89-bf9c3c562991" testListId="8c84fa94-04c1-424b-9868-57a2d4851a1d" />
    <TestEntry testId="9056f87d-beed-0e88-11c8-82b3a9b52158" executionId="1afdd1aa-a6d2-48ab-ab65-9fb41c776007" testListId="8c84fa94-04c1-424b-9868-57a2d4851a1d" />
    <TestEntry testId="03a383d3-0e9c-b838-9666-31e96c6595e8" executionId="45041b66-aa7b-4918-a4c3-03d772e95f03" testListId="8c84fa94-04c1-424b-9868-57a2d4851a1d" />
    <TestEntry testId="a81a95d2-ec92-bd6f-3c6b-380b1b066759" executionId="7d13c4a4-2cfc-4ab7-b41d-658895fbf542" testListId="8c84fa94-04c1-424b-9868-57a2d4851a1d" />
    <TestEntry testId="2c92511e-fe8d-a060-ad36-9b8ad780eb39" executionId="f459909b-4dea-4ad6-bbd3-f3d8f27a57ca" testListId="8c84fa94-04c1-424b-9868-57a2d4851a1d" />
    <TestEntry testId="567a5f45-1f02-2d2c-2fd5-5bf92a849d55" executionId="04b13fef-f9a5-4709-8c47-16af9132731d" testListId="8c84fa94-04c1-424b-9868-57a2d4851a1d" />
    <TestEntry testId="4f590f0b-6c54-1179-c30e-fe45b1e82f23" executionId="0be6142b-5a35-4c03-b722-8ff64da7facf" testListId="8c84fa94-04c1-424b-9868-57a2d4851a1d" />
    <TestEntry testId="e0778bbd-9ead-ba00-5af3-495c279e4fa8" executionId="cd2c2f25-84ee-49b7-830a-b0f58743340d" testListId="8c84fa94-04c1-424b-9868-57a2d4851a1d" />
    <TestEntry testId="3c4205e8-d81a-8764-a5f4-f0bc0ad82efb" executionId="c07b2fcf-1a06-4bfa-9271-dde9a4f28ad1" testListId="8c84fa94-04c1-424b-9868-57a2d4851a1d" />
    <TestEntry testId="c090d7cc-fe2c-5487-09dc-1bcad5db5e92" executionId="b5a07d2f-6f01-47f5-90f6-67c2e6a078b0" testListId="8c84fa94-04c1-424b-9868-57a2d4851a1d" />
    <TestEntry testId="1dcb54b4-4b16-bff5-ea23-f3b3ad73ff26" executionId="608edeb8-ab15-4a9d-b566-0fc2a50b1ac4" testListId="8c84fa94-04c1-424b-9868-57a2d4851a1d" />
    <TestEntry testId="7de04ae1-5329-5d44-a311-6d9574183650" executionId="199056d8-c4a4-4b35-874e-05eec64d4809" testListId="8c84fa94-04c1-424b-9868-57a2d4851a1d" />
    <TestEntry testId="09a27522-b20b-07c7-2e4a-3f454000a671" executionId="9a5c3627-88a6-4bb8-9c39-27f256a38af4" testListId="8c84fa94-04c1-424b-9868-57a2d4851a1d" />
    <TestEntry testId="0454f5f8-02cd-5a59-165f-28f23a276275" executionId="ef83bab0-897d-43c2-bcfe-ad6ee971e1b4" testListId="8c84fa94-04c1-424b-9868-57a2d4851a1d" />
    <TestEntry testId="a32af39e-ca82-1e4f-6211-bfb850f4f8c1" executionId="c84a4629-0dc5-4410-a5b7-ccc874c894f1" testListId="8c84fa94-04c1-424b-9868-57a2d4851a1d" />
    <TestEntry testId="2023ebd6-d5a0-a3e0-652f-747839ed4005" executionId="bc3539b0-b1e4-415c-a4e2-2a7f4d46ec5c" testListId="8c84fa94-04c1-424b-9868-57a2d4851a1d" />
    <TestEntry testId="0a726307-8684-3c01-364f-f7495da97504" executionId="1ad3da98-7c2c-431b-b78d-39a4364b76db" testListId="8c84fa94-04c1-424b-9868-57a2d4851a1d" />
    <TestEntry testId="09444c9d-9580-4407-8227-7af7d8d1a453" executionId="1de4b417-4549-4dac-92d1-f3ce49017955" testListId="8c84fa94-04c1-424b-9868-57a2d4851a1d" />
    <TestEntry testId="f34d4500-366f-d9d3-ef74-0b9ec1197469" executionId="ab0ee62d-44ec-4c40-a229-e95b9f8b800d" testListId="8c84fa94-04c1-424b-9868-57a2d4851a1d" />
    <TestEntry testId="54548bc4-3686-eb5c-be91-ca62e82c0aaa" executionId="cb7f8d8b-96ef-469a-bc3a-0b110af8d5b8" testListId="8c84fa94-04c1-424b-9868-57a2d4851a1d" />
    <TestEntry testId="362a660d-fe77-3f61-ba83-a88b0e3b1980" executionId="48b1cab7-8cfd-4ed8-920d-cfc4a4820a81" testListId="8c84fa94-04c1-424b-9868-57a2d4851a1d" />
    <TestEntry testId="ea46855f-cd75-4bef-448a-f96a2bad8cee" executionId="b2ec9aa7-df3e-4cbc-b066-65285ffa62db" testListId="8c84fa94-04c1-424b-9868-57a2d4851a1d" />
    <TestEntry testId="4507dbb9-306f-41db-539d-8da3db8e10fd" executionId="b0278ee0-2473-474d-bf97-daecccdb103a" testListId="8c84fa94-04c1-424b-9868-57a2d4851a1d" />
    <TestEntry testId="8db8d845-aec4-9a92-d08e-2fd78de00338" executionId="aa618c56-a09e-40fb-92f5-75f5041119b5" testListId="8c84fa94-04c1-424b-9868-57a2d4851a1d" />
    <TestEntry testId="25ce9c63-8244-575a-cde9-f1f0899e5a80" executionId="ce91047f-bb53-4694-8035-44c181d20bbe" testListId="8c84fa94-04c1-424b-9868-57a2d4851a1d" />
    <TestEntry testId="012834d7-3fb8-49ea-f042-519bda1cce32" executionId="8a8d9bc1-b9b2-464e-9817-f09ce722750a" testListId="8c84fa94-04c1-424b-9868-57a2d4851a1d" />
    <TestEntry testId="ca4f384c-2aa8-476c-2bfb-108d2931ab72" executionId="f7acc0e2-da83-40d8-a160-9ee0fcd92369" testListId="8c84fa94-04c1-424b-9868-57a2d4851a1d" />
    <TestEntry testId="efa6f5b4-9ebb-4240-6aa3-3cfe188f4aff" executionId="dfc3c665-b15e-43d0-af24-310ab0f49076" testListId="8c84fa94-04c1-424b-9868-57a2d4851a1d" />
    <TestEntry testId="f3403639-9a37-6e02-f1d7-fc144b766b8d" executionId="5b90ae15-cb81-4693-9b68-88556172ade9" testListId="8c84fa94-04c1-424b-9868-57a2d4851a1d" />
    <TestEntry testId="fa5f2d29-8313-08b6-38ca-583dbbb7ef23" executionId="8af2a0df-4732-491a-ba85-18c480024614" testListId="8c84fa94-04c1-424b-9868-57a2d4851a1d" />
    <TestEntry testId="3ffe28fe-01be-723a-29ed-eb96ab723fef" executionId="4960fc4a-59ad-4498-8d31-342d76c83a48" testListId="8c84fa94-04c1-424b-9868-57a2d4851a1d" />
    <TestEntry testId="4827f4fb-d04f-3e68-7a38-62db1f2f0b37" executionId="36712a45-ac5e-45ff-83e3-7a4cf9446752" testListId="8c84fa94-04c1-424b-9868-57a2d4851a1d" />
    <TestEntry testId="53135d67-4bb2-73b8-0dfe-394aeb4d5a77" executionId="29b0cbba-8620-4ea6-afd9-bcbc748e4531" testListId="8c84fa94-04c1-424b-9868-57a2d4851a1d" />
    <TestEntry testId="e05fc820-a2d7-26c1-4a8a-72b0ef65982e" executionId="2a26f2fc-c06e-42ef-b9a2-c5be3422b34f" testListId="8c84fa94-04c1-424b-9868-57a2d4851a1d" />
  </TestEntries>
  <TestLists>
    <TestList name="Results Not in a List" id="8c84fa94-04c1-424b-9868-57a2d4851a1d" />
    <TestList name="All Loaded Results" id="19431567-8539-422a-85d7-44ee4e166bda" />
  </TestLists>
  <ResultSummary outcome="Completed">
    <Counters total="68" executed="68" passed="68" failed="0" error="0" timeout="0" aborted="0" inconclusive="0" passedButRunAborted="0" notRunnable="0" notExecuted="0" disconnected="0" warning="0" completed="0" inProgress="0" pending="0" />
    <Output>
      <StdOut>[xUnit.net 00:00:00.00] xUnit.net VSTest Adapter v2.8.2+699d445a1a (64-bit .NET 9.0.19)&#xD;
[xUnit.net 00:00:00.07]   Discovering: TumbangPreso.Core.Tests&#xD;
[xUnit.net 00:00:00.19]   Discovered:  TumbangPreso.Core.Tests&#xD;
[xUnit.net 00:00:00.19]   Starting:    TumbangPreso.Core.Tests&#xD;
[xUnit.net 00:00:00.28]   Finished:    TumbangPreso.Core.Tests&#xD;
</StdOut>
    </Output>
  </ResultSummary>
</TestRun>