<?xml version="1.0" encoding="utf-8"?>
<TestRun id="fb1639db-926a-412e-b8d3-8d08be6d9f3a" name="matth@DESKTOP-E4OQK9L 2026-09-24 22:47:23" runUser="DESKTOP-E4OQK9L\matth" xmlns="http://microsoft.com/schemas/VisualStudio/TeamTest/2010">
  <Times creation="2026-09-24T22:47:23.8594791+08:00" queuing="2026-09-24T22:47:23.8594793+08:00" start="2026-09-24T22:47:22.9554669+08:00" finish="2026-09-24T22:47:23.8932988+08:00" />
  <TestSettings name="default" id="e2eceb9d-837c-4c3e-a1e7-7a1b3e330982">
    <Deployment runDeploymentRoot="matth_DESKTOP-E4OQK9L_2026-09-24_22_47_23" />
  </TestSettings>
  <Results>
    <UnitTestResult executionId="c603f9db-223c-4c4d-88cc-0ca2485746f3" testId="5d845c47-109a-0551-23e3-6a14c5dfd414" testName="TumbangPreso.Core.Tests.HeroLoadoutTests.AnIllegalBuildFallsBackToTheDefaultRatherThanBeingHonoured" computerName="DESKTOP-E4OQK9L" duration="00:00:00.0008306" startTime="2026-09-24T22:47:23.7753878+08:00" endTime="2026-09-24T22:47:23.7753879+08:00" testType="13cdc9d9-ddb5-4fa4-a97d-d965ccfc6d4b" outcome="Passed" testListId="8c84fa94-04c1-424b-9868-57a2d4851a1d" relativeResultsDirectory="c603f9db-223c-4c4d-88cc-0ca2485746f3" />
    <UnitTestResult executionId="b67f738e-fae0-4ccd-892c-90b16cdf8185" testId="5b197d89-f9ad-25e6-5888-7f810ab53b6e" testName="TumbangPreso.Core.Tests.HeroLoadoutTests.AFreshAccountHasEveryDefaultUnlockedAndNoAlternate" computerName="DESKTOP-E4OQK9L" duration="00:00:00.0001673" startTime="2026-09-24T22:47:23.8183148+08:00" endTime="2026-09-24T22:47:23.8183148+08:00" testType="13cdc9d9-ddb5-4fa4-a97d-d965ccfc6d4b" outcome="Passed" testListId="8c84fa94-04c1-424b-9868-57a2d4851a1d" relativeResultsDirectory="b67f738e-fae0-4ccd-892c-90b16cdf8185" />
    <UnitTestResult executionId="4b072d75-62a3-4727-86f6-75127d27da11" testId="ae73b109-e7f7-a9af-c46e-c9585b3d99f9" testName="TumbangPreso.Core.Tests.HeroLoadoutTests.ABuildWireKeepsTwoLegalSidegradesAndDropsAnotherHeros" computerName="DESKTOP-E4OQK9L" duration="00:00:00.0012175" startTime="2026-09-24T22:47:23.7817107+08:00" endTime="2026-09-24T22:47:23.7817111+08:00" testType="13cdc9d9-ddb5-4fa4-a97d-d965ccfc6d4b" outcome="Passed" testListId="8c84fa94-04c1-424b-9868-57a2d4851a1d" relativeResultsDirectory="4b072d75-62a3-4727-86f6-75127d27da11" />
    <UnitTestResult executionId="19a9ec4c-c163-4037-9369-a739a45a6175" testId="8b6de2c7-6918-c8e2-1cf0-dc6cf46e2b3d" testName="TumbangPreso.Core.Tests.HeroLoadoutTests.NoDefaultDescribesItselfAsBeingAsTuned" computerName="DESKTOP-E4OQK9L" duration="00:00:00.0009954" startTime="2026-09-24T22:47:23.7802179+08:00" endTime="2026-09-24T22:47:23.7802182+08:00" testType="13cdc9d9-ddb5-4fa4-a97d-d965ccfc6d4b" outcome="Passed" testListId="8c84fa94-04c1-424b-9868-57a2d4851a1d" relativeResultsDirectory="19a9ec4c-c163-4037-9369-a739a45a6175" />
    <UnitTestResult executionId="eb7da6cc-d5e9-4d2f-b2df-4c92141d2a83" testId="3c461b07-e177-7e71-24b9-2873fb568cba" testName="TumbangPreso.Core.Tests.HeroLoadoutTests.EveryHeroHasOptionsInBothSlots" computerName="DESKTOP-E4OQK9L" duration="00:00:00.0078865" startTime="2026-09-24T22:47:23.7716605+08:00" endTime="2026-09-24T22:47:23.7716875+08:00" testType="13cdc9d9-ddb5-4fa4-a97d-d965ccfc6d4b" outcome="Passed" testListId="8c84fa94-04c1-424b-9868-57a2d4851a1d" relativeResultsDirectory="eb7da6cc-d5e9-4d2f-b2df-4c92141d2a83" />
    <UnitTestResult executionId="9c68d506-edc4-4737-b0c2-d3fa1a397862" testId="c7609ecb-1748-9c59-c7fb-e875d372d698" testName="TumbangPreso.Core.Tests.HeroLoadoutTests.EveryVariantIsBudgetNeutral" computerName="DESKTOP-E4OQK9L" duration="00:00:00.0026648" startTime="2026-09-24T22:47:23.8183681+08:00" endTime="2026-09-24T22:47:23.8183681+08:00" testType="13cdc9d9-ddb5-4fa4-a97d-d965ccfc6d4b" outcome="Passed" testListId="8c84fa94-04c1-424b-9868-57a2d4851a1d" relativeResultsDirectory="9c68d506-edc4-4737-b0c2-d3fa1a397862" />
    <UnitTestResult executionId="41bf81a3-29ee-4658-a835-a7de1baf13c5" testId="1bfc1936-52b1-a74e-0e82-272f7664e729" testName="TumbangPreso.Core.Tests.HeroLoadoutTests.EveryVariantBelongsToAHeroTheGameActuallyHas" computerName="DESKTOP-E4OQK9L" duration="00:00:00.0002804" startTime="2026-09-24T22:47:23.8182744+08:00" endTime="2026-09-24T22:47:23.8182744+08:00" testType="13cdc9d9-ddb5-4fa4-a97d-d965ccfc6d4b" outcome="Passed" testListId="8c84fa94-04c1-424b-9868-57a2d4851a1d" relativeResultsDirectory="41bf81a3-29ee-4658-a835-a7de1baf13c5" />
    <UnitTestResult executionId="6f9e67a4-6d14-4ae7-a8cd-121d0b8e09d2" testId="fe5a3905-f00c-8876-ac93-d8510a04343e" testName="TumbangPreso.Core.Tests.HeroLoadoutTests.AProfileThatHasDoneEverythingUnlocksEveryAchievementInTheCatalog" computerName="DESKTOP-E4OQK9L" duration="00:00:00.0043908" startTime="2026-09-24T22:47:23.7861891+08:00" endTime="2026-09-24T22:47:23.7861894+08:00" testType="13cdc9d9-ddb5-4fa4-a97d-d965ccfc6d4b" outcome="Passed" testListId="8c84fa94-04c1-424b-9868-57a2d4851a1d" relativeResultsDirectory="6f9e67a4-6d14-4ae7-a8cd-121d0b8e09d2" />
    <UnitTestResult executionId="11da5f77-a603-492f-9685-bc5f1f3e41ed" testId="28c087c4-cf6c-58f6-7524-03fbba664a08" testName="TumbangPreso.Core.Tests.HeroLoadoutTests.EveryVariantRowFitsTheTileItIsDrawnOn" computerName="DESKTOP-E4OQK9L" duration="00:00:00.0004980" startTime="2026-09-24T22:47:23.7785690+08:00" endTime="2026-09-24T22:47:23.7785691+08:00" testType="13cdc9d9-ddb5-4fa4-a97d-d965ccfc6d4b" outcome="Passed" testListId="8c84fa94-04c1-424b-9868-57a2d4851a1d" relativeResultsDirectory="11da5f77-a603-492f-9685-bc5f1f3e41ed" />
    <UnitTestResult executionId="e96fb1db-1749-408d-903b-d6988bbf5921" testId="6b0138f6-1874-da19-bf45-ce7b39b859ce" testName="TumbangPreso.Core.Tests.HeroLoadoutTests.PracticeCastsUnlockTheAlternateAndStopAtItsTarget" computerName="DESKTOP-E4OQK9L" duration="00:00:00.0045800" startTime="2026-09-24T22:47:23.7779835+08:00" endTime="2026-09-24T22:47:23.7779837+08:00" testType="13cdc9d9-ddb5-4fa4-a97d-d965ccfc6d4b" outcome="Passed" testListId="8c84fa94-04c1-424b-9868-57a2d4851a1d" relativeResultsDirectory="e96fb1db-1749-408d-903b-d6988bbf5921" />
    <UnitTestResult executionId="3de5322f-280c-4023-8740-d3a6f85c49a3" testId="3d53d0c3-c0ee-fa50-c7a9-3247ceeb01a7" testName="TumbangPreso.Core.Tests.HeroLoadoutTests.EveryVariantNamesAGlyphAndItsOwnBaseAbility" computerName="DESKTOP-E4OQK9L" duration="00:00:00.0002546" startTime="2026-09-24T22:47:23.7791119+08:00" endTime="2026-09-24T22:47:23.7791121+08:00" testType="13cdc9d9-ddb5-4fa4-a97d-d965ccfc6d4b" outcome="Passed" testListId="8c84fa94-04c1-424b-9868-57a2d4851a1d" relativeResultsDirectory="3de5322f-280c-4023-8740-d3a6f85c49a3" />
    <UnitTestResult executionId="8e463adf-e2e6-4588-a74a-f50975481d36" testId="b4da16bb-f1ae-18c5-3e88-db2e7c8a98cd" testName="TumbangPreso.Core.Tests.HeroLoadoutTests.TheTwoReadingsOfEverySlotAreToldApartByTheirWords" computerName="DESKTOP-E4OQK9L" duration="00:00:00.0012428" startTime="2026-09-24T22:47:23.7749342+08:00" endTime="2026-09-24T22:47:23.7749343+08:00" testType="13cdc9d9-ddb5-4fa4-a97d-d965ccfc6d4b" outcome="Passed" testListId="8c84fa94-04c1-424b-9868-57a2d4851a1d" relativeResultsDirectory="8e463adf-e2e6-4588-a74a-f50975481d36" />
    <UnitTestResult executionId="cbdb53a9-b56e-4c6e-b59c-53b3bf0d66c4" testId="070c72a4-0c61-b138-2f14-9d49eda260e6" testName="TumbangPreso.Core.Tests.HeroLoadoutTests.CastingASkillCountsTowardsEveryAlternateInThatSlotAndNoOther" computerName="DESKTOP-E4OQK9L" duration="00:00:00.0034613" startTime="2026-09-24T22:47:23.8180793+08:00" endTime="2026-09-24T22:47:23.8180794+08:00" testType="13cdc9d9-ddb5-4fa4-a97d-d965ccfc6d4b" outcome="Passed" testListId="8c84fa94-04c1-424b-9868-57a2d4851a1d" relativeResultsDirectory="cbdb53a9-b56e-4c6e-b59c-53b3bf0d66c4" />
    <UnitTestResult executionId="be7ec43d-4747-4f17-8e5c-7f6a5167885f" testId="acd831b5-3ef0-7b4b-cd0b-0876f2fc9157" testName="TumbangPreso.Core.Tests.HeroLoadoutTests.TheSkillTreeSwitchOpensEveryBranchAndTheLockedPathStaysIntact" computerName="DESKTOP-E4OQK9L" duration="00:00:00.0003989" startTime="2026-09-24T22:47:23.8182301+08:00" endTime="2026-09-24T22:47:23.8182301+08:00" testType="13cdc9d9-ddb5-4fa4-a97d-d965ccfc6d4b" outcome="Passed" testListId="8c84fa94-04c1-424b-9868-57a2d4851a1d" relativeResultsDirectory="be7ec43d-4747-4f17-8e5c-7f6a5167885f" />
  </Results>
  <TestDefinitions>
    <UnitTest name="TumbangPreso.Core.Tests.HeroLoadoutTests.PracticeCastsUnlockTheAlternateAndStopAtItsTarget" storage="c:\users\matth\documents\github\tumbangpreso-unity-astrareworks\core.tests\bin\debug\net9.0\tumbangpreso.core.tests.dll" id="6b0138f6-1874-da19-bf45-ce7b39b859ce">
      <Execution id="e96fb1db-1749-408d-903b-d6988bbf5921" />
      <TestMethod codeBase="C:\Users\matth\Documents\GitHub\TumbangPreso-Unity-ASTRAReworks\Core.Tests\bin\Debug\net9.0\TumbangPreso.Core.Tests.dll" adapterTypeName="executor://xunit/VsTestRunner2/netcoreapp" className="TumbangPreso.Core.Tests.HeroLoadoutTests" name="PracticeCastsUnlockTheAlternateAndStopAtItsTarget" />
    </UnitTest>
    <UnitTest name="TumbangPreso.Core.Tests.HeroLoadoutTests.TheSkillTreeSwitchOpensEveryBranchAndTheLockedPathStaysIntact" storage="c:\users\matth\documents\github\tumbangpreso-unity-astrareworks\core.tests\bin\debug\net9.0\tumbangpreso.core.tests.dll" id="acd831b5-3ef0-7b4b-cd0b-0876f2fc9157">
      <Execution id="be7ec43d-4747-4f17-8e5c-7f6a5167885f" />
      <TestMethod codeBase="C:\Users\matth\Documents\GitHub\TumbangPreso-Unity-ASTRAReworks\Core.Tests\bin\Debug\net9.0\TumbangPreso.Core.Tests.dll" adapterTypeName="executor://xunit/VsTestRunner2/netcoreapp" className="TumbangPreso.Core.Tests.HeroLoadoutTests" name="TheSkillTreeSwitchOpensEveryBranchAndTheLockedPathStaysIntact" />
    </UnitTest>
    <UnitTest name="TumbangPreso.Core.Tests.HeroLoadoutTests.ABuildWireKeepsTwoLegalSidegradesAndDropsAnotherHeros" storage="c:\users\matth\documents\github\tumbangpreso-unity-astrareworks\core.tests\bin\debug\net9.0\tumbangpreso.core.tests.dll" id="ae73b109-e7f7-a9af-c46e-c9585b3d99f9">
      <Execution id="4b072d75-62a3-4727-86f6-75127d27da11" />
      <TestMethod codeBase="C:\Users\matth\Documents\GitHub\TumbangPreso-Unity-ASTRAReworks\Core.Tests\bin\Debug\net9.0\TumbangPreso.Core.Tests.dll" adapterTypeName="executor://xunit/VsTestRunner2/netcoreapp" className="TumbangPreso.Core.Tests.HeroLoadoutTests" name="ABuildWireKeepsTwoLegalSidegradesAndDropsAnotherHeros" />
    </UnitTest>
    <UnitTest name="TumbangPreso.Core.Tests.HeroLoadoutTests.EveryVariantRowFitsTheTileItIsDrawnOn" storage="c:\users\matth\documents\github\tumbangpreso-unity-astrareworks\core.tests\bin\debug\net9.0\tumbangpreso.core.tests.dll" id="28c087c4-cf6c-58f6-7524-03fbba664a08">
      <Execution id="11da5f77-a603-492f-9685-bc5f1f3e41ed" />
      <TestMethod codeBase="C:\Users\matth\Documents\GitHub\TumbangPreso-Unity-ASTRAReworks\Core.Tests\bin\Debug\net9.0\TumbangPreso.Core.Tests.dll" adapterTypeName="executor://xunit/VsTestRunner2/netcoreapp" className="TumbangPreso.Core.Tests.HeroLoadoutTests" name="EveryVariantRowFitsTheTileItIsDrawnOn" />
    </UnitTest>
    <UnitTest name="TumbangPreso.Core.Tests.HeroLoadoutTests.AnIllegalBuildFallsBackToTheDefaultRatherThanBeingHonoured" storage="c:\users\matth\documents\github\tumbangpreso-unity-astrareworks\core.tests\bin\debug\net9.0\tumbangpreso.core.tests.dll" id="5d845c47-109a-0551-23e3-6a14c5dfd414">
      <Execution id="c603f9db-223c-4c4d-88cc-0ca2485746f3" />
      <TestMethod codeBase="C:\Users\matth\Documents\GitHub\TumbangPreso-Unity-ASTRAReworks\Core.Tests\bin\Debug\net9.0\TumbangPreso.Core.Tests.dll" adapterTypeName="executor://xunit/VsTestRunner2/netcoreapp" className="TumbangPreso.Core.Tests.HeroLoadoutTests" name="AnIllegalBuildFallsBackToTheDefaultRatherThanBeingHonoured" />
    </UnitTest>
    <UnitTest name="TumbangPreso.Core.Tests.HeroLoadoutTests.EveryHeroHasOptionsInBothSlots" storage="c:\users\matth\documents\github\tumbangpreso-unity-astrareworks\core.tests\bin\debug\net9.0\tumbangpreso.core.tests.dll" id="3c461b07-e177-7e71-24b9-2873fb568cba">
      <Execution id="eb7da6cc-d5e9-4d2f-b2df-4c92141d2a83" />
      <TestMethod codeBase="C:\Users\matth\Documents\GitHub\TumbangPreso-Unity-ASTRAReworks\Core.Tests\bin\Debug\net9.0\TumbangPreso.Core.Tests.dll" adapterTypeName="executor://xunit/VsTestRunner2/netcoreapp" className="TumbangPreso.Core.Tests.HeroLoadoutTests" name="EveryHeroHasOptionsInBothSlots" />
    </UnitTest>
    <UnitTest name="TumbangPreso.Core.Tests.HeroLoadoutTests.TheTwoReadingsOfEverySlotAreToldApartByTheirWords" storage="c:\users\matth\documents\github\tumbangpreso-unity-astrareworks\core.tests\bin\debug\net9.0\tumbangpreso.core.tests.dll" id="b4da16bb-f1ae-18c5-3e88-db2e7c8a98cd">
      <Execution id="8e463adf-e2e6-4588-a74a-f50975481d36" />
      <TestMethod codeBase="C:\Users\matth\Documents\GitHub\TumbangPreso-Unity-ASTRAReworks\Core.Tests\bin\Debug\net9.0\TumbangPreso.Core.Tests.dll" adapterTypeName="executor://xunit/VsTestRunner2/netcoreapp" className="TumbangPreso.Core.Tests.HeroLoadoutTests" name="TheTwoReadingsOfEverySlotAreToldApartByTheirWords" />
    </UnitTest>
    <UnitTest name="TumbangPreso.Core.Tests.HeroLoadoutTests.EveryVariantNamesAGlyphAndItsOwnBaseAbility" storage="c:\users\matth\documents\github\tumbangpreso-unity-astrareworks\core.tests\bin\debug\net9.0\tumbangpreso.core.tests.dll" id="3d53d0c3-c0ee-fa50-c7a9-3247ceeb01a7">
      <Execution id="3de5322f-280c-4023-8740-d3a6f85c49a3" />
      <TestMethod codeBase="C:\Users\matth\Documents\GitHub\TumbangPreso-Unity-ASTRAReworks\Core.Tests\bin\Debug\net9.0\TumbangPreso.Core.Tests.dll" adapterTypeName="executor://xunit/VsTestRunner2/netcoreapp" className="TumbangPreso.Core.Tests.HeroLoadoutTests" name="EveryVariantNamesAGlyphAndItsOwnBaseAbility" />
    </UnitTest>
    <UnitTest name="TumbangPreso.Core.Tests.HeroLoadoutTests.AProfileThatHasDoneEverythingUnlocksEveryAchievementInTheCatalog" storage="c:\users\matth\documents\github\tumbangpreso-unity-astrareworks\core.tests\bin\debug\net9.0\tumbangpreso.core.tests.dll" id="fe5a3905-f00c-8876-ac93-d8510a04343e">
      <Execution id="6f9e67a4-6d14-4ae7-a8cd-121d0b8e09d2" />
      <TestMethod codeBase="C:\Users\matth\Documents\GitHub\TumbangPreso-Unity-ASTRAReworks\Core.Tests\bin\Debug\net9.0\TumbangPreso.Core.Tests.dll" adapterTypeName="executor://xunit/VsTestRunner2/netcoreapp" className="TumbangPreso.Core.Tests.HeroLoadoutTests" name="AProfileThatHasDoneEverythingUnlocksEveryAchievementInTheCatalog" />
    </UnitTest>
    <UnitTest name="TumbangPreso.Core.Tests.HeroLoadoutTests.CastingASkillCountsTowardsEveryAlternateInThatSlotAndNoOther" storage="c:\users\matth\documents\github\tumbangpreso-unity-astrareworks\core.tests\bin\debug\net9.0\tumbangpreso.core.tests.dll" id="070c72a4-0c61-b138-2f14-9d49eda260e6">
      <Execution id="cbdb53a9-b56e-4c6e-b59c-53b3bf0d66c4" />
      <TestMethod codeBase="C:\Users\matth\Documents\GitHub\TumbangPreso-Unity-ASTRAReworks\Core.Tests\bin\Debug\net9.0\TumbangPreso.Core.Tests.dll" adapterTypeName="executor://xunit/VsTestRunner2/netcoreapp" className="TumbangPreso.Core.Tests.HeroLoadoutTests" name="CastingASkillCountsTowardsEveryAlternateInThatSlotAndNoOther" />
    </UnitTest>
    <UnitTest name="TumbangPreso.Core.Tests.HeroLoadoutTests.NoDefaultDescribesItselfAsBeingAsTuned" storage="c:\users\matth\documents\github\tumbangpreso-unity-astrareworks\core.tests\bin\debug\net9.0\tumbangpreso.core.tests.dll" id="8b6de2c7-6918-c8e2-1cf0-dc6cf46e2b3d">
      <Execution id="19a9ec4c-c163-4037-9369-a739a45a6175" />
      <TestMethod codeBase="C:\Users\matth\Documents\GitHub\TumbangPreso-Unity-ASTRAReworks\Core.Tests\bin\Debug\net9.0\TumbangPreso.Core.Tests.dll" adapterTypeName="executor://xunit/VsTestRunner2/netcoreapp" className="TumbangPreso.Core.Tests.HeroLoadoutTests" name="NoDefaultDescribesItselfAsBeingAsTuned" />
    </UnitTest>
    <UnitTest name="TumbangPreso.Core.Tests.HeroLoadoutTests.AFreshAccountHasEveryDefaultUnlockedAndNoAlternate" storage="c:\users\matth\documents\github\tumbangpreso-unity-astrareworks\core.tests\bin\debug\net9.0\tumbangpreso.core.tests.dll" id="5b197d89-f9ad-25e6-5888-7f810ab53b6e">
      <Execution id="b67f738e-fae0-4ccd-892c-90b16cdf8185" />
      <TestMethod codeBase="C:\Users\matth\Documents\GitHub\TumbangPreso-Unity-ASTRAReworks\Core.Tests\bin\Debug\net9.0\TumbangPreso.Core.Tests.dll" adapterTypeName="executor://xunit/VsTestRunner2/netcoreapp" className="TumbangPreso.Core.Tests.HeroLoadoutTests" name="AFreshAccountHasEveryDefaultUnlockedAndNoAlternate" />
    </UnitTest>
    <UnitTest name="TumbangPreso.Core.Tests.HeroLoadoutTests.EveryVariantBelongsToAHeroTheGameActuallyHas" storage="c:\users\matth\documents\github\tumbangpreso-unity-astrareworks\core.tests\bin\debug\net9.0\tumbangpreso.core.tests.dll" id="1bfc1936-52b1-a74e-0e82-272f7664e729">
      <Execution id="41bf81a3-29ee-4658-a835-a7de1baf13c5" />
      <TestMethod codeBase="C:\Users\matth\Documents\GitHub\TumbangPreso-Unity-ASTRAReworks\Core.Tests\bin\Debug\net9.0\TumbangPreso.Core.Tests.dll" adapterTypeName="executor://xunit/VsTestRunner2/netcoreapp" className="TumbangPreso.Core.Tests.HeroLoadoutTests" name="EveryVariantBelongsToAHeroTheGameActuallyHas" />
    </UnitTest>
    <UnitTest name="TumbangPreso.Core.Tests.HeroLoadoutTests.EveryVariantIsBudgetNeutral" storage="c:\users\matth\documents\github\tumbangpreso-unity-astrareworks\core.tests\bin\debug\net9.0\tumbangpreso.core.tests.dll" id="c7609ecb-1748-9c59-c7fb-e875d372d698">
      <Execution id="9c68d506-edc4-4737-b0c2-d3fa1a397862" />
      <TestMethod codeBase="C:\Users\matth\Documents\GitHub\TumbangPreso-Unity-ASTRAReworks\Core.Tests\bin\Debug\net9.0\TumbangPreso.Core.Tests.dll" adapterTypeName="executor://xunit/VsTestRunner2/netcoreapp" className="TumbangPreso.Core.Tests.HeroLoadoutTests" name="EveryVariantIsBudgetNeutral" />
    </UnitTest>
  </TestDefinitions>
  <TestEntries>
    <TestEntry testId="5d845c47-109a-0551-23e3-6a14c5dfd414" executionId="c603f9db-223c-4c4d-88cc-0ca2485746f3" testListId="8c84fa94-04c1-424b-9868-57a2d4851a1d" />
    <TestEntry testId="5b197d89-f9ad-25e6-5888-7f810ab53b6e" executionId="b67f738e-fae0-4ccd-892c-90b16cdf8185" testListId="8c84fa94-04c1-424b-9868-57a2d4851a1d" />
    <TestEntry testId="ae73b109-e7f7-a9af-c46e-c9585b3d99f9" executionId="4b072d75-62a3-4727-86f6-75127d27da11" testListId="8c84fa94-04c1-424b-9868-57a2d4851a1d" />
    <TestEntry testId="8b6de2c7-6918-c8e2-1cf0-dc6cf46e2b3d" executionId="19a9ec4c-c163-4037-9369-a739a45a6175" testListId="8c84fa94-04c1-424b-9868-57a2d4851a1d" />
    <TestEntry testId="3c461b07-e177-7e71-24b9-2873fb568cba" executionId="eb7da6cc-d5e9-4d2f-b2df-4c92141d2a83" testListId="8c84fa94-04c1-424b-9868-57a2d4851a1d" />
    <TestEntry testId="c7609ecb-1748-9c59-c7fb-e875d372d698" executionId="9c68d506-edc4-4737-b0c2-d3fa1a397862" testListId="8c84fa94-04c1-424b-9868-57a2d4851a1d" />
    <TestEntry testId="1bfc1936-52b1-a74e-0e82-272f7664e729" executionId="41bf81a3-29ee-4658-a835-a7de1baf13c5" testListId="8c84fa94-04c1-424b-9868-57a2d4851a1d" />
    <TestEntry testId="fe5a3905-f00c-8876-ac93-d8510a04343e" executionId="6f9e67a4-6d14-4ae7-a8cd-121d0b8e09d2" testListId="8c84fa94-04c1-424b-9868-57a2d4851a1d" />
    <TestEntry testId="28c087c4-cf6c-58f6-7524-03fbba664a08" executionId="11da5f77-a603-492f-9685-bc5f1f3e41ed" testListId="8c84fa94-04c1-424b-9868-57a2d4851a1d" />
    <TestEntry testId="6b0138f6-1874-da19-bf45-ce7b39b859ce" executionId="e96fb1db-1749-408d-903b-d6988bbf5921" testListId="8c84fa94-04c1-424b-9868-57a2d4851a1d" />
    <TestEntry testId="3d53d0c3-c0ee-fa50-c7a9-3247ceeb01a7" executionId="3de5322f-280c-4023-8740-d3a6f85c49a3" testListId="8c84fa94-04c1-424b-9868-57a2d4851a1d" />
    <TestEntry testId="b4da16bb-f1ae-18c5-3e88-db2e7c8a98cd" executionId="8e463adf-e2e6-4588-a74a-f50975481d36" testListId="8c84fa94-04c1-424b-9868-57a2d4851a1d" />
    <TestEntry testId="070c72a4-0c61-b138-2f14-9d49eda260e6" executionId="cbdb53a9-b56e-4c6e-b59c-53b3bf0d66c4" testListId="8c84fa94-04c1-424b-9868-57a2d4851a1d" />
    <TestEntry testId="acd831b5-3ef0-7b4b-cd0b-0876f2fc9157" executionId="be7ec43d-4747-4f17-8e5c-7f6a5167885f" testListId="8c84fa94-04c1-424b-9868-57a2d4851a1d" />
  </TestEntries>
  <TestLists>
    <TestList name="Results Not in a List" id="8c84fa94-04c1-424b-9868-57a2d4851a1d" />
    <TestList name="All Loaded Results" id="19431567-8539-422a-85d7-44ee4e166bda" />
  </TestLists>
  <ResultSummary outcome="Completed">
    <Counters total="14" executed="14" passed="14" failed="0" error="0" timeout="0" aborted="0" inconclusive="0" passedButRunAborted="0" notRunnable="0" notExecuted="0" disconnected="0" warning="0" completed="0" inProgress="0" pending="0" />
    <Output>
      <StdOut>[xUnit.net 00:00:00.00] xUnit.net VSTest Adapter v2.8.2+699d445a1a (64-bit .NET 9.0.19)&#xD;
[xUnit.net 00:00:00.09]   Discovering: TumbangPreso.Core.Tests&#xD;
[xUnit.net 00:00:00.22]   Discovered:  TumbangPreso.Core.Tests&#xD;
[xUnit.net 00:00:00.23]   Starting:    TumbangPreso.Core.Tests&#xD;
[xUnit.net 00:00:00.33]   Finished:    TumbangPreso.Core.Tests&#xD;
</StdOut>
    </Output>
  </ResultSummary>
</TestRun>