<?xml version="1.0" encoding="utf-8"?>
<TestRun id="2fbd031a-8854-4624-a999-a130092ae3b8" name="matth@DESKTOP-E4OQK9L 2026-09-15 10:38:45" runUser="DESKTOP-E4OQK9L\matth" xmlns="http://microsoft.com/schemas/VisualStudio/TeamTest/2010">
  <Times creation="2026-09-15T10:38:45.6501382+08:00" queuing="2026-09-15T10:38:45.6501385+08:00" start="2026-09-15T10:38:44.7340165+08:00" finish="2026-09-15T10:38:45.6876293+08:00" />
  <TestSettings name="default" id="4a021323-819f-4ad3-8126-52bf8f32d41a">
    <Deployment runDeploymentRoot="matth_DESKTOP-E4OQK9L_2026-09-15_10_38_45" />
  </TestSettings>
  <Results>
    <UnitTestResult executionId="8790498e-c510-4b12-980b-a81d120a4c1e" testId="3dc2a8b6-bab4-05c3-9c53-a4bc6c78b090" testName="TumbangPreso.Core.Tests.TournamentPresetTests.EveryCallGetsItsOwnObject" computerName="DESKTOP-E4OQK9L" duration="00:00:00.0001884" startTime="2026-09-15T10:38:45.6138624+08:00" endTime="2026-09-15T10:38:45.6138625+08:00" testType="13cdc9d9-ddb5-4fa4-a97d-d965ccfc6d4b" outcome="Passed" testListId="8c84fa94-04c1-424b-9868-57a2d4851a1d" relativeResultsDirectory="8790498e-c510-4b12-980b-a81d120a4c1e" />
    <UnitTestResult executionId="b9ca3c7a-b4d6-454a-96fd-5357a46d3663" testId="56c20495-672d-8490-ecae-b0a4b607234f" testName="TumbangPreso.Core.Tests.MatchInvariantTests.AStaleSnapshotGoingBackwardsIsCaught" computerName="DESKTOP-E4OQK9L" duration="00:00:00.0011402" startTime="2026-09-15T10:38:45.6162566+08:00" endTime="2026-09-15T10:38:45.6162567+08:00" testType="13cdc9d9-ddb5-4fa4-a97d-d965ccfc6d4b" outcome="Passed" testListId="8c84fa94-04c1-424b-9868-57a2d4851a1d" relativeResultsDirectory="b9ca3c7a-b4d6-454a-96fd-5357a46d3663" />
    <UnitTestResult executionId="352bba88-aa57-460b-b2dd-9badb3304946" testId="486ce5d2-8648-9b81-ee36-b539907e1404" testName="TumbangPreso.Core.Tests.MatchInvariantTests.ANegativeTotalIsCaughtBecauseTheScoreboardClampsAtZero" computerName="DESKTOP-E4OQK9L" duration="00:00:00.0002245" startTime="2026-09-15T10:38:45.6289750+08:00" endTime="2026-09-15T10:38:45.6289751+08:00" testType="13cdc9d9-ddb5-4fa4-a97d-d965ccfc6d4b" outcome="Passed" testListId="8c84fa94-04c1-424b-9868-57a2d4851a1d" relativeResultsDirectory="352bba88-aa57-460b-b2dd-9badb3304946" />
    <UnitTestResult executionId="2e1ab4e9-43e7-4bd0-ae06-68b4633831e8" testId="b3962efb-41a2-d54a-6a84-ff13688ac463" testName="TumbangPreso.Core.Tests.MatchInvariantTests.OnePlayerCannotHoldTwoSeats" computerName="DESKTOP-E4OQK9L" duration="00:00:00.0001756" startTime="2026-09-15T10:38:45.6174221+08:00" endTime="2026-09-15T10:38:45.6174222+08:00" testType="13cdc9d9-ddb5-4fa4-a97d-d965ccfc6d4b" outcome="Passed" testListId="8c84fa94-04c1-424b-9868-57a2d4851a1d" relativeResultsDirectory="2e1ab4e9-43e7-4bd0-ae06-68b4633831e8" />
    <UnitTestResult executionId="11c5b6b6-c572-4a8a-b323-8c4b594343b4" testId="d1c36e31-0fae-00ef-2ed5-d19c85f143fa" testName="TumbangPreso.Core.Tests.BalanceTests.MatchLengthFollowsTheSelectedMode" computerName="DESKTOP-E4OQK9L" duration="00:00:00.0095103" startTime="2026-09-15T10:38:45.5697050+08:00" endTime="2026-09-15T10:38:45.5697262+08:00" testType="13cdc9d9-ddb5-4fa4-a97d-d965ccfc6d4b" outcome="Passed" testListId="8c84fa94-04c1-424b-9868-57a2d4851a1d" relativeResultsDirectory="11c5b6b6-c572-4a8a-b323-8c4b594343b4" />
    <UnitTestResult executionId="f871378a-1984-4fc9-a5a3-758d2793c5ec" testId="fd432c48-bef9-da90-0240-10993ed810b5" testName="TumbangPreso.Core.Tests.MatchInvariantTests.APlayedMatchNeverViolatesAnInvariant(seed: 715827882)" computerName="DESKTOP-E4OQK9L" duration="00:00:00.0070654" startTime="2026-09-15T10:38:45.6161177+08:00" endTime="2026-09-15T10:38:45.6161177+08:00" testType="13cdc9d9-ddb5-4fa4-a97d-d965ccfc6d4b" outcome="Passed" testListId="8c84fa94-04c1-424b-9868-57a2d4851a1d" relativeResultsDirectory="f871378a-1984-4fc9-a5a3-758d2793c5ec" />
    <UnitTestResult executionId="8cb0a9d2-96fd-442c-8d68-bdd08dc322ed" testId="04a5aed2-af8e-da58-3164-7db7627693ba" testName="TumbangPreso.Core.Tests.TournamentPresetTests.ABareCustomRulesIsNotATournamentMatchAndThatIsWhyThePresetExists" computerName="DESKTOP-E4OQK9L" duration="00:00:00.0014296" startTime="2026-09-15T10:38:45.6142204+08:00" endTime="2026-09-15T10:38:45.6142205+08:00" testType="13cdc9d9-ddb5-4fa4-a97d-d965ccfc6d4b" outcome="Passed" testListId="8c84fa94-04c1-424b-9868-57a2d4851a1d" relativeResultsDirectory="8cb0a9d2-96fd-442c-8d68-bdd08dc322ed" />
    <UnitTestResult executionId="4e6f8e04-3c21-4a53-93e7-53cd68b2346a" testId="812573eb-7156-aa5d-d0cd-2a50c67d66ec" testName="TumbangPreso.Core.Tests.MatchInvariantTests.ASecondTayaIsCaught" computerName="DESKTOP-E4OQK9L" duration="00:00:00.0009168" startTime="2026-09-15T10:38:45.6164678+08:00" endTime="2026-09-15T10:38:45.6164679+08:00" testType="13cdc9d9-ddb5-4fa4-a97d-d965ccfc6d4b" outcome="Passed" testListId="8c84fa94-04c1-424b-9868-57a2d4851a1d" relativeResultsDirectory="4e6f8e04-3c21-4a53-93e7-53cd68b2346a" />
    <UnitTestResult executionId="cb7fd071-9152-4e45-83ba-185d5a02458d" testId="b30d1791-90b9-2704-7ed7-2439ef1d3131" testName="TumbangPreso.Core.Tests.MatchInvariantTests.APlayedMatchNeverViolatesAnInvariant(seed: 3)" computerName="DESKTOP-E4OQK9L" duration="00:00:00.0085028" startTime="2026-09-15T10:38:45.6161788+08:00" endTime="2026-09-15T10:38:45.6161789+08:00" testType="13cdc9d9-ddb5-4fa4-a97d-d965ccfc6d4b" outcome="Passed" testListId="8c84fa94-04c1-424b-9868-57a2d4851a1d" relativeResultsDirectory="cb7fd071-9152-4e45-83ba-185d5a02458d" />
    <UnitTestResult executionId="673da03f-1fdc-402e-86aa-bf3c75a13b1b" testId="8136cdb3-0da5-6ff7-73aa-c4d503ca3583" testName="TumbangPreso.Core.Tests.MatchInvariantTests.TheClampIsRealSoAPenaltyCannotDriveASeatNegative" computerName="DESKTOP-E4OQK9L" duration="00:00:00.0001290" startTime="2026-09-15T10:38:45.6165348+08:00" endTime="2026-09-15T10:38:45.6165349+08:00" testType="13cdc9d9-ddb5-4fa4-a97d-d965ccfc6d4b" outcome="Passed" testListId="8c84fa94-04c1-424b-9868-57a2d4851a1d" relativeResultsDirectory="673da03f-1fdc-402e-86aa-bf3c75a13b1b" />
    <UnitTestResult executionId="ccf19fe2-a6ea-4b9e-912c-3db51d8738b3" testId="72c939bd-1d6e-1364-1d63-ee8090ba4d72" testName="TumbangPreso.Core.Tests.MatchInvariantTests.AdvancingOneRoundIsLegal" computerName="DESKTOP-E4OQK9L" duration="00:00:00.0001267" startTime="2026-09-15T10:38:45.6181822+08:00" endTime="2026-09-15T10:38:45.6181823+08:00" testType="13cdc9d9-ddb5-4fa4-a97d-d965ccfc6d4b" outcome="Passed" testListId="8c84fa94-04c1-424b-9868-57a2d4851a1d" relativeResultsDirectory="ccf19fe2-a6ea-4b9e-912c-3db51d8738b3" />
    <UnitTestResult executionId="dca64a4d-2b53-4bc9-ac9b-d474f5f07553" testId="d712f009-edf0-4d92-298c-f4bf5b519f07" testName="TumbangPreso.Core.Tests.NormalMatchLengthTests.NormalMatchesGiveEveryPlayerTwoDefenderTurns(mode: Classic)" computerName="DESKTOP-E4OQK9L" duration="00:00:00.0001784" startTime="2026-09-15T10:38:45.5774501+08:00" endTime="2026-09-15T10:38:45.5774501+08:00" testType="13cdc9d9-ddb5-4fa4-a97d-d965ccfc6d4b" outcome="Passed" testListId="8c84fa94-04c1-424b-9868-57a2d4851a1d" relativeResultsDirectory="dca64a4d-2b53-4bc9-ac9b-d474f5f07553" />
    <UnitTestResult executionId="9700d6b3-3669-4a42-a15a-44814e21e070" testId="18154885-c507-bbc4-138a-5a077e19a418" testName="TumbangPreso.Core.Tests.MatchInvariantTests.APlayedMatchNeverViolatesAnInvariant(seed: 1)" computerName="DESKTOP-E4OQK9L" duration="00:00:00.0072116" startTime="2026-09-15T10:38:45.6143498+08:00" endTime="2026-09-15T10:38:45.6143499+08:00" testType="13cdc9d9-ddb5-4fa4-a97d-d965ccfc6d4b" outcome="Passed" testListId="8c84fa94-04c1-424b-9868-57a2d4851a1d" relativeResultsDirectory="9700d6b3-3669-4a42-a15a-44814e21e070" />
    <UnitTestResult executionId="82e282f0-8cc2-401d-af1c-8e6774f27299" testId="7f4ff393-f696-c946-ee82-f2965d247bf3" testName="TumbangPreso.Core.Tests.TournamentPresetTests.TheTournamentPresetIsPlayable" computerName="DESKTOP-E4OQK9L" duration="00:00:00.0078375" startTime="2026-09-15T10:38:45.5760701+08:00" endTime="2026-09-15T10:38:45.5760701+08:00" testType="13cdc9d9-ddb5-4fa4-a97d-d965ccfc6d4b" outcome="Passed" testListId="8c84fa94-04c1-424b-9868-57a2d4851a1d" relativeResultsDirectory="82e282f0-8cc2-401d-af1c-8e6774f27299" />
    <UnitTestResult executionId="6cd75d74-28d6-4fc1-8080-0668ceb59a3c" testId="333761ad-d283-8821-607e-e26e497d65ff" testName="TumbangPreso.Core.Tests.TournamentPresetTests.ARuleSetThatIsNotTheTournamentOneSaysWhichFieldIsWrong" computerName="DESKTOP-E4OQK9L" duration="00:00:00.0012908" startTime="2026-09-15T10:38:45.6139345+08:00" endTime="2026-09-15T10:38:45.6139346+08:00" testType="13cdc9d9-ddb5-4fa4-a97d-d965ccfc6d4b" outcome="Passed" testListId="8c84fa94-04c1-424b-9868-57a2d4851a1d" relativeResultsDirectory="6cd75d74-28d6-4fc1-8080-0668ceb59a3c" />
    <UnitTestResult executionId="1c535f7a-5943-4570-bfbb-0e53e9d27498" testId="bfaeeb41-d4d7-d40a-49df-ad92f0bd7e4b" testName="TumbangPreso.Core.Tests.NormalMatchLengthTests.NormalMatchesGiveEveryPlayerTwoDefenderTurns(mode: HeroStrike)" computerName="DESKTOP-E4OQK9L" duration="00:00:00.0001833" startTime="2026-09-15T10:38:45.5773631+08:00" endTime="2026-09-15T10:38:45.5773632+08:00" testType="13cdc9d9-ddb5-4fa4-a97d-d965ccfc6d4b" outcome="Passed" testListId="8c84fa94-04c1-424b-9868-57a2d4851a1d" relativeResultsDirectory="1c535f7a-5943-4570-bfbb-0e53e9d27498" />
    <UnitTestResult executionId="5a984542-4fed-4e9e-90c6-bd9ce948dc9c" testId="259b037a-06f7-e46c-8ac4-64870da30577" testName="TumbangPreso.Core.Tests.MatchInvariantTests.OneGameplayEventCannotAwardItsPointsTwice" computerName="DESKTOP-E4OQK9L" duration="00:00:00.0001025" startTime="2026-09-15T10:38:45.6287681+08:00" endTime="2026-09-15T10:38:45.6287686+08:00" testType="13cdc9d9-ddb5-4fa4-a97d-d965ccfc6d4b" outcome="Passed" testListId="8c84fa94-04c1-424b-9868-57a2d4851a1d" relativeResultsDirectory="5a984542-4fed-4e9e-90c6-bd9ce948dc9c" />
    <UnitTestResult executionId="c9d7f141-4983-465a-ad2f-24e381f1b0d3" testId="9862f555-a148-6b3d-1e7c-820633150b0e" testName="TumbangPreso.Core.Tests.MatchInvariantTests.EveryRoundOfEveryShippedFormatDerivesExactlyOneTayaInsideTheFourSeats" computerName="DESKTOP-E4OQK9L" duration="00:00:00.0009173" startTime="2026-09-15T10:38:45.6196254+08:00" endTime="2026-09-15T10:38:45.6196256+08:00" testType="13cdc9d9-ddb5-4fa4-a97d-d965ccfc6d4b" outcome="Passed" testListId="8c84fa94-04c1-424b-9868-57a2d4851a1d" relativeResultsDirectory="c9d7f141-4983-465a-ad2f-24e381f1b0d3" />
    <UnitTestResult executionId="ce22c608-65cb-4c8c-9358-b4ecb017e070" testId="16595246-1c14-b3e9-8821-646fabc53457" testName="TumbangPreso.Core.Tests.MatchInvariantTests.APlayedMatchNeverViolatesAnInvariant(seed: 20260904)" computerName="DESKTOP-E4OQK9L" duration="00:00:00.0069760" startTime="2026-09-15T10:38:45.6160440+08:00" endTime="2026-09-15T10:38:45.6160441+08:00" testType="13cdc9d9-ddb5-4fa4-a97d-d965ccfc6d4b" outcome="Passed" testListId="8c84fa94-04c1-424b-9868-57a2d4851a1d" relativeResultsDirectory="ce22c608-65cb-4c8c-9358-b4ecb017e070" />
    <UnitTestResult executionId="88ea2a4b-b5c3-42b7-aa67-812c1546ed93" testId="0003a67f-d61a-aa1d-6560-f7a3373ec25f" testName="TumbangPreso.Core.Tests.MatchInvariantTests.ADirectWriteToTheScoreboardIsCaught" computerName="DESKTOP-E4OQK9L" duration="00:00:00.0002516" startTime="2026-09-15T10:38:45.6184677+08:00" endTime="2026-09-15T10:38:45.6184678+08:00" testType="13cdc9d9-ddb5-4fa4-a97d-d965ccfc6d4b" outcome="Passed" testListId="8c84fa94-04c1-424b-9868-57a2d4851a1d" relativeResultsDirectory="88ea2a4b-b5c3-42b7-aa67-812c1546ed93" />
    <UnitTestResult executionId="9ccc52f4-ccd2-4660-8a68-79dab913ec79" testId="7840e153-a1e8-7715-ee76-91407bad2d40" testName="TumbangPreso.Core.Tests.TournamentPresetTests.ThePracticeSandboxIsOnTheListBecauseItsGuardIsTheThingUnderTest" computerName="DESKTOP-E4OQK9L" duration="00:00:00.0021993" startTime="2026-09-15T10:38:45.6140771+08:00" endTime="2026-09-15T10:38:45.6140772+08:00" testType="13cdc9d9-ddb5-4fa4-a97d-d965ccfc6d4b" outcome="Passed" testListId="8c84fa94-04c1-424b-9868-57a2d4851a1d" relativeResultsDirectory="9ccc52f4-ccd2-4660-8a68-79dab913ec79" />
    <UnitTestResult executionId="6cda9b7a-b906-4a4c-95db-cd74453a85d6" testId="1d1d0f4b-4722-d6a8-ece6-fc5d19d3a0e8" testName="TumbangPreso.Core.Tests.MatchInvariantTests.ADrawIsADrawOnBothPeers" computerName="DESKTOP-E4OQK9L" duration="00:00:00.0001336" startTime="2026-09-15T10:38:45.6186451+08:00" endTime="2026-09-15T10:38:45.6186452+08:00" testType="13cdc9d9-ddb5-4fa4-a97d-d965ccfc6d4b" outcome="Passed" testListId="8c84fa94-04c1-424b-9868-57a2d4851a1d" relativeResultsDirectory="6cda9b7a-b906-4a4c-95db-cd74453a85d6" />
    <UnitTestResult executionId="e2b6babe-6d7b-4bdd-a22d-f7c990540dbf" testId="0d4b7a13-86bb-47a3-758a-afeee4eeedc8" testName="TumbangPreso.Core.Tests.MatchInvariantTests.AWinnerDisagreementIsCaughtEvenWhenNeitherPeerIsObviouslyWrong" computerName="DESKTOP-E4OQK9L" duration="00:00:00.0003285" startTime="2026-09-15T10:38:45.6166025+08:00" endTime="2026-09-15T10:38:45.6166026+08:00" testType="13cdc9d9-ddb5-4fa4-a97d-d965ccfc6d4b" outcome="Passed" testListId="8c84fa94-04c1-424b-9868-57a2d4851a1d" relativeResultsDirectory="e2b6babe-6d7b-4bdd-a22d-f7c990540dbf" />
    <UnitTestResult executionId="aa42e494-8237-4eb1-a420-a808295c7213" testId="47a0d955-544b-e7dc-3d47-f3a103002967" testName="TumbangPreso.Core.Tests.MatchInvariantTests.TwoPeersDescribingTheSameMatchAgree" computerName="DESKTOP-E4OQK9L" duration="00:00:00.0001450" startTime="2026-09-15T10:38:45.6200710+08:00" endTime="2026-09-15T10:38:45.6200711+08:00" testType="13cdc9d9-ddb5-4fa4-a97d-d965ccfc6d4b" outcome="Passed" testListId="8c84fa94-04c1-424b-9868-57a2d4851a1d" relativeResultsDirectory="aa42e494-8237-4eb1-a420-a808295c7213" />
    <UnitTestResult executionId="7091a8cb-bfd2-47a7-b23e-144357eceaac" testId="453804c7-0ce5-11d9-d37d-291c9d2fb1d8" testName="TumbangPreso.Core.Tests.MatchInvariantTests.AnEmptySeatIsNotAnOwner" computerName="DESKTOP-E4OQK9L" duration="00:00:00.0001113" startTime="2026-09-15T10:38:45.6163980+08:00" endTime="2026-09-15T10:38:45.6163981+08:00" testType="13cdc9d9-ddb5-4fa4-a97d-d965ccfc6d4b" outcome="Passed" testListId="8c84fa94-04c1-424b-9868-57a2d4851a1d" relativeResultsDirectory="7091a8cb-bfd2-47a7-b23e-144357eceaac" />
    <UnitTestResult executionId="fe0a5012-b7f0-4bb3-aea9-10e697abc982" testId="c18f9e45-7f57-c6b6-e42b-127c7c4189ad" testName="TumbangPreso.Core.Tests.MatchInvariantTests.PlayingPastTheLastRoundIsCaught" computerName="DESKTOP-E4OQK9L" duration="00:00:00.0003063" startTime="2026-09-15T10:38:45.6163287+08:00" endTime="2026-09-15T10:38:45.6163288+08:00" testType="13cdc9d9-ddb5-4fa4-a97d-d965ccfc6d4b" outcome="Passed" testListId="8c84fa94-04c1-424b-9868-57a2d4851a1d" relativeResultsDirectory="fe0a5012-b7f0-4bb3-aea9-10e697abc982" />
    <UnitTestResult executionId="7687939b-d2b2-4bda-903a-23caa680739f" testId="9d9c4833-cf51-0217-78fc-3d2488d1734c" testName="TumbangPreso.Core.Tests.MatchInvariantTests.EveryCorruptedOrderingIsCaught(seed: 7)" computerName="DESKTOP-E4OQK9L" duration="00:00:00.0004428" startTime="2026-09-15T10:38:45.6281484+08:00" endTime="2026-09-15T10:38:45.6281486+08:00" testType="13cdc9d9-ddb5-4fa4-a97d-d965ccfc6d4b" outcome="Passed" testListId="8c84fa94-04c1-424b-9868-57a2d4851a1d" relativeResultsDirectory="7687939b-d2b2-4bda-903a-23caa680739f" />
    <UnitTestResult executionId="c0abd2bc-9ef9-4089-b93f-c8f00ca93973" testId="76979f7c-fd2e-eebf-0272-f2f6699f9750" testName="TumbangPreso.Core.Tests.TournamentPresetTests.BotsEnabledIsTheOneModifierWhoseSafeValueIsTrue" computerName="DESKTOP-E4OQK9L" duration="00:00:00.0002337" startTime="2026-09-15T10:38:45.6141497+08:00" endTime="2026-09-15T10:38:45.6141498+08:00" testType="13cdc9d9-ddb5-4fa4-a97d-d965ccfc6d4b" outcome="Passed" testListId="8c84fa94-04c1-424b-9868-57a2d4851a1d" relativeResultsDirectory="c0abd2bc-9ef9-4089-b93f-c8f00ca93973" />
    <UnitTestResult executionId="97d22289-994d-4767-9823-b8301c7057ca" testId="6034440d-7b5d-f1f5-b6d6-602c489cf002" testName="TumbangPreso.Core.Tests.TournamentPresetTests.TheTournamentPresetIsPinnedFieldByField" computerName="DESKTOP-E4OQK9L" duration="00:00:00.0089848" startTime="2026-09-15T10:38:45.5784076+08:00" endTime="2026-09-15T10:38:45.5784077+08:00" testType="13cdc9d9-ddb5-4fa4-a97d-d965ccfc6d4b" outcome="Passed" testListId="8c84fa94-04c1-424b-9868-57a2d4851a1d" relativeResultsDirectory="97d22289-994d-4767-9823-b8301c7057ca" />
    <UnitTestResult executionId="2351d24c-4166-4290-b42a-0ea29e8cdbd4" testId="917bb378-ba4d-6ada-8992-da8061025c50" testName="TumbangPreso.Core.Tests.MatchInvariantTests.EveryCorruptedOrderingIsCaught(seed: 11)" computerName="DESKTOP-E4OQK9L" duration="00:00:00.0009435" startTime="2026-09-15T10:38:45.6207765+08:00" endTime="2026-09-15T10:38:45.6207766+08:00" testType="13cdc9d9-ddb5-4fa4-a97d-d965ccfc6d4b" outcome="Passed" testListId="8c84fa94-04c1-424b-9868-57a2d4851a1d" relativeResultsDirectory="2351d24c-4166-4290-b42a-0ea29e8cdbd4" />
    <UnitTestResult executionId="804b8600-7124-4f1d-b0db-e2dc5834db94" testId="4bcd1f5c-cba4-4e8f-a173-45f345a0d596" testName="TumbangPreso.Core.Tests.BalanceTests.PassiveDefence_CeilingIsOneRoundOfUprightTime" computerName="DESKTOP-E4OQK9L" duration="00:00:00.0002265" startTime="2026-09-15T10:38:45.5774714+08:00" endTime="2026-09-15T10:38:45.5774715+08:00" testType="13cdc9d9-ddb5-4fa4-a97d-d965ccfc6d4b" outcome="Passed" testListId="8c84fa94-04c1-424b-9868-57a2d4851a1d" relativeResultsDirectory="804b8600-7124-4f1d-b0db-e2dc5834db94" />
    <UnitTestResult executionId="fef317e4-f147-4b21-b3ed-62dfedce7f8c" testId="dc581672-ef69-7d29-2129-0e8a97ea30f5" testName="TumbangPreso.Core.Tests.MatchInvariantTests.EveryCorruptedOrderingIsCaught(seed: 20260904)" computerName="DESKTOP-E4OQK9L" duration="00:00:00.0068051" startTime="2026-09-15T10:38:45.6276816+08:00" endTime="2026-09-15T10:38:45.6276818+08:00" testType="13cdc9d9-ddb5-4fa4-a97d-d965ccfc6d4b" outcome="Passed" testListId="8c84fa94-04c1-424b-9868-57a2d4851a1d" relativeResultsDirectory="fef317e4-f147-4b21-b3ed-62dfedce7f8c" />
    <UnitTestResult executionId="5d83f250-12ac-462f-945a-6f578d1ab782" testId="4041ff4b-7eed-df5f-643e-68e17c95ac08" testName="TumbangPreso.Core.Tests.MatchInvariantTests.ARoundDisagreementIsCaught" computerName="DESKTOP-E4OQK9L" duration="00:00:00.0001883" startTime="2026-09-15T10:38:45.6177892+08:00" endTime="2026-09-15T10:38:45.6177893+08:00" testType="13cdc9d9-ddb5-4fa4-a97d-d965ccfc6d4b" outcome="Passed" testListId="8c84fa94-04c1-424b-9868-57a2d4851a1d" relativeResultsDirectory="5d83f250-12ac-462f-945a-6f578d1ab782" />
    <UnitTestResult executionId="250cf75f-dbdf-4f3a-a80e-c6f327bfae33" testId="49fbd368-82e4-2a3a-f341-83543a7eceba" testName="TumbangPreso.Core.Tests.MatchInvariantTests.AnOrdinaryRoundHasNothingWrongWithIt" computerName="DESKTOP-E4OQK9L" duration="00:00:00.0001099" startTime="2026-09-15T10:38:45.6175665+08:00" endTime="2026-09-15T10:38:45.6175666+08:00" testType="13cdc9d9-ddb5-4fa4-a97d-d965ccfc6d4b" outcome="Passed" testListId="8c84fa94-04c1-424b-9868-57a2d4851a1d" relativeResultsDirectory="250cf75f-dbdf-4f3a-a80e-c6f327bfae33" />
    <UnitTestResult executionId="5dd82248-02f0-426b-9a96-01176127ce4f" testId="4e2e40ff-50cc-a078-b8a1-3df4e1875d8f" testName="TumbangPreso.Core.Tests.MatchInvariantTests.AnIntermissionOnAFinishedMatchIsCaught" computerName="DESKTOP-E4OQK9L" duration="00:00:00.0003561" startTime="2026-09-15T10:38:45.6285555+08:00" endTime="2026-09-15T10:38:45.6285556+08:00" testType="13cdc9d9-ddb5-4fa4-a97d-d965ccfc6d4b" outcome="Passed" testListId="8c84fa94-04c1-424b-9868-57a2d4851a1d" relativeResultsDirectory="5dd82248-02f0-426b-9a96-01176127ce4f" />
    <UnitTestResult executionId="4be00c26-9e56-48bf-9476-2ce0b09e054d" testId="f0f18174-f598-4f4f-2a48-30abc24421ae" testName="TumbangPreso.Core.Tests.MatchInvariantTests.ARestartIsTheOneLegalWayBackwards" computerName="DESKTOP-E4OQK9L" duration="00:00:00.0009331" startTime="2026-09-15T10:38:45.6172522+08:00" endTime="2026-09-15T10:38:45.6172526+08:00" testType="13cdc9d9-ddb5-4fa4-a97d-d965ccfc6d4b" outcome="Passed" testListId="8c84fa94-04c1-424b-9868-57a2d4851a1d" relativeResultsDirectory="4be00c26-9e56-48bf-9476-2ce0b09e054d" />
    <UnitTestResult executionId="d06c84c8-64c0-4fde-a146-bee0e9bc47f9" testId="5590651d-f072-7224-052a-931d31a6f677" testName="TumbangPreso.Core.Tests.MatchInvariantTests.APlayedMatchNeverViolatesAnInvariant(seed: 2)" computerName="DESKTOP-E4OQK9L" duration="00:00:00.0246951" startTime="2026-09-15T10:38:45.6140033+08:00" endTime="2026-09-15T10:38:45.6140034+08:00" testType="13cdc9d9-ddb5-4fa4-a97d-d965ccfc6d4b" outcome="Passed" testListId="8c84fa94-04c1-424b-9868-57a2d4851a1d" relativeResultsDirectory="d06c84c8-64c0-4fde-a146-bee0e9bc47f9" />
    <UnitTestResult executionId="2a55394d-b6ac-4b4e-8856-0865b3122be4" testId="ab2712ed-efaf-a22e-8eee-f06c693a72ab" testName="TumbangPreso.Core.Tests.BalanceTests.EverySlotAppearsInTheDefaultRotation" computerName="DESKTOP-E4OQK9L" duration="00:00:00.0002172" startTime="2026-09-15T10:38:45.5774084+08:00" endTime="2026-09-15T10:38:45.5774085+08:00" testType="13cdc9d9-ddb5-4fa4-a97d-d965ccfc6d4b" outcome="Passed" testListId="8c84fa94-04c1-424b-9868-57a2d4851a1d" relativeResultsDirectory="2a55394d-b6ac-4b4e-8856-0865b3122be4" />
    <UnitTestResult executionId="4e2324ab-ed3b-45e3-82a4-4b2f2f9ca84d" testId="005c0218-bf24-ec37-fee2-43fd034e1472" testName="TumbangPreso.Core.Tests.MatchInvariantTests.ASkippedRoundIsCaught" computerName="DESKTOP-E4OQK9L" duration="00:00:00.0001717" startTime="2026-09-15T10:38:45.6180017+08:00" endTime="2026-09-15T10:38:45.6180018+08:00" testType="13cdc9d9-ddb5-4fa4-a97d-d965ccfc6d4b" outcome="Passed" testListId="8c84fa94-04c1-424b-9868-57a2d4851a1d" relativeResultsDirectory="4e2324ab-ed3b-45e3-82a4-4b2f2f9ca84d" />
    <UnitTestResult executionId="562b44c4-d17d-4a85-bfa1-dbf00b1e7cd9" testId="70e16cb6-e65b-68b5-e607-97b07226a733" testName="TumbangPreso.Core.Tests.TournamentPresetTests.ClassicIsTheTournamentRuleset" computerName="DESKTOP-E4OQK9L" duration="00:00:00.0001066" startTime="2026-09-15T10:38:45.6142985+08:00" endTime="2026-09-15T10:38:45.6142986+08:00" testType="13cdc9d9-ddb5-4fa4-a97d-d965ccfc6d4b" outcome="Passed" testListId="8c84fa94-04c1-424b-9868-57a2d4851a1d" relativeResultsDirectory="562b44c4-d17d-4a85-bfa1-dbf00b1e7cd9" />
    <UnitTestResult executionId="b8878c7d-0396-4761-b541-b686bef091ab" testId="65f60afb-0c1c-3b17-c0c8-453346efaa80" testName="TumbangPreso.Core.Tests.NormalMatchLengthTests.ExplicitCustomFourRoundWireStillMeansFourRounds" computerName="DESKTOP-E4OQK9L" duration="00:00:00.0095330" startTime="2026-09-15T10:38:45.5764260+08:00" endTime="2026-09-15T10:38:45.5764261+08:00" testType="13cdc9d9-ddb5-4fa4-a97d-d965ccfc6d4b" outcome="Passed" testListId="8c84fa94-04c1-424b-9868-57a2d4851a1d" relativeResultsDirectory="b8878c7d-0396-4761-b541-b686bef091ab" />
    <UnitTestResult executionId="b307104c-2dc8-4508-a985-9039865b1a68" testId="4ad19267-8d14-8ba0-2f54-9a2b88803156" testName="TumbangPreso.Core.Tests.TournamentPresetTests.EveryModifierIsNamedWithAReasonAndHasASafeValue" computerName="DESKTOP-E4OQK9L" duration="00:00:00.0013069" startTime="2026-09-15T10:38:45.6136099+08:00" endTime="2026-09-15T10:38:45.6136100+08:00" testType="13cdc9d9-ddb5-4fa4-a97d-d965ccfc6d4b" outcome="Passed" testListId="8c84fa94-04c1-424b-9868-57a2d4851a1d" relativeResultsDirectory="b307104c-2dc8-4508-a985-9039865b1a68" />
  </Results>
  <TestDefinitions>
    <UnitTest name="TumbangPreso.Core.Tests.MatchInvariantTests.OneGameplayEventCannotAwardItsPointsTwice" storage="c:\users\matth\documents\github\tumbangpreso-unity-astrareworks\core.tests\bin\debug\net9.0\tumbangpreso.core.tests.dll" id="259b037a-06f7-e46c-8ac4-64870da30577">
      <Execution id="5a984542-4fed-4e9e-90c6-bd9ce948dc9c" />
      <TestMethod codeBase="C:\Users\matth\Documents\GitHub\TumbangPreso-Unity-ASTRAReworks\Core.Tests\bin\Debug\net9.0\TumbangPreso.Core.Tests.dll" adapterTypeName="executor://xunit/VsTestRunner2/netcoreapp" className="TumbangPreso.Core.Tests.MatchInvariantTests" name="OneGameplayEventCannotAwardItsPointsTwice" />
    </UnitTest>
    <UnitTest name="TumbangPreso.Core.Tests.MatchInvariantTests.AStaleSnapshotGoingBackwardsIsCaught" storage="c:\users\matth\documents\github\tumbangpreso-unity-astrareworks\core.tests\bin\debug\net9.0\tumbangpreso.core.tests.dll" id="56c20495-672d-8490-ecae-b0a4b607234f">
      <Execution id="b9ca3c7a-b4d6-454a-96fd-5357a46d3663" />
      <TestMethod codeBase="C:\Users\matth\Documents\GitHub\TumbangPreso-Unity-ASTRAReworks\Core.Tests\bin\Debug\net9.0\TumbangPreso.Core.Tests.dll" adapterTypeName="executor://xunit/VsTestRunner2/netcoreapp" className="TumbangPreso.Core.Tests.MatchInvariantTests" name="AStaleSnapshotGoingBackwardsIsCaught" />
    </UnitTest>
    <UnitTest name="TumbangPreso.Core.Tests.MatchInvariantTests.APlayedMatchNeverViolatesAnInvariant(seed: 2)" storage="c:\users\matth\documents\github\tumbangpreso-unity-astrareworks\core.tests\bin\debug\net9.0\tumbangpreso.core.tests.dll" id="5590651d-f072-7224-052a-931d31a6f677">
      <Execution id="d06c84c8-64c0-4fde-a146-bee0e9bc47f9" />
      <TestMethod codeBase="C:\Users\matth\Documents\GitHub\TumbangPreso-Unity-ASTRAReworks\Core.Tests\bin\Debug\net9.0\TumbangPreso.Core.Tests.dll" adapterTypeName="executor://xunit/VsTestRunner2/netcoreapp" className="TumbangPreso.Core.Tests.MatchInvariantTests" name="APlayedMatchNeverViolatesAnInvariant" />
    </UnitTest>
    <UnitTest name="TumbangPreso.Core.Tests.MatchInvariantTests.AnOrdinaryRoundHasNothingWrongWithIt" storage="c:\users\matth\documents\github\tumbangpreso-unity-astrareworks\core.tests\bin\debug\net9.0\tumbangpreso.core.tests.dll" id="49fbd368-82e4-2a3a-f341-83543a7eceba">
      <Execution id="250cf75f-dbdf-4f3a-a80e-c6f327bfae33" />
      <TestMethod codeBase="C:\Users\matth\Documents\GitHub\TumbangPreso-Unity-ASTRAReworks\Core.Tests\bin\Debug\net9.0\TumbangPreso.Core.Tests.dll" adapterTypeName="executor://xunit/VsTestRunner2/netcoreapp" className="TumbangPreso.Core.Tests.MatchInvariantTests" name="AnOrdinaryRoundHasNothingWrongWithIt" />
    </UnitTest>
    <UnitTest name="TumbangPreso.Core.Tests.TournamentPresetTests.EveryModifierIsNamedWithAReasonAndHasASafeValue" storage="c:\users\matth\documents\github\tumbangpreso-unity-astrareworks\core.tests\bin\debug\net9.0\tumbangpreso.core.tests.dll" id="4ad19267-8d14-8ba0-2f54-9a2b88803156">
      <Execution id="b307104c-2dc8-4508-a985-9039865b1a68" />
      <TestMethod codeBase="C:\Users\matth\Documents\GitHub\TumbangPreso-Unity-ASTRAReworks\Core.Tests\bin\Debug\net9.0\TumbangPreso.Core.Tests.dll" adapterTypeName="executor://xunit/VsTestRunner2/netcoreapp" className="TumbangPreso.Core.Tests.TournamentPresetTests" name="EveryModifierIsNamedWithAReasonAndHasASafeValue" />
    </UnitTest>
    <UnitTest name="TumbangPreso.Core.Tests.MatchInvariantTests.AdvancingOneRoundIsLegal" storage="c:\users\matth\documents\github\tumbangpreso-unity-astrareworks\core.tests\bin\debug\net9.0\tumbangpreso.core.tests.dll" id="72c939bd-1d6e-1364-1d63-ee8090ba4d72">
      <Execution id="ccf19fe2-a6ea-4b9e-912c-3db51d8738b3" />
      <TestMethod codeBase="C:\Users\matth\Documents\GitHub\TumbangPreso-Unity-ASTRAReworks\Core.Tests\bin\Debug\net9.0\TumbangPreso.Core.Tests.dll" adapterTypeName="executor://xunit/VsTestRunner2/netcoreapp" className="TumbangPreso.Core.Tests.MatchInvariantTests" name="AdvancingOneRoundIsLegal" />
    </UnitTest>
    <UnitTest name="TumbangPreso.Core.Tests.MatchInvariantTests.EveryCorruptedOrderingIsCaught(seed: 20260904)" storage="c:\users\matth\documents\github\tumbangpreso-unity-astrareworks\core.tests\bin\debug\net9.0\tumbangpreso.core.tests.dll" id="dc581672-ef69-7d29-2129-0e8a97ea30f5">
      <Execution id="fef317e4-f147-4b21-b3ed-62dfedce7f8c" />
      <TestMethod codeBase="C:\Users\matth\Documents\GitHub\TumbangPreso-Unity-ASTRAReworks\Core.Tests\bin\Debug\net9.0\TumbangPreso.Core.Tests.dll" adapterTypeName="executor://xunit/VsTestRunner2/netcoreapp" className="TumbangPreso.Core.Tests.MatchInvariantTests" name="EveryCorruptedOrderingIsCaught" />
    </UnitTest>
    <UnitTest name="TumbangPreso.Core.Tests.MatchInvariantTests.ASkippedRoundIsCaught" storage="c:\users\matth\documents\github\tumbangpreso-unity-astrareworks\core.tests\bin\debug\net9.0\tumbangpreso.core.tests.dll" id="005c0218-bf24-ec37-fee2-43fd034e1472">
      <Execution id="4e2324ab-ed3b-45e3-82a4-4b2f2f9ca84d" />
      <TestMethod codeBase="C:\Users\matth\Documents\GitHub\TumbangPreso-Unity-ASTRAReworks\Core.Tests\bin\Debug\net9.0\TumbangPreso.Core.Tests.dll" adapterTypeName="executor://xunit/VsTestRunner2/netcoreapp" className="TumbangPreso.Core.Tests.MatchInvariantTests" name="ASkippedRoundIsCaught" />
    </UnitTest>
    <UnitTest name="TumbangPreso.Core.Tests.MatchInvariantTests.TheClampIsRealSoAPenaltyCannotDriveASeatNegative" storage="c:\users\matth\documents\github\tumbangpreso-unity-astrareworks\core.tests\bin\debug\net9.0\tumbangpreso.core.tests.dll" id="8136cdb3-0da5-6ff7-73aa-c4d503ca3583">
      <Execution id="673da03f-1fdc-402e-86aa-bf3c75a13b1b" />
      <TestMethod codeBase="C:\Users\matth\Documents\GitHub\TumbangPreso-Unity-ASTRAReworks\Core.Tests\bin\Debug\net9.0\TumbangPreso.Core.Tests.dll" adapterTypeName="executor://xunit/VsTestRunner2/netcoreapp" className="TumbangPreso.Core.Tests.MatchInvariantTests" name="TheClampIsRealSoAPenaltyCannotDriveASeatNegative" />
    </UnitTest>
    <UnitTest name="TumbangPreso.Core.Tests.MatchInvariantTests.APlayedMatchNeverViolatesAnInvariant(seed: 20260904)" storage="c:\users\matth\documents\github\tumbangpreso-unity-astrareworks\core.tests\bin\debug\net9.0\tumbangpreso.core.tests.dll" id="16595246-1c14-b3e9-8821-646fabc53457">
      <Execution id="ce22c608-65cb-4c8c-9358-b4ecb017e070" />
      <TestMethod codeBase="C:\Users\matth\Documents\GitHub\TumbangPreso-Unity-ASTRAReworks\Core.Tests\bin\Debug\net9.0\TumbangPreso.Core.Tests.dll" adapterTypeName="executor://xunit/VsTestRunner2/netcoreapp" className="TumbangPreso.Core.Tests.MatchInvariantTests" name="APlayedMatchNeverViolatesAnInvariant" />
    </UnitTest>
    <UnitTest name="TumbangPreso.Core.Tests.MatchInvariantTests.ARestartIsTheOneLegalWayBackwards" storage="c:\users\matth\documents\github\tumbangpreso-unity-astrareworks\core.tests\bin\debug\net9.0\tumbangpreso.core.tests.dll" id="f0f18174-f598-4f4f-2a48-30abc24421ae">
      <Execution id="4be00c26-9e56-48bf-9476-2ce0b09e054d" />
      <TestMethod codeBase="C:\Users\matth\Documents\GitHub\TumbangPreso-Unity-ASTRAReworks\Core.Tests\bin\Debug\net9.0\TumbangPreso.Core.Tests.dll" adapterTypeName="executor://xunit/VsTestRunner2/netcoreapp" className="TumbangPreso.Core.Tests.MatchInvariantTests" name="ARestartIsTheOneLegalWayBackwards" />
    </UnitTest>
    <UnitTest name="TumbangPreso.Core.Tests.BalanceTests.PassiveDefence_CeilingIsOneRoundOfUprightTime" storage="c:\users\matth\documents\github\tumbangpreso-unity-astrareworks\core.tests\bin\debug\net9.0\tumbangpreso.core.tests.dll" id="4bcd1f5c-cba4-4e8f-a173-45f345a0d596">
      <Execution id="804b8600-7124-4f1d-b0db-e2dc5834db94" />
      <TestMethod codeBase="C:\Users\matth\Documents\GitHub\TumbangPreso-Unity-ASTRAReworks\Core.Tests\bin\Debug\net9.0\TumbangPreso.Core.Tests.dll" adapterTypeName="executor://xunit/VsTestRunner2/netcoreapp" className="TumbangPreso.Core.Tests.BalanceTests" name="PassiveDefence_CeilingIsOneRoundOfUprightTime" />
    </UnitTest>
    <UnitTest name="TumbangPreso.Core.Tests.MatchInvariantTests.EveryRoundOfEveryShippedFormatDerivesExactlyOneTayaInsideTheFourSeats" storage="c:\users\matth\documents\github\tumbangpreso-unity-astrareworks\core.tests\bin\debug\net9.0\tumbangpreso.core.tests.dll" id="9862f555-a148-6b3d-1e7c-820633150b0e">
      <Execution id="c9d7f141-4983-465a-ad2f-24e381f1b0d3" />
      <TestMethod codeBase="C:\Users\matth\Documents\GitHub\TumbangPreso-Unity-ASTRAReworks\Core.Tests\bin\Debug\net9.0\TumbangPreso.Core.Tests.dll" adapterTypeName="executor://xunit/VsTestRunner2/netcoreapp" className="TumbangPreso.Core.Tests.MatchInvariantTests" name="EveryRoundOfEveryShippedFormatDerivesExactlyOneTayaInsideTheFourSeats" />
    </UnitTest>
    <UnitTest name="TumbangPreso.Core.Tests.MatchInvariantTests.APlayedMatchNeverViolatesAnInvariant(seed: 1)" storage="c:\users\matth\documents\github\tumbangpreso-unity-astrareworks\core.tests\bin\debug\net9.0\tumbangpreso.core.tests.dll" id="18154885-c507-bbc4-138a-5a077e19a418">
      <Execution id="9700d6b3-3669-4a42-a15a-44814e21e070" />
      <TestMethod codeBase="C:\Users\matth\Documents\GitHub\TumbangPreso-Unity-ASTRAReworks\Core.Tests\bin\Debug\net9.0\TumbangPreso.Core.Tests.dll" adapterTypeName="executor://xunit/VsTestRunner2/netcoreapp" className="TumbangPreso.Core.Tests.MatchInvariantTests" name="APlayedMatchNeverViolatesAnInvariant" />
    </UnitTest>
    <UnitTest name="TumbangPreso.Core.Tests.MatchInvariantTests.APlayedMatchNeverViolatesAnInvariant(seed: 715827882)" storage="c:\users\matth\documents\github\tumbangpreso-unity-astrareworks\core.tests\bin\debug\net9.0\tumbangpreso.core.tests.dll" id="fd432c48-bef9-da90-0240-10993ed810b5">
      <Execution id="f871378a-1984-4fc9-a5a3-758d2793c5ec" />
      <TestMethod codeBase="C:\Users\matth\Documents\GitHub\TumbangPreso-Unity-ASTRAReworks\Core.Tests\bin\Debug\net9.0\TumbangPreso.Core.Tests.dll" adapterTypeName="executor://xunit/VsTestRunner2/netcoreapp" className="TumbangPreso.Core.Tests.MatchInvariantTests" name="APlayedMatchNeverViolatesAnInvariant" />
    </UnitTest>
    <UnitTest name="TumbangPreso.Core.Tests.TournamentPresetTests.ThePracticeSandboxIsOnTheListBecauseItsGuardIsTheThingUnderTest" storage="c:\users\matth\documents\github\tumbangpreso-unity-astrareworks\core.tests\bin\debug\net9.0\tumbangpreso.core.tests.dll" id="7840e153-a1e8-7715-ee76-91407bad2d40">
      <Execution id="9ccc52f4-ccd2-4660-8a68-79dab913ec79" />
      <TestMethod codeBase="C:\Users\matth\Documents\GitHub\TumbangPreso-Unity-ASTRAReworks\Core.Tests\bin\Debug\net9.0\TumbangPreso.Core.Tests.dll" adapterTypeName="executor://xunit/VsTestRunner2/netcoreapp" className="TumbangPreso.Core.Tests.TournamentPresetTests" name="ThePracticeSandboxIsOnTheListBecauseItsGuardIsTheThingUnderTest" />
    </UnitTest>
    <UnitTest name="TumbangPreso.Core.Tests.NormalMatchLengthTests.ExplicitCustomFourRoundWireStillMeansFourRounds" storage="c:\users\matth\documents\github\tumbangpreso-unity-astrareworks\core.tests\bin\debug\net9.0\tumbangpreso.core.tests.dll" id="65f60afb-0c1c-3b17-c0c8-453346efaa80">
      <Execution id="b8878c7d-0396-4761-b541-b686bef091ab" />
      <TestMethod codeBase="C:\Users\matth\Documents\GitHub\TumbangPreso-Unity-ASTRAReworks\Core.Tests\bin\Debug\net9.0\TumbangPreso.Core.Tests.dll" adapterTypeName="executor://xunit/VsTestRunner2/netcoreapp" className="TumbangPreso.Core.Tests.NormalMatchLengthTests" name="ExplicitCustomFourRoundWireStillMeansFourRounds" />
    </UnitTest>
    <UnitTest name="TumbangPreso.Core.Tests.MatchInvariantTests.TwoPeersDescribingTheSameMatchAgree" storage="c:\users\matth\documents\github\tumbangpreso-unity-astrareworks\core.tests\bin\debug\net9.0\tumbangpreso.core.tests.dll" id="47a0d955-544b-e7dc-3d47-f3a103002967">
      <Execution id="aa42e494-8237-4eb1-a420-a808295c7213" />
      <TestMethod codeBase="C:\Users\matth\Documents\GitHub\TumbangPreso-Unity-ASTRAReworks\Core.Tests\bin\Debug\net9.0\TumbangPreso.Core.Tests.dll" adapterTypeName="executor://xunit/VsTestRunner2/netcoreapp" className="TumbangPreso.Core.Tests.MatchInvariantTests" name="TwoPeersDescribingTheSameMatchAgree" />
    </UnitTest>
    <UnitTest name="TumbangPreso.Core.Tests.TournamentPresetTests.BotsEnabledIsTheOneModifierWhoseSafeValueIsTrue" storage="c:\users\matth\documents\github\tumbangpreso-unity-astrareworks\core.tests\bin\debug\net9.0\tumbangpreso.core.tests.dll" id="76979f7c-fd2e-eebf-0272-f2f6699f9750">
      <Execution id="c0abd2bc-9ef9-4089-b93f-c8f00ca93973" />
      <TestMethod codeBase="C:\Users\matth\Documents\GitHub\TumbangPreso-Unity-ASTRAReworks\Core.Tests\bin\Debug\net9.0\TumbangPreso.Core.Tests.dll" adapterTypeName="executor://xunit/VsTestRunner2/netcoreapp" className="TumbangPreso.Core.Tests.TournamentPresetTests" name="BotsEnabledIsTheOneModifierWhoseSafeValueIsTrue" />
    </UnitTest>
    <UnitTest name="TumbangPreso.Core.Tests.TournamentPresetTests.EveryCallGetsItsOwnObject" storage="c:\users\matth\documents\github\tumbangpreso-unity-astrareworks\core.tests\bin\debug\net9.0\tumbangpreso.core.tests.dll" id="3dc2a8b6-bab4-05c3-9c53-a4bc6c78b090">
      <Execution id="8790498e-c510-4b12-980b-a81d120a4c1e" />
      <TestMethod codeBase="C:\Users\matth\Documents\GitHub\TumbangPreso-Unity-ASTRAReworks\Core.Tests\bin\Debug\net9.0\TumbangPreso.Core.Tests.dll" adapterTypeName="executor://xunit/VsTestRunner2/netcoreapp" className="TumbangPreso.Core.Tests.TournamentPresetTests" name="EveryCallGetsItsOwnObject" />
    </UnitTest>
    <UnitTest name="TumbangPreso.Core.Tests.MatchInvariantTests.ADirectWriteToTheScoreboardIsCaught" storage="c:\users\matth\documents\github\tumbangpreso-unity-astrareworks\core.tests\bin\debug\net9.0\tumbangpreso.core.tests.dll" id="0003a67f-d61a-aa1d-6560-f7a3373ec25f">
      <Execution id="88ea2a4b-b5c3-42b7-aa67-812c1546ed93" />
      <TestMethod codeBase="C:\Users\matth\Documents\GitHub\TumbangPreso-Unity-ASTRAReworks\Core.Tests\bin\Debug\net9.0\TumbangPreso.Core.Tests.dll" adapterTypeName="executor://xunit/VsTestRunner2/netcoreapp" className="TumbangPreso.Core.Tests.MatchInvariantTests" name="ADirectWriteToTheScoreboardIsCaught" />
    </UnitTest>
    <UnitTest name="TumbangPreso.Core.Tests.MatchInvariantTests.ANegativeTotalIsCaughtBecauseTheScoreboardClampsAtZero" storage="c:\users\matth\documents\github\tumbangpreso-unity-astrareworks\core.tests\bin\debug\net9.0\tumbangpreso.core.tests.dll" id="486ce5d2-8648-9b81-ee36-b539907e1404">
      <Execution id="352bba88-aa57-460b-b2dd-9badb3304946" />
      <TestMethod codeBase="C:\Users\matth\Documents\GitHub\TumbangPreso-Unity-ASTRAReworks\Core.Tests\bin\Debug\net9.0\TumbangPreso.Core.Tests.dll" adapterTypeName="executor://xunit/VsTestRunner2/netcoreapp" className="TumbangPreso.Core.Tests.MatchInvariantTests" name="ANegativeTotalIsCaughtBecauseTheScoreboardClampsAtZero" />
    </UnitTest>
    <UnitTest name="TumbangPreso.Core.Tests.BalanceTests.MatchLengthFollowsTheSelectedMode" storage="c:\users\matth\documents\github\tumbangpreso-unity-astrareworks\core.tests\bin\debug\net9.0\tumbangpreso.core.tests.dll" id="d1c36e31-0fae-00ef-2ed5-d19c85f143fa">
      <Execution id="11c5b6b6-c572-4a8a-b323-8c4b594343b4" />
      <TestMethod codeBase="C:\Users\matth\Documents\GitHub\TumbangPreso-Unity-ASTRAReworks\Core.Tests\bin\Debug\net9.0\TumbangPreso.Core.Tests.dll" adapterTypeName="executor://xunit/VsTestRunner2/netcoreapp" className="TumbangPreso.Core.Tests.BalanceTests" name="MatchLengthFollowsTheSelectedMode" />
    </UnitTest>
    <UnitTest name="TumbangPreso.Core.Tests.TournamentPresetTests.ABareCustomRulesIsNotATournamentMatchAndThatIsWhyThePresetExists" storage="c:\users\matth\documents\github\tumbangpreso-unity-astrareworks\core.tests\bin\debug\net9.0\tumbangpreso.core.tests.dll" id="04a5aed2-af8e-da58-3164-7db7627693ba">
      <Execution id="8cb0a9d2-96fd-442c-8d68-bdd08dc322ed" />
      <TestMethod codeBase="C:\Users\matth\Documents\GitHub\TumbangPreso-Unity-ASTRAReworks\Core.Tests\bin\Debug\net9.0\TumbangPreso.Core.Tests.dll" adapterTypeName="executor://xunit/VsTestRunner2/netcoreapp" className="TumbangPreso.Core.Tests.TournamentPresetTests" name="ABareCustomRulesIsNotATournamentMatchAndThatIsWhyThePresetExists" />
    </UnitTest>
    <UnitTest name="TumbangPreso.Core.Tests.TournamentPresetTests.ARuleSetThatIsNotTheTournamentOneSaysWhichFieldIsWrong" storage="c:\users\matth\documents\github\tumbangpreso-unity-astrareworks\core.tests\bin\debug\net9.0\tumbangpreso.core.tests.dll" id="333761ad-d283-8821-607e-e26e497d65ff">
      <Execution id="6cd75d74-28d6-4fc1-8080-0668ceb59a3c" />
      <TestMethod codeBase="C:\Users\matth\Documents\GitHub\TumbangPreso-Unity-ASTRAReworks\Core.Tests\bin\Debug\net9.0\TumbangPreso.Core.Tests.dll" adapterTypeName="executor://xunit/VsTestRunner2/netcoreapp" className="TumbangPreso.Core.Tests.TournamentPresetTests" name="ARuleSetThatIsNotTheTournamentOneSaysWhichFieldIsWrong" />
    </UnitTest>
    <UnitTest name="TumbangPreso.Core.Tests.TournamentPresetTests.TheTournamentPresetIsPinnedFieldByField" storage="c:\users\matth\documents\github\tumbangpreso-unity-astrareworks\core.tests\bin\debug\net9.0\tumbangpreso.core.tests.dll" id="6034440d-7b5d-f1f5-b6d6-602c489cf002">
      <Execution id="97d22289-994d-4767-9823-b8301c7057ca" />
      <TestMethod codeBase="C:\Users\matth\Documents\GitHub\TumbangPreso-Unity-ASTRAReworks\Core.Tests\bin\Debug\net9.0\TumbangPreso.Core.Tests.dll" adapterTypeName="executor://xunit/VsTestRunner2/netcoreapp" className="TumbangPreso.Core.Tests.TournamentPresetTests" name="TheTournamentPresetIsPinnedFieldByField" />
    </UnitTest>
    <UnitTest name="TumbangPreso.Core.Tests.NormalMatchLengthTests.NormalMatchesGiveEveryPlayerTwoDefenderTurns(mode: Classic)" storage="c:\users\matth\documents\github\tumbangpreso-unity-astrareworks\core.tests\bin\debug\net9.0\tumbangpreso.core.tests.dll" id="d712f009-edf0-4d92-298c-f4bf5b519f07">
      <Execution id="dca64a4d-2b53-4bc9-ac9b-d474f5f07553" />
      <TestMethod codeBase="C:\Users\matth\Documents\GitHub\TumbangPreso-Unity-ASTRAReworks\Core.Tests\bin\Debug\net9.0\TumbangPreso.Core.Tests.dll" adapterTypeName="executor://xunit/VsTestRunner2/netcoreapp" className="TumbangPreso.Core.Tests.NormalMatchLengthTests" name="NormalMatchesGiveEveryPlayerTwoDefenderTurns" />
    </UnitTest>
    <UnitTest name="TumbangPreso.Core.Tests.TournamentPresetTests.ClassicIsTheTournamentRuleset" storage="c:\users\matth\documents\github\tumbangpreso-unity-astrareworks\core.tests\bin\debug\net9.0\tumbangpreso.core.tests.dll" id="70e16cb6-e65b-68b5-e607-97b07226a733">
      <Execution id="562b44c4-d17d-4a85-bfa1-dbf00b1e7cd9" />
      <TestMethod codeBase="C:\Users\matth\Documents\GitHub\TumbangPreso-Unity-ASTRAReworks\Core.Tests\bin\Debug\net9.0\TumbangPreso.Core.Tests.dll" adapterTypeName="executor://xunit/VsTestRunner2/netcoreapp" className="TumbangPreso.Core.Tests.TournamentPresetTests" name="ClassicIsTheTournamentRuleset" />
    </UnitTest>
    <UnitTest name="TumbangPreso.Core.Tests.BalanceTests.EverySlotAppearsInTheDefaultRotation" storage="c:\users\matth\documents\github\tumbangpreso-unity-astrareworks\core.tests\bin\debug\net9.0\tumbangpreso.core.tests.dll" id="ab2712ed-efaf-a22e-8eee-f06c693a72ab">
      <Execution id="2a55394d-b6ac-4b4e-8856-0865b3122be4" />
      <TestMethod codeBase="C:\Users\matth\Documents\GitHub\TumbangPreso-Unity-ASTRAReworks\Core.Tests\bin\Debug\net9.0\TumbangPreso.Core.Tests.dll" adapterTypeName="executor://xunit/VsTestRunner2/netcoreapp" className="TumbangPreso.Core.Tests.BalanceTests" name="EverySlotAppearsInTheDefaultRotation" />
    </UnitTest>
    <UnitTest name="TumbangPreso.Core.Tests.MatchInvariantTests.ARoundDisagreementIsCaught" storage="c:\users\matth\documents\github\tumbangpreso-unity-astrareworks\core.tests\bin\debug\net9.0\tumbangpreso.core.tests.dll" id="4041ff4b-7eed-df5f-643e-68e17c95ac08">
      <Execution id="5d83f250-12ac-462f-945a-6f578d1ab782" />
      <TestMethod codeBase="C:\Users\matth\Documents\GitHub\TumbangPreso-Unity-ASTRAReworks\Core.Tests\bin\Debug\net9.0\TumbangPreso.Core.Tests.dll" adapterTypeName="executor://xunit/VsTestRunner2/netcoreapp" className="TumbangPreso.Core.Tests.MatchInvariantTests" name="ARoundDisagreementIsCaught" />
    </UnitTest>
    <UnitTest name="TumbangPreso.Core.Tests.MatchInvariantTests.ASecondTayaIsCaught" storage="c:\users\matth\documents\github\tumbangpreso-unity-astrareworks\core.tests\bin\debug\net9.0\tumbangpreso.core.tests.dll" id="812573eb-7156-aa5d-d0cd-2a50c67d66ec">
      <Execution id="4e6f8e04-3c21-4a53-93e7-53cd68b2346a" />
      <TestMethod codeBase="C:\Users\matth\Documents\GitHub\TumbangPreso-Unity-ASTRAReworks\Core.Tests\bin\Debug\net9.0\TumbangPreso.Core.Tests.dll" adapterTypeName="executor://xunit/VsTestRunner2/netcoreapp" className="TumbangPreso.Core.Tests.MatchInvariantTests" name="ASecondTayaIsCaught" />
    </UnitTest>
    <UnitTest name="TumbangPreso.Core.Tests.MatchInvariantTests.EveryCorruptedOrderingIsCaught(seed: 11)" storage="c:\users\matth\documents\github\tumbangpreso-unity-astrareworks\core.tests\bin\debug\net9.0\tumbangpreso.core.tests.dll" id="917bb378-ba4d-6ada-8992-da8061025c50">
      <Execution id="2351d24c-4166-4290-b42a-0ea29e8cdbd4" />
      <TestMethod codeBase="C:\Users\matth\Documents\GitHub\TumbangPreso-Unity-ASTRAReworks\Core.Tests\bin\Debug\net9.0\TumbangPreso.Core.Tests.dll" adapterTypeName="executor://xunit/VsTestRunner2/netcoreapp" className="TumbangPreso.Core.Tests.MatchInvariantTests" name="EveryCorruptedOrderingIsCaught" />
    </UnitTest>
    <UnitTest name="TumbangPreso.Core.Tests.MatchInvariantTests.PlayingPastTheLastRoundIsCaught" storage="c:\users\matth\documents\github\tumbangpreso-unity-astrareworks\core.tests\bin\debug\net9.0\tumbangpreso.core.tests.dll" id="c18f9e45-7f57-c6b6-e42b-127c7c4189ad">
      <Execution id="fe0a5012-b7f0-4bb3-aea9-10e697abc982" />
      <TestMethod codeBase="C:\Users\matth\Documents\GitHub\TumbangPreso-Unity-ASTRAReworks\Core.Tests\bin\Debug\net9.0\TumbangPreso.Core.Tests.dll" adapterTypeName="executor://xunit/VsTestRunner2/netcoreapp" className="TumbangPreso.Core.Tests.MatchInvariantTests" name="PlayingPastTheLastRoundIsCaught" />
    </UnitTest>
    <UnitTest name="TumbangPreso.Core.Tests.MatchInvariantTests.OnePlayerCannotHoldTwoSeats" storage="c:\users\matth\documents\github\tumbangpreso-unity-astrareworks\core.tests\bin\debug\net9.0\tumbangpreso.core.tests.dll" id="b3962efb-41a2-d54a-6a84-ff13688ac463">
      <Execution id="2e1ab4e9-43e7-4bd0-ae06-68b4633831e8" />
      <TestMethod codeBase="C:\Users\matth\Documents\GitHub\TumbangPreso-Unity-ASTRAReworks\Core.Tests\bin\Debug\net9.0\TumbangPreso.Core.Tests.dll" adapterTypeName="executor://xunit/VsTestRunner2/netcoreapp" className="TumbangPreso.Core.Tests.MatchInvariantTests" name="OnePlayerCannotHoldTwoSeats" />
    </UnitTest>
    <UnitTest name="TumbangPreso.Core.Tests.MatchInvariantTests.APlayedMatchNeverViolatesAnInvariant(seed: 3)" storage="c:\users\matth\documents\github\tumbangpreso-unity-astrareworks\core.tests\bin\debug\net9.0\tumbangpreso.core.tests.dll" id="b30d1791-90b9-2704-7ed7-2439ef1d3131">
      <Execution id="cb7fd071-9152-4e45-83ba-185d5a02458d" />
      <TestMethod codeBase="C:\Users\matth\Documents\GitHub\TumbangPreso-Unity-ASTRAReworks\Core.Tests\bin\Debug\net9.0\TumbangPreso.Core.Tests.dll" adapterTypeName="executor://xunit/VsTestRunner2/netcoreapp" className="TumbangPreso.Core.Tests.MatchInvariantTests" name="APlayedMatchNeverViolatesAnInvariant" />
    </UnitTest>
    <UnitTest name="TumbangPreso.Core.Tests.MatchInvariantTests.AWinnerDisagreementIsCaughtEvenWhenNeitherPeerIsObviouslyWrong" storage="c:\users\matth\documents\github\tumbangpreso-unity-astrareworks\core.tests\bin\debug\net9.0\tumbangpreso.core.tests.dll" id="0d4b7a13-86bb-47a3-758a-afeee4eeedc8">
      <Execution id="e2b6babe-6d7b-4bdd-a22d-f7c990540dbf" />
      <TestMethod codeBase="C:\Users\matth\Documents\GitHub\TumbangPreso-Unity-ASTRAReworks\Core.Tests\bin\Debug\net9.0\TumbangPreso.Core.Tests.dll" adapterTypeName="executor://xunit/VsTestRunner2/netcoreapp" className="TumbangPreso.Core.Tests.MatchInvariantTests" name="AWinnerDisagreementIsCaughtEvenWhenNeitherPeerIsObviouslyWrong" />
    </UnitTest>
    <UnitTest name="TumbangPreso.Core.Tests.NormalMatchLengthTests.NormalMatchesGiveEveryPlayerTwoDefenderTurns(mode: HeroStrike)" storage="c:\users\matth\documents\github\tumbangpreso-unity-astrareworks\core.tests\bin\debug\net9.0\tumbangpreso.core.tests.dll" id="bfaeeb41-d4d7-d40a-49df-ad92f0bd7e4b">
      <Execution id="1c535f7a-5943-4570-bfbb-0e53e9d27498" />
      <TestMethod codeBase="C:\Users\matth\Documents\GitHub\TumbangPreso-Unity-ASTRAReworks\Core.Tests\bin\Debug\net9.0\TumbangPreso.Core.Tests.dll" adapterTypeName="executor://xunit/VsTestRunner2/netcoreapp" className="TumbangPreso.Core.Tests.NormalMatchLengthTests" name="NormalMatchesGiveEveryPlayerTwoDefenderTurns" />
    </UnitTest>
    <UnitTest name="TumbangPreso.Core.Tests.MatchInvariantTests.ADrawIsADrawOnBothPeers" storage="c:\users\matth\documents\github\tumbangpreso-unity-astrareworks\core.tests\bin\debug\net9.0\tumbangpreso.core.tests.dll" id="1d1d0f4b-4722-d6a8-ece6-fc5d19d3a0e8">
      <Execution id="6cda9b7a-b906-4a4c-95db-cd74453a85d6" />
      <TestMethod codeBase="C:\Users\matth\Documents\GitHub\TumbangPreso-Unity-ASTRAReworks\Core.Tests\bin\Debug\net9.0\TumbangPreso.Core.Tests.dll" adapterTypeName="executor://xunit/VsTestRunner2/netcoreapp" className="TumbangPreso.Core.Tests.MatchInvariantTests" name="ADrawIsADrawOnBothPeers" />
    </UnitTest>
    <UnitTest name="TumbangPreso.Core.Tests.MatchInvariantTests.EveryCorruptedOrderingIsCaught(seed: 7)" storage="c:\users\matth\documents\github\tumbangpreso-unity-astrareworks\core.tests\bin\debug\net9.0\tumbangpreso.core.tests.dll" id="9d9c4833-cf51-0217-78fc-3d2488d1734c">
      <Execution id="7687939b-d2b2-4bda-903a-23caa680739f" />
      <TestMethod codeBase="C:\Users\matth\Documents\GitHub\TumbangPreso-Unity-ASTRAReworks\Core.Tests\bin\Debug\net9.0\TumbangPreso.Core.Tests.dll" adapterTypeName="executor://xunit/VsTestRunner2/netcoreapp" className="TumbangPreso.Core.Tests.MatchInvariantTests" name="EveryCorruptedOrderingIsCaught" />
    </UnitTest>
    <UnitTest name="TumbangPreso.Core.Tests.TournamentPresetTests.TheTournamentPresetIsPlayable" storage="c:\users\matth\documents\github\tumbangpreso-unity-astrareworks\core.tests\bin\debug\net9.0\tumbangpreso.core.tests.dll" id="7f4ff393-f696-c946-ee82-f2965d247bf3">
      <Execution id="82e282f0-8cc2-401d-af1c-8e6774f27299" />
      <TestMethod codeBase="C:\Users\matth\Documents\GitHub\TumbangPreso-Unity-ASTRAReworks\Core.Tests\bin\Debug\net9.0\TumbangPreso.Core.Tests.dll" adapterTypeName="executor://xunit/VsTestRunner2/netcoreapp" className="TumbangPreso.Core.Tests.TournamentPresetTests" name="TheTournamentPresetIsPlayable" />
    </UnitTest>
    <UnitTest name="TumbangPreso.Core.Tests.MatchInvariantTests.AnIntermissionOnAFinishedMatchIsCaught" storage="c:\users\matth\documents\github\tumbangpreso-unity-astrareworks\core.tests\bin\debug\net9.0\tumbangpreso.core.tests.dll" id="4e2e40ff-50cc-a078-b8a1-3df4e1875d8f">
      <Execution id="5dd82248-02f0-426b-9a96-01176127ce4f" />
      <TestMethod codeBase="C:\Users\matth\Documents\GitHub\TumbangPreso-Unity-ASTRAReworks\Core.Tests\bin\Debug\net9.0\TumbangPreso.Core.Tests.dll" adapterTypeName="executor://xunit/VsTestRunner2/netcoreapp" className="TumbangPreso.Core.Tests.MatchInvariantTests" name="AnIntermissionOnAFinishedMatchIsCaught" />
    </UnitTest>
    <UnitTest name="TumbangPreso.Core.Tests.MatchInvariantTests.AnEmptySeatIsNotAnOwner" storage="c:\users\matth\documents\github\tumbangpreso-unity-astrareworks\core.tests\bin\debug\net9.0\tumbangpreso.core.tests.dll" id="453804c7-0ce5-11d9-d37d-291c9d2fb1d8">
      <Execution id="7091a8cb-bfd2-47a7-b23e-144357eceaac" />
      <TestMethod codeBase="C:\Users\matth\Documents\GitHub\TumbangPreso-Unity-ASTRAReworks\Core.Tests\bin\Debug\net9.0\TumbangPreso.Core.Tests.dll" adapterTypeName="executor://xunit/VsTestRunner2/netcoreapp" className="TumbangPreso.Core.Tests.MatchInvariantTests" name="AnEmptySeatIsNotAnOwner" />
    </UnitTest>
  </TestDefinitions>
  <TestEntries>
    <TestEntry testId="3dc2a8b6-bab4-05c3-9c53-a4bc6c78b090" executionId="8790498e-c510-4b12-980b-a81d120a4c1e" testListId="8c84fa94-04c1-424b-9868-57a2d4851a1d" />
    <TestEntry testId="56c20495-672d-8490-ecae-b0a4b607234f" executionId="b9ca3c7a-b4d6-454a-96fd-5357a46d3663" testListId="8c84fa94-04c1-424b-9868-57a2d4851a1d" />
    <TestEntry testId="486ce5d2-8648-9b81-ee36-b539907e1404" executionId="352bba88-aa57-460b-b2dd-9badb3304946" testListId="8c84fa94-04c1-424b-9868-57a2d4851a1d" />
    <TestEntry testId="b3962efb-41a2-d54a-6a84-ff13688ac463" executionId="2e1ab4e9-43e7-4bd0-ae06-68b4633831e8" testListId="8c84fa94-04c1-424b-9868-57a2d4851a1d" />
    <TestEntry testId="d1c36e31-0fae-00ef-2ed5-d19c85f143fa" executionId="11c5b6b6-c572-4a8a-b323-8c4b594343b4" testListId="8c84fa94-04c1-424b-9868-57a2d4851a1d" />
    <TestEntry testId="fd432c48-bef9-da90-0240-10993ed810b5" executionId="f871378a-1984-4fc9-a5a3-758d2793c5ec" testListId="8c84fa94-04c1-424b-9868-57a2d4851a1d" />
    <TestEntry testId="04a5aed2-af8e-da58-3164-7db7627693ba" executionId="8cb0a9d2-96fd-442c-8d68-bdd08dc322ed" testListId="8c84fa94-04c1-424b-9868-57a2d4851a1d" />
    <TestEntry testId="812573eb-7156-aa5d-d0cd-2a50c67d66ec" executionId="4e6f8e04-3c21-4a53-93e7-53cd68b2346a" testListId="8c84fa94-04c1-424b-9868-57a2d4851a1d" />
    <TestEntry testId="b30d1791-90b9-2704-7ed7-2439ef1d3131" executionId="cb7fd071-9152-4e45-83ba-185d5a02458d" testListId="8c84fa94-04c1-424b-9868-57a2d4851a1d" />
    <TestEntry testId="8136cdb3-0da5-6ff7-73aa-c4d503ca3583" executionId="673da03f-1fdc-402e-86aa-bf3c75a13b1b" testListId="8c84fa94-04c1-424b-9868-57a2d4851a1d" />
    <TestEntry testId="72c939bd-1d6e-1364-1d63-ee8090ba4d72" executionId="ccf19fe2-a6ea-4b9e-912c-3db51d8738b3" testListId="8c84fa94-04c1-424b-9868-57a2d4851a1d" />
    <TestEntry testId="d712f009-edf0-4d92-298c-f4bf5b519f07" executionId="dca64a4d-2b53-4bc9-ac9b-d474f5f07553" testListId="8c84fa94-04c1-424b-9868-57a2d4851a1d" />
    <TestEntry testId="18154885-c507-bbc4-138a-5a077e19a418" executionId="9700d6b3-3669-4a42-a15a-44814e21e070" testListId="8c84fa94-04c1-424b-9868-57a2d4851a1d" />
    <TestEntry testId="7f4ff393-f696-c946-ee82-f2965d247bf3" executionId="82e282f0-8cc2-401d-af1c-8e6774f27299" testListId="8c84fa94-04c1-424b-9868-57a2d4851a1d" />
    <TestEntry testId="333761ad-d283-8821-607e-e26e497d65ff" executionId="6cd75d74-28d6-4fc1-8080-0668ceb59a3c" testListId="8c84fa94-04c1-424b-9868-57a2d4851a1d" />
    <TestEntry testId="bfaeeb41-d4d7-d40a-49df-ad92f0bd7e4b" executionId="1c535f7a-5943-4570-bfbb-0e53e9d27498" testListId="8c84fa94-04c1-424b-9868-57a2d4851a1d" />
    <TestEntry testId="259b037a-06f7-e46c-8ac4-64870da30577" executionId="5a984542-4fed-4e9e-90c6-bd9ce948dc9c" testListId="8c84fa94-04c1-424b-9868-57a2d4851a1d" />
    <TestEntry testId="9862f555-a148-6b3d-1e7c-820633150b0e" executionId="c9d7f141-4983-465a-ad2f-24e381f1b0d3" testListId="8c84fa94-04c1-424b-9868-57a2d4851a1d" />
    <TestEntry testId="16595246-1c14-b3e9-8821-646fabc53457" executionId="ce22c608-65cb-4c8c-9358-b4ecb017e070" testListId="8c84fa94-04c1-424b-9868-57a2d4851a1d" />
    <TestEntry testId="0003a67f-d61a-aa1d-6560-f7a3373ec25f" executionId="88ea2a4b-b5c3-42b7-aa67-812c1546ed93" testListId="8c84fa94-04c1-424b-9868-57a2d4851a1d" />
    <TestEntry testId="7840e153-a1e8-7715-ee76-91407bad2d40" executionId="9ccc52f4-ccd2-4660-8a68-79dab913ec79" testListId="8c84fa94-04c1-424b-9868-57a2d4851a1d" />
    <TestEntry testId="1d1d0f4b-4722-d6a8-ece6-fc5d19d3a0e8" executionId="6cda9b7a-b906-4a4c-95db-cd74453a85d6" testListId="8c84fa94-04c1-424b-9868-57a2d4851a1d" />
    <TestEntry testId="0d4b7a13-86bb-47a3-758a-afeee4eeedc8" executionId="e2b6babe-6d7b-4bdd-a22d-f7c990540dbf" testListId="8c84fa94-04c1-424b-9868-57a2d4851a1d" />
    <TestEntry testId="47a0d955-544b-e7dc-3d47-f3a103002967" executionId="aa42e494-8237-4eb1-a420-a808295c7213" testListId="8c84fa94-04c1-424b-9868-57a2d4851a1d" />
    <TestEntry testId="453804c7-0ce5-11d9-d37d-291c9d2fb1d8" executionId="7091a8cb-bfd2-47a7-b23e-144357eceaac" testListId="8c84fa94-04c1-424b-9868-57a2d4851a1d" />
    <TestEntry testId="c18f9e45-7f57-c6b6-e42b-127c7c4189ad" executionId="fe0a5012-b7f0-4bb3-aea9-10e697abc982" testListId="8c84fa94-04c1-424b-9868-57a2d4851a1d" />
    <TestEntry testId="9d9c4833-cf51-0217-78fc-3d2488d1734c" executionId="7687939b-d2b2-4bda-903a-23caa680739f" testListId="8c84fa94-04c1-424b-9868-57a2d4851a1d" />
    <TestEntry testId="76979f7c-fd2e-eebf-0272-f2f6699f9750" executionId="c0abd2bc-9ef9-4089-b93f-c8f00ca93973" testListId="8c84fa94-04c1-424b-9868-57a2d4851a1d" />
    <TestEntry testId="6034440d-7b5d-f1f5-b6d6-602c489cf002" executionId="97d22289-994d-4767-9823-b8301c7057ca" testListId="8c84fa94-04c1-424b-9868-57a2d4851a1d" />
    <TestEntry testId="917bb378-ba4d-6ada-8992-da8061025c50" executionId="2351d24c-4166-4290-b42a-0ea29e8cdbd4" testListId="8c84fa94-04c1-424b-9868-57a2d4851a1d" />
    <TestEntry testId="4bcd1f5c-cba4-4e8f-a173-45f345a0d596" executionId="804b8600-7124-4f1d-b0db-e2dc5834db94" testListId="8c84fa94-04c1-424b-9868-57a2d4851a1d" />
    <TestEntry testId="dc581672-ef69-7d29-2129-0e8a97ea30f5" executionId="fef317e4-f147-4b21-b3ed-62dfedce7f8c" testListId="8c84fa94-04c1-424b-9868-57a2d4851a1d" />
    <TestEntry testId="4041ff4b-7eed-df5f-643e-68e17c95ac08" executionId="5d83f250-12ac-462f-945a-6f578d1ab782" testListId="8c84fa94-04c1-424b-9868-57a2d4851a1d" />
    <TestEntry testId="49fbd368-82e4-2a3a-f341-83543a7eceba" executionId="250cf75f-dbdf-4f3a-a80e-c6f327bfae33" testListId="8c84fa94-04c1-424b-9868-57a2d4851a1d" />
    <TestEntry testId="4e2e40ff-50cc-a078-b8a1-3df4e1875d8f" executionId="5dd82248-02f0-426b-9a96-01176127ce4f" testListId="8c84fa94-04c1-424b-9868-57a2d4851a1d" />
    <TestEntry testId="f0f18174-f598-4f4f-2a48-30abc24421ae" executionId="4be00c26-9e56-48bf-9476-2ce0b09e054d" testListId="8c84fa94-04c1-424b-9868-57a2d4851a1d" />
    <TestEntry testId="5590651d-f072-7224-052a-931d31a6f677" executionId="d06c84c8-64c0-4fde-a146-bee0e9bc47f9" testListId="8c84fa94-04c1-424b-9868-57a2d4851a1d" />
    <TestEntry testId="ab2712ed-efaf-a22e-8eee-f06c693a72ab" executionId="2a55394d-b6ac-4b4e-8856-0865b3122be4" testListId="8c84fa94-04c1-424b-9868-57a2d4851a1d" />
    <TestEntry testId="005c0218-bf24-ec37-fee2-43fd034e1472" executionId="4e2324ab-ed3b-45e3-82a4-4b2f2f9ca84d" testListId="8c84fa94-04c1-424b-9868-57a2d4851a1d" />
    <TestEntry testId="70e16cb6-e65b-68b5-e607-97b07226a733" executionId="562b44c4-d17d-4a85-bfa1-dbf00b1e7cd9" testListId="8c84fa94-04c1-424b-9868-57a2d4851a1d" />
    <TestEntry testId="65f60afb-0c1c-3b17-c0c8-453346efaa80" executionId="b8878c7d-0396-4761-b541-b686bef091ab" testListId="8c84fa94-04c1-424b-9868-57a2d4851a1d" />
    <TestEntry testId="4ad19267-8d14-8ba0-2f54-9a2b88803156" executionId="b307104c-2dc8-4508-a985-9039865b1a68" testListId="8c84fa94-04c1-424b-9868-57a2d4851a1d" />
  </TestEntries>
  <TestLists>
    <TestList name="Results Not in a List" id="8c84fa94-04c1-424b-9868-57a2d4851a1d" />
    <TestList name="All Loaded Results" id="19431567-8539-422a-85d7-44ee4e166bda" />
  </TestLists>
  <ResultSummary outcome="Completed">
    <Counters total="42" executed="42" passed="42" failed="0" error="0" timeout="0" aborted="0" inconclusive="0" passedButRunAborted="0" notRunnable="0" notExecuted="0" disconnected="0" warning="0" completed="0" inProgress="0" pending="0" />
    <Output>
      <StdOut>[xUnit.net 00:00:00.00] xUnit.net VSTest Adapter v2.8.2+699d445a1a (64-bit .NET 9.0.19)&#xD;
[xUnit.net 00:00:00.09]   Discovering: TumbangPreso.Core.Tests&#xD;
[xUnit.net 00:00:00.20]   Discovered:  TumbangPreso.Core.Tests&#xD;
[xUnit.net 00:00:00.21]   Starting:    TumbangPreso.Core.Tests&#xD;
[xUnit.net 00:00:00.32]   Finished:    TumbangPreso.Core.Tests&#xD;
</StdOut>
    </Output>
  </ResultSummary>
</TestRun>