<?xml version="1.0" encoding="utf-8"?>
<TestRun id="7fd92383-2b45-4138-84e1-8595c9d9bda1" name="@0cb6403a4672 2026-10-01 06:54:09" xmlns="http://microsoft.com/schemas/VisualStudio/TeamTest/2010">
  <Times creation="2026-10-01T06:54:09.1308448+08:00" queuing="2026-10-01T06:54:09.1308448+08:00" start="2026-10-01T06:54:08.5202341+08:00" finish="2026-10-01T06:54:09.1353365+08:00" />
  <TestSettings name="default" id="89b2ff19-f365-481f-94fe-1b04bce025a7">
    <Deployment runDeploymentRoot="_0cb6403a4672_2026-10-01_06_54_09" />
  </TestSettings>
  <Results>
    <UnitTestResult executionId="b8a37bd0-e27d-4434-94b6-6a350c465713" testId="fc483ec4-9eb1-c7a3-c6ea-0f712822bde2" testName="TumbangPreso.Core.Tests.StatusAndAmihanRulesTests.StatusesOverlapByMaxNeverAdd" computerName="0cb6403a4672" duration="00:00:00.0000890" startTime="2026-10-01T06:54:09.0270786+08:00" endTime="2026-10-01T06:54:09.0270786+08:00" testType="13cdc9d9-ddb5-4fa4-a97d-d965ccfc6d4b" outcome="Passed" testListId="8c84fa94-04c1-424b-9868-57a2d4851a1d" relativeResultsDirectory="b8a37bd0-e27d-4434-94b6-6a350c465713" />
    <UnitTestResult executionId="49e7cd8f-c2e0-4fce-9269-d0ca76b0608d" testId="aecf6f19-8f3f-f39f-cb40-edfe839dfbdf" testName="TumbangPreso.Core.Tests.StatusAndAmihanRulesTests.TheReworkKitsCarryTheOwnersNumbers" computerName="0cb6403a4672" duration="00:00:00.0023369" startTime="2026-10-01T06:54:09.0257354+08:00" endTime="2026-10-01T06:54:09.0257355+08:00" testType="13cdc9d9-ddb5-4fa4-a97d-d965ccfc6d4b" outcome="Passed" testListId="8c84fa94-04c1-424b-9868-57a2d4851a1d" relativeResultsDirectory="49e7cd8f-c2e0-4fce-9269-d0ca76b0608d" />
    <UnitTestResult executionId="44232673-e58b-463b-8ad1-78d7da6766cc" testId="45d19d1b-6de9-d8e2-98ea-b5cea4ee86c2" testName="TumbangPreso.Core.Tests.StatusAndAmihanRulesTests.AmihanUsesTheOwnersCostsAndStaysInsideTheKnockbackCap" computerName="0cb6403a4672" duration="00:00:00.0001484" startTime="2026-10-01T06:54:09.0257656+08:00" endTime="2026-10-01T06:54:09.0257656+08:00" testType="13cdc9d9-ddb5-4fa4-a97d-d965ccfc6d4b" outcome="Passed" testListId="8c84fa94-04c1-424b-9868-57a2d4851a1d" relativeResultsDirectory="44232673-e58b-463b-8ad1-78d7da6766cc" />
    <UnitTestResult executionId="84169107-e4f3-4b4a-97a0-1be02a8f4dbe" testId="61126ad7-dcb6-9670-cee9-a259699bb034" testName="TumbangPreso.Core.Tests.StatusAndAmihanRulesTests.TheReworkStatusesAreTheOwnersAnswers" computerName="0cb6403a4672" duration="00:00:00.0001310" startTime="2026-10-01T06:54:09.0272455+08:00" endTime="2026-10-01T06:54:09.0272455+08:00" testType="13cdc9d9-ddb5-4fa4-a97d-d965ccfc6d4b" outcome="Passed" testListId="8c84fa94-04c1-424b-9868-57a2d4851a1d" relativeResultsDirectory="84169107-e4f3-4b4a-97a0-1be02a8f4dbe" />
    <UnitTestResult executionId="7833fb18-6f80-4a78-b598-d89e4c213945" testId="ee34a078-e80b-230c-4491-7b949abe366d" testName="TumbangPreso.Core.Tests.StatusAndAmihanRulesTests.ACarryCoversExactlyTheWrittenDistance" computerName="0cb6403a4672" duration="00:00:00.0010360" startTime="2026-10-01T06:54:09.0254621+08:00" endTime="2026-10-01T06:54:09.0254622+08:00" testType="13cdc9d9-ddb5-4fa4-a97d-d965ccfc6d4b" outcome="Passed" testListId="8c84fa94-04c1-424b-9868-57a2d4851a1d" relativeResultsDirectory="7833fb18-6f80-4a78-b598-d89e4c213945" />
    <UnitTestResult executionId="6c5e8147-834a-41e8-9140-4967db547fa8" testId="aef284fd-c879-2eea-5474-265bba0d0d6e" testName="TumbangPreso.Core.Tests.StatusAndAmihanRulesTests.FeatherfallSnapshotAgesOnlyWithTheAdoptedSimulationClock" computerName="0cb6403a4672" duration="00:00:00.0051971" startTime="2026-10-01T06:54:09.0225086+08:00" endTime="2026-10-01T06:54:09.0225223+08:00" testType="13cdc9d9-ddb5-4fa4-a97d-d965ccfc6d4b" outcome="Passed" testListId="8c84fa94-04c1-424b-9868-57a2d4851a1d" relativeResultsDirectory="6c5e8147-834a-41e8-9140-4967db547fa8" />
    <UnitTestResult executionId="971725f6-f9ce-4097-8adb-2a28d3464601" testId="97616860-93d8-8bab-f017-7df16637ea40" testName="TumbangPreso.Core.Tests.StatusAndAmihanRulesTests.TheStatusTableIsTheOwnersTable" computerName="0cb6403a4672" duration="00:00:00.0012613" startTime="2026-10-01T06:54:09.0269687+08:00" endTime="2026-10-01T06:54:09.0269687+08:00" testType="13cdc9d9-ddb5-4fa4-a97d-d965ccfc6d4b" outcome="Passed" testListId="8c84fa94-04c1-424b-9868-57a2d4851a1d" relativeResultsDirectory="971725f6-f9ce-4097-8adb-2a28d3464601" />
    <UnitTestResult executionId="584d5523-8d5f-4996-b482-de8fdfe890a1" testId="70755510-54d9-f9fa-9d87-4d6d21b798cb" testName="TumbangPreso.Core.Tests.StatusAndAmihanRulesTests.TheSkillTreeIsSwitchedOff" computerName="0cb6403a4672" duration="00:00:00.0008815" startTime="2026-10-01T06:54:09.0281803+08:00" endTime="2026-10-01T06:54:09.0281804+08:00" testType="13cdc9d9-ddb5-4fa4-a97d-d965ccfc6d4b" outcome="Passed" testListId="8c84fa94-04c1-424b-9868-57a2d4851a1d" relativeResultsDirectory="584d5523-8d5f-4996-b482-de8fdfe890a1" />
  </Results>
  <TestDefinitions>
    <UnitTest name="TumbangPreso.Core.Tests.StatusAndAmihanRulesTests.TheReworkStatusesAreTheOwnersAnswers" storage="/workspace/shared/tumbangpreso-unity/core.tests/bin/debug/net9.0/tumbangpreso.core.tests.dll" id="61126ad7-dcb6-9670-cee9-a259699bb034">
      <Execution id="84169107-e4f3-4b4a-97a0-1be02a8f4dbe" />
      <TestMethod codeBase="/workspace/shared/TumbangPreso-Unity/Core.Tests/bin/Debug/net9.0/TumbangPreso.Core.Tests.dll" adapterTypeName="executor://xunit/VsTestRunner2/netcoreapp" className="TumbangPreso.Core.Tests.StatusAndAmihanRulesTests" name="TheReworkStatusesAreTheOwnersAnswers" />
    </UnitTest>
    <UnitTest name="TumbangPreso.Core.Tests.StatusAndAmihanRulesTests.TheReworkKitsCarryTheOwnersNumbers" storage="/workspace/shared/tumbangpreso-unity/core.tests/bin/debug/net9.0/tumbangpreso.core.tests.dll" id="aecf6f19-8f3f-f39f-cb40-edfe839dfbdf">
      <Execution id="49e7cd8f-c2e0-4fce-9269-d0ca76b0608d" />
      <TestMethod codeBase="/workspace/shared/TumbangPreso-Unity/Core.Tests/bin/Debug/net9.0/TumbangPreso.Core.Tests.dll" adapterTypeName="executor://xunit/VsTestRunner2/netcoreapp" className="TumbangPreso.Core.Tests.StatusAndAmihanRulesTests" name="TheReworkKitsCarryTheOwnersNumbers" />
    </UnitTest>
    <UnitTest name="TumbangPreso.Core.Tests.StatusAndAmihanRulesTests.TheSkillTreeIsSwitchedOff" storage="/workspace/shared/tumbangpreso-unity/core.tests/bin/debug/net9.0/tumbangpreso.core.tests.dll" id="70755510-54d9-f9fa-9d87-4d6d21b798cb">
      <Execution id="584d5523-8d5f-4996-b482-de8fdfe890a1" />
      <TestMethod codeBase="/workspace/shared/TumbangPreso-Unity/Core.Tests/bin/Debug/net9.0/TumbangPreso.Core.Tests.dll" adapterTypeName="executor://xunit/VsTestRunner2/netcoreapp" className="TumbangPreso.Core.Tests.StatusAndAmihanRulesTests" name="TheSkillTreeIsSwitchedOff" />
    </UnitTest>
    <UnitTest name="TumbangPreso.Core.Tests.StatusAndAmihanRulesTests.StatusesOverlapByMaxNeverAdd" storage="/workspace/shared/tumbangpreso-unity/core.tests/bin/debug/net9.0/tumbangpreso.core.tests.dll" id="fc483ec4-9eb1-c7a3-c6ea-0f712822bde2">
      <Execution id="b8a37bd0-e27d-4434-94b6-6a350c465713" />
      <TestMethod codeBase="/workspace/shared/TumbangPreso-Unity/Core.Tests/bin/Debug/net9.0/TumbangPreso.Core.Tests.dll" adapterTypeName="executor://xunit/VsTestRunner2/netcoreapp" className="TumbangPreso.Core.Tests.StatusAndAmihanRulesTests" name="StatusesOverlapByMaxNeverAdd" />
    </UnitTest>
    <UnitTest name="TumbangPreso.Core.Tests.StatusAndAmihanRulesTests.ACarryCoversExactlyTheWrittenDistance" storage="/workspace/shared/tumbangpreso-unity/core.tests/bin/debug/net9.0/tumbangpreso.core.tests.dll" id="ee34a078-e80b-230c-4491-7b949abe366d">
      <Execution id="7833fb18-6f80-4a78-b598-d89e4c213945" />
      <TestMethod codeBase="/workspace/shared/TumbangPreso-Unity/Core.Tests/bin/Debug/net9.0/TumbangPreso.Core.Tests.dll" adapterTypeName="executor://xunit/VsTestRunner2/netcoreapp" className="TumbangPreso.Core.Tests.StatusAndAmihanRulesTests" name="ACarryCoversExactlyTheWrittenDistance" />
    </UnitTest>
    <UnitTest name="TumbangPreso.Core.Tests.StatusAndAmihanRulesTests.TheStatusTableIsTheOwnersTable" storage="/workspace/shared/tumbangpreso-unity/core.tests/bin/debug/net9.0/tumbangpreso.core.tests.dll" id="97616860-93d8-8bab-f017-7df16637ea40">
      <Execution id="971725f6-f9ce-4097-8adb-2a28d3464601" />
      <TestMethod codeBase="/workspace/shared/TumbangPreso-Unity/Core.Tests/bin/Debug/net9.0/TumbangPreso.Core.Tests.dll" adapterTypeName="executor://xunit/VsTestRunner2/netcoreapp" className="TumbangPreso.Core.Tests.StatusAndAmihanRulesTests" name="TheStatusTableIsTheOwnersTable" />
    </UnitTest>
    <UnitTest name="TumbangPreso.Core.Tests.StatusAndAmihanRulesTests.FeatherfallSnapshotAgesOnlyWithTheAdoptedSimulationClock" storage="/workspace/shared/tumbangpreso-unity/core.tests/bin/debug/net9.0/tumbangpreso.core.tests.dll" id="aef284fd-c879-2eea-5474-265bba0d0d6e">
      <Execution id="6c5e8147-834a-41e8-9140-4967db547fa8" />
      <TestMethod codeBase="/workspace/shared/TumbangPreso-Unity/Core.Tests/bin/Debug/net9.0/TumbangPreso.Core.Tests.dll" adapterTypeName="executor://xunit/VsTestRunner2/netcoreapp" className="TumbangPreso.Core.Tests.StatusAndAmihanRulesTests" name="FeatherfallSnapshotAgesOnlyWithTheAdoptedSimulationClock" />
    </UnitTest>
    <UnitTest name="TumbangPreso.Core.Tests.StatusAndAmihanRulesTests.AmihanUsesTheOwnersCostsAndStaysInsideTheKnockbackCap" storage="/workspace/shared/tumbangpreso-unity/core.tests/bin/debug/net9.0/tumbangpreso.core.tests.dll" id="45d19d1b-6de9-d8e2-98ea-b5cea4ee86c2">
      <Execution id="44232673-e58b-463b-8ad1-78d7da6766cc" />
      <TestMethod codeBase="/workspace/shared/TumbangPreso-Unity/Core.Tests/bin/Debug/net9.0/TumbangPreso.Core.Tests.dll" adapterTypeName="executor://xunit/VsTestRunner2/netcoreapp" className="TumbangPreso.Core.Tests.StatusAndAmihanRulesTests" name="AmihanUsesTheOwnersCostsAndStaysInsideTheKnockbackCap" />
    </UnitTest>
  </TestDefinitions>
  <TestEntries>
    <TestEntry testId="fc483ec4-9eb1-c7a3-c6ea-0f712822bde2" executionId="b8a37bd0-e27d-4434-94b6-6a350c465713" testListId="8c84fa94-04c1-424b-9868-57a2d4851a1d" />
    <TestEntry testId="aecf6f19-8f3f-f39f-cb40-edfe839dfbdf" executionId="49e7cd8f-c2e0-4fce-9269-d0ca76b0608d" testListId="8c84fa94-04c1-424b-9868-57a2d4851a1d" />
    <TestEntry testId="45d19d1b-6de9-d8e2-98ea-b5cea4ee86c2" executionId="44232673-e58b-463b-8ad1-78d7da6766cc" testListId="8c84fa94-04c1-424b-9868-57a2d4851a1d" />
    <TestEntry testId="61126ad7-dcb6-9670-cee9-a259699bb034" executionId="84169107-e4f3-4b4a-97a0-1be02a8f4dbe" testListId="8c84fa94-04c1-424b-9868-57a2d4851a1d" />
    <TestEntry testId="ee34a078-e80b-230c-4491-7b949abe366d" executionId="7833fb18-6f80-4a78-b598-d89e4c213945" testListId="8c84fa94-04c1-424b-9868-57a2d4851a1d" />
    <TestEntry testId="aef284fd-c879-2eea-5474-265bba0d0d6e" executionId="6c5e8147-834a-41e8-9140-4967db547fa8" testListId="8c84fa94-04c1-424b-9868-57a2d4851a1d" />
    <TestEntry testId="97616860-93d8-8bab-f017-7df16637ea40" executionId="971725f6-f9ce-4097-8adb-2a28d3464601" testListId="8c84fa94-04c1-424b-9868-57a2d4851a1d" />
    <TestEntry testId="70755510-54d9-f9fa-9d87-4d6d21b798cb" executionId="584d5523-8d5f-4996-b482-de8fdfe890a1" testListId="8c84fa94-04c1-424b-9868-57a2d4851a1d" />
  </TestEntries>
  <TestLists>
    <TestList name="Results Not in a List" id="8c84fa94-04c1-424b-9868-57a2d4851a1d" />
    <TestList name="All Loaded Results" id="19431567-8539-422a-85d7-44ee4e166bda" />
  </TestLists>
  <ResultSummary outcome="Completed">
    <Counters total="8" executed="8" passed="8" failed="0" error="0" timeout="0" aborted="0" inconclusive="0" passedButRunAborted="0" notRunnable="0" notExecuted="0" disconnected="0" warning="0" completed="0" inProgress="0" pending="0" />
    <Output>
      <StdOut>[xUnit.net 00:00:00.00] xUnit.net VSTest Adapter v2.8.2+699d445a1a (64-bit .NET 9.0.20)
[xUnit.net 00:00:00.05]   Discovering: TumbangPreso.Core.Tests
[xUnit.net 00:00:00.13]   Discovered:  TumbangPreso.Core.Tests
[xUnit.net 00:00:00.14]   Starting:    TumbangPreso.Core.Tests
[xUnit.net 00:00:00.19]   Finished:    TumbangPreso.Core.Tests
</StdOut>
    </Output>
  </ResultSummary>
</TestRun>